<html>
<body>
<pre>
<h1>µVision Build Log</h1>
<h2>Tool Versions:</h2>
IDE-Version: ¦ÌVision V5.25.2.0
Copyright (C) 2018 ARM Ltd and ARM Germany GmbH. All rights reserved.
License Information: Rui Wong, EvenTec, LIC=LJWQD-8ETK6-24PSS-LM0S4-77GGA-DGRDI
 
Tool Versions:
Toolchain:       MDK-ARM Professional  Version: 5.25.2.0
Toolchain Path:  D:\Program Files (x86)\Keil_v5\ARM\ARMCC\Bin
C Compiler:      Armcc.exe V5.06 update 6 (build 750)
Assembler:       Armasm.exe V5.06 update 6 (build 750)
Linker/Locator:  ArmLink.exe V5.06 update 6 (build 750)
Library Manager: ArmAr.exe V5.06 update 6 (build 750)
Hex Converter:   FromElf.exe V5.06 update 6 (build 750)
CPU DLL:         SARMCM3.DLL V5.25.2.0
Dialog DLL:      DCM.DLL V1.17.1.0
Target DLL:      Segger\JL2CM3.dll V2.99.29.0
Dialog DLL:      TCM.DLL V1.35.1.0
 
<h2>Project:</h2>
F:\PersonalWorkSpace\GitHub_WorkSpace\RT-Thread\rtt-prj\bsp\stm32f334-HAL\project.uvprojx
Project File Date:  06/13/2018

<h2>Output:</h2>
*** Using Compiler 'V5.06 update 6 (build 750)', folder: 'D:\Program Files (x86)\Keil_v5\ARM\ARMCC\Bin'
Build target 'rt-thread_stm32f3xx'
compiling led.c...
compiling board.c...
compiling main.c...
applications\main.c(23): warning:  #177-D: variable "tid"  was declared but never referenced
      rt_thread_t tid,tid2,tid3,tid4,tid5;
applications\main.c: 1 warning, 0 errors
compiling stm32f4xx_it.c...
compiling system_stm32f3xx.c...
compiling drv_usart.c...
compiling drv_gpio.c...
compiling stm32f3xx_hal.c...
compiling stm32f3xx_hal_cortex.c...
compiling stm32f3xx_hal_gpio.c...
compiling stm32f3xx_hal_iwdg.c...
compiling stm32f3xx_hal_rcc_ex.c...
compiling stm32f3xx_hal_rcc.c...
compiling stm32f3xx_hal_uart_ex.c...
compiling stm32f3xx_hal_usart.c...
compiling stm32f3xx_hal_uart.c...
compiling clock.c...
compiling components.c...
compiling device.c...
compiling idle.c...
compiling irq.c...
compiling ipc.c...
compiling mem.c...
compiling kservice.c...
compiling mempool.c...
compiling object.c...
compiling scheduler.c...
compiling signal.c...
compiling thread.c...
compiling timer.c...
compiling backtrace.c...
compiling cpuport.c...
compiling showmem.c...
compiling pin.c...
compiling completion.c...
compiling serial.c...
compiling dataqueue.c...
compiling pipe.c...
compiling ringbuffer.c...
compiling waitqueue.c...
compiling workqueue.c...
compiling shell.c...
compiling symbol.c...
compiling stm32f3xx_hal_dma.c...
compiling cmd.c...
compiling msh_cmd.c...
compiling msh.c...
compiling msh_file.c...
compiling finsh_error.c...
compiling finsh_compiler.c...
compiling finsh_heap.c...
compiling finsh_init.c...
compiling finsh_node.c...
compiling finsh_ops.c...
compiling finsh_parser.c...
compiling finsh_var.c...
compiling finsh_vm.c...
compiling finsh_token.c...
linking...
Program Size: Code=53628 RO-data=4300 RW-data=520 ZI-data=8064  
FromELF: creating hex file...
After Build - User command #1: fromelf --bin .\build\rtthread-stm32f3xx.axf --output rtthread-stm32f3xx.bin
".\build\rtthread-stm32f3xx.axf" - 0 Error(s), 1 Warning(s).

<h2>Software Packages used:</h2>

Package Vendor: Keil
                http://www.keil.com/pack/Keil.STM32F3xx_DFP.2.1.0.pack
                Keil.STM32F3xx_DFP.2.1.0
                STMicroelectronics STM32F3 Series Device Support and Examples

<h2>Collection of Component include folders:</h2>
  .\RTE\_rt-thread_stm32f3xx
  D:\Program Files (x86)\Keil_v5\ARM\PACK\Keil\STM32F3xx_DFP\2.1.0\Drivers\CMSIS\Device\ST\STM32F3xx\Include

<h2>Collection of Component Files used:</h2>
Build Time Elapsed:  00:00:19
</pre>
</body>
</html>
