Component: ARM Compiler 5.06 update 6 (build 750) Tool: armlink [4d35ed]

==============================================================================

Section Cross References

    led.o(.text) refers to pin.o(.text) for rt_pin_write
    led.o(.text) refers to thread.o(.text) for rt_thread_delay
    led.o(.text) refers to ipc.o(.text) for rt_sem_create
    led.o(.text) refers to kservice.o(.text) for rt_kprintf
    led.o(.text) refers to led.o(.data) for sem_led
    main.o(.text) refers to thread.o(.text) for rt_thread_create
    main.o(.text) refers to led.o(.text) for led_init
    main.o(.text) refers to main.o(.data) for led_no
    board.o(.text) refers to stm32f3xx_hal_rcc.o(.text) for HAL_RCC_OscConfig
    board.o(.text) refers to main.o(.text) for _Error_Handler
    board.o(.text) refers to stm32f3xx_hal_rcc_ex.o(.text) for HAL_RCCEx_PeriphCLKConfig
    board.o(.text) refers to stm32f3xx_hal_cortex.o(.text) for HAL_SYSTICK_Config
    board.o(.text) refers to irq.o(.text) for rt_interrupt_enter
    board.o(.text) refers to stm32f3xx_hal.o(.text) for HAL_IncTick
    board.o(.text) refers to clock.o(.text) for rt_tick_increase
    board.o(.text) refers to thread.o(.text) for rt_thread_delay
    board.o(.text) refers to mem.o(.text) for rt_system_heap_init
    board.o(.text) refers to components.o(.text) for rt_components_board_init
    board.o(.text) refers to kservice.o(.text) for rt_console_set_device
    drv_gpio.o(.text) refers to stm32f3xx_hal_gpio.o(.text) for HAL_GPIO_WritePin
    drv_gpio.o(.text) refers to context_rvds.o(.text) for rt_hw_interrupt_disable
    drv_gpio.o(.text) refers to stm32f3xx_hal_cortex.o(.text) for HAL_NVIC_SetPriority
    drv_gpio.o(.text) refers to pin.o(.text) for rt_device_pin_register
    drv_gpio.o(.text) refers to drv_gpio.o(.constdata) for pins
    drv_gpio.o(.text) refers to drv_gpio.o(.data) for pin_irq_hdr_tab
    drv_gpio.o(.text) refers to irq.o(.text) for rt_interrupt_enter
    drv_gpio.o(.constdata) refers to drv_gpio.o(.text) for GPIOC_CLK_ENABLE
    drv_gpio.o(.rti_fn.1) refers to drv_gpio.o(.text) for rt_hw_pin_init
    drv_usart.o(.text) refers to stm32f3xx_hal_uart.o(.text) for HAL_UART_Init
    drv_usart.o(.text) refers to irq.o(.text) for rt_interrupt_enter
    drv_usart.o(.text) refers to serial.o(.text) for rt_hw_serial_isr
    drv_usart.o(.text) refers to stm32f3xx_hal_gpio.o(.text) for HAL_GPIO_Init
    drv_usart.o(.text) refers to drv_usart.o(.bss) for uart1
    drv_usart.o(.text) refers to drv_usart.o(.constdata) for .constdata
    drv_usart.o(.constdata) refers to drv_usart.o(.text) for drv_configure
    drv_usart.o(.rti_fn.1) refers to drv_usart.o(.text) for hw_usart_init
    system_stm32f3xx.o(.text) refers to system_stm32f3xx.o(.data) for SystemCoreClock
    system_stm32f3xx.o(.text) refers to system_stm32f3xx.o(.constdata) for AHBPrescTable
    startup_stm32f334x8.o(STACK) refers (Special) to heapauxi.o(.text) for __use_two_region_memory
    startup_stm32f334x8.o(HEAP) refers (Special) to heapauxi.o(.text) for __use_two_region_memory
    startup_stm32f334x8.o(RESET) refers (Special) to heapauxi.o(.text) for __use_two_region_memory
    startup_stm32f334x8.o(RESET) refers to startup_stm32f334x8.o(STACK) for __initial_sp
    startup_stm32f334x8.o(RESET) refers to startup_stm32f334x8.o(.text) for Reset_Handler
    startup_stm32f334x8.o(RESET) refers to stm32f4xx_it.o(.text) for NMI_Handler
    startup_stm32f334x8.o(RESET) refers to context_rvds.o(.text) for HardFault_Handler
    startup_stm32f334x8.o(RESET) refers to board.o(.text) for SysTick_Handler
    startup_stm32f334x8.o(RESET) refers to drv_gpio.o(.text) for EXTI0_IRQHandler
    startup_stm32f334x8.o(RESET) refers to drv_usart.o(.text) for USART1_IRQHandler
    startup_stm32f334x8.o(.text) refers (Special) to heapauxi.o(.text) for __use_two_region_memory
    startup_stm32f334x8.o(.text) refers to system_stm32f3xx.o(.text) for SystemInit
    startup_stm32f334x8.o(.text) refers to __main.o(!!!main) for __main
    startup_stm32f334x8.o(.text) refers to startup_stm32f334x8.o(HEAP) for Heap_Mem
    startup_stm32f334x8.o(.text) refers to startup_stm32f334x8.o(STACK) for Stack_Mem
    stm32f3xx_hal.o(.text) refers to stm32f3xx_hal_cortex.o(.text) for HAL_SYSTICK_Config
    stm32f3xx_hal.o(.text) refers to board.o(.text) for HAL_InitTick
    stm32f3xx_hal.o(.text) refers to system_stm32f3xx.o(.data) for SystemCoreClock
    stm32f3xx_hal.o(.text) refers to stm32f3xx_hal.o(.data) for uwTick
    stm32f3xx_hal_gpio.o(.text) refers to drv_gpio.o(.text) for HAL_GPIO_EXTI_Callback
    stm32f3xx_hal_iwdg.o(.text) refers to stm32f3xx_hal.o(.text) for HAL_GetTick
    stm32f3xx_hal_rcc.o(.text) refers to stm32f3xx_hal.o(.text) for HAL_GetTick
    stm32f3xx_hal_rcc.o(.text) refers to system_stm32f3xx.o(.data) for SystemCoreClock
    stm32f3xx_hal_rcc.o(.text) refers to stm32f3xx_hal_rcc.o(.constdata) for aPLLMULFactorTable
    stm32f3xx_hal_rcc.o(.text) refers to board.o(.text) for HAL_InitTick
[...]
    __rt_entry_li                            0x08000261   Thumb Code     0  __rtentry2.o(.ARM.Collect$$rtentry$$0000000A)
    __rt_entry_postsh_1                      0x08000261   Thumb Code     0  __rtentry2.o(.ARM.Collect$$rtentry$$00000009)
    __rt_entry_main                          0x08000265   Thumb Code     0  __rtentry2.o(.ARM.Collect$$rtentry$$0000000D)
    __rt_entry_postli_1                      0x08000265   Thumb Code     0  __rtentry2.o(.ARM.Collect$$rtentry$$0000000C)
    __rt_exit                                0x0800026d   Thumb Code     0  rtexit.o(.ARM.Collect$$rtexit$$00000000)
    __rt_exit_ls                             0x0800026f   Thumb Code     0  rtexit2.o(.ARM.Collect$$rtexit$$00000003)
    __rt_exit_prels_1                        0x0800026f   Thumb Code     0  rtexit2.o(.ARM.Collect$$rtexit$$00000002)
    __rt_exit_exit                           0x08000273   Thumb Code     0  rtexit2.o(.ARM.Collect$$rtexit$$00000004)
    led_flow                                 0x08000279   Thumb Code   128  led.o(.text)
    led_init                                 0x080002f9   Thumb Code    92  led.o(.text)
    led_on                                   0x08000355   Thumb Code   106  led.o(.text)
    $Super$$main                             0x08000459   Thumb Code   154  main.o(.text)
    _Error_Handler                           0x080004f3   Thumb Code     4  main.o(.text)
    SysTick_Handler                          0x080005cb   Thumb Code    20  board.o(.text)
    HAL_InitTick                             0x080005df   Thumb Code    34  board.o(.text)
    HAL_Delay                                0x08000601   Thumb Code    10  board.o(.text)
    HAL_SuspendTick                          0x0800060b   Thumb Code     2  board.o(.text)
    HAL_ResumeTick                           0x0800060d   Thumb Code     2  board.o(.text)
    HAL_MspInit                              0x0800060f   Thumb Code    86  board.o(.text)
    rt_hw_board_init                         0x08000665   Thumb Code    30  board.o(.text)
    NMI_Handler                              0x080006a5   Thumb Code     2  stm32f4xx_it.o(.text)
    MemManage_Handler                        0x080006a7   Thumb Code     4  stm32f4xx_it.o(.text)
    BusFault_Handler                         0x080006ab   Thumb Code     4  stm32f4xx_it.o(.text)
    UsageFault_Handler                       0x080006af   Thumb Code     4  stm32f4xx_it.o(.text)
    SVC_Handler                              0x080006b3   Thumb Code     2  stm32f4xx_it.o(.text)
    get_pin                                  0x08000715   Thumb Code    26  drv_gpio.o(.text)
    stm32_pin_write                          0x0800072f   Thumb Code    40  drv_gpio.o(.text)
    stm32_pin_read                           0x08000757   Thumb Code    42  drv_gpio.o(.text)
    stm32_pin_mode                           0x08000781   Thumb Code   120  drv_gpio.o(.text)
    stm32_pin_attach_irq                     0x08000817   Thumb Code   216  drv_gpio.o(.text)
    stm32_pin_dettach_irq                    0x080008ef   Thumb Code   134  drv_gpio.o(.text)
    stm32_pin_irq_enable                     0x08000975   Thumb Code   252  drv_gpio.o(.text)
    rt_hw_pin_init                           0x08000a71   Thumb Code    18  drv_gpio.o(.text)
    HAL_GPIO_EXTI_Callback                   0x08000a83   Thumb Code    92  drv_gpio.o(.text)
    EXTI0_IRQHandler                         0x08000adf   Thumb Code    18  drv_gpio.o(.text)
    EXTI1_IRQHandler                         0x08000af1   Thumb Code    18  drv_gpio.o(.text)
    EXTI2_IRQHandler                         0x08000b03   Thumb Code    18  drv_gpio.o(.text)
    EXTI3_IRQHandler                         0x08000b15   Thumb Code    18  drv_gpio.o(.text)
    EXTI4_IRQHandler                         0x08000b27   Thumb Code    18  drv_gpio.o(.text)
    EXTI9_5_IRQHandler                       0x08000b39   Thumb Code    46  drv_gpio.o(.text)
    EXTI15_10_IRQHandler                     0x08000b67   Thumb Code    60  drv_gpio.o(.text)
    USART1_IRQHandler                        0x08000cdf   Thumb Code    48  drv_usart.o(.text)
    HAL_UART_MspInit                         0x08000d0f   Thumb Code   198  drv_usart.o(.text)
    HAL_UART_MspDeInit                       0x08000dd5   Thumb Code    70  drv_usart.o(.text)
    hw_usart_init                            0x08000e1b   Thumb Code    54  drv_usart.o(.text)
    SystemInit                               0x08000e79   Thumb Code   104  system_stm32f3xx.o(.text)
    SystemCoreClockUpdate                    0x08000ee1   Thumb Code   138  system_stm32f3xx.o(.text)
    Reset_Handler                            0x08000f91   Thumb Code     8  startup_stm32f334x8.o(.text)
    DebugMon_Handler                         0x08000fa5   Thumb Code     2  startup_stm32f334x8.o(.text)
    ADC1_2_IRQHandler                        0x08000fab   Thumb Code     0  startup_stm32f334x8.o(.text)
    CAN_RX0_IRQHandler                       0x08000fab   Thumb Code     0  startup_stm32f334x8.o(.text)
    CAN_RX1_IRQHandler                       0x08000fab   Thumb Code     0  startup_stm32f334x8.o(.text)
    CAN_SCE_IRQHandler                       0x08000fab   Thumb Code     0  startup_stm32f334x8.o(.text)
    CAN_TX_IRQHandler                        0x08000fab   Thumb Code     0  startup_stm32f334x8.o(.text)
    COMP2_IRQHandler                         0x08000fab   Thumb Code     0  startup_stm32f334x8.o(.text)
    COMP4_6_IRQHandler                       0x08000fab   Thumb Code     0  startup_stm32f334x8.o(.text)
    DMA1_Channel1_IRQHandler                 0x08000fab   Thumb Code     0  startup_stm32f334x8.o(.text)
    DMA1_Channel2_IRQHandler                 0x08000fab   Thumb Code     0  startup_stm32f334x8.o(.text)
    DMA1_Channel3_IRQHandler                 0x08000fab   Thumb Code     0  startup_stm32f334x8.o(.text)
    DMA1_Channel4_IRQHandler                 0x08000fab   Thumb Code     0  startup_stm32f334x8.o(.text)
    DMA1_Channel5_IRQHandler                 0x08000fab   Thumb Code     0  startup_stm32f334x8.o(.text)
    DMA1_Channel6_IRQHandler                 0x08000fab   Thumb Code     0  startup_stm32f334x8.o(.text)
    DMA1_Channel7_IRQHandler                 0x08000fab   Thumb Code     0  startup_stm32f334x8.o(.text)
    EXTI2_TSC_IRQHandler                     0x08000fab   Thumb Code     0  startup_stm32f334x8.o(.text)
    FLASH_IRQHandler                         0x08000fab   Thumb Code     0  startup_stm32f334x8.o(.text)
    FPU_IRQHandler                           0x08000fab   Thumb Code     0  startup_stm32f334x8.o(.text)
    HRTIM1_FLT_IRQHandler                    0x08000fab   Thumb Code     0  startup_stm32f334x8.o(.text)
    HRTIM1_Master_IRQHandler                 0x08000fab   Thumb Code     0  startup_stm32f334x8.o(.text)
    HRTIM1_TIMA_IRQHandler                   0x08000fab   Thumb Code     0  startup_stm32f334x8.o(.text)
    HRTIM1_TIMB_IRQHandler                   0x08000fab   Thumb Code     0  startup_stm32f334x8.o(.text)
    HRTIM1_TIMC_IRQHandler                   0x08000fab   Thumb Code     0  startup_stm32f334x8.o(.text)
    HRTIM1_TIMD_IRQHandler                   0x08000fab   Thumb Code     0  startup_stm32f334x8.o(.text)
    HRTIM1_TIME_IRQHandler                   0x08000fab   Thumb Code     0  startup_stm32f334x8.o(.text)
    I2C1_ER_IRQHandler                       0x08000fab   Thumb Code     0  startup_stm32f334x8.o(.text)
    I2C1_EV_IRQHandler                       0x08000fab   Thumb Code     0  startup_stm32f334x8.o(.text)
    PVD_IRQHandler                           0x08000fab   Thumb Code     0  startup_stm32f334x8.o(.text)
    RCC_IRQHandler                           0x08000fab   Thumb Code     0  startup_stm32f334x8.o(.text)
    RTC_Alarm_IRQHandler                     0x08000fab   Thumb Code     0  startup_stm32f334x8.o(.text)
    RTC_WKUP_IRQHandler                      0x08000fab   Thumb Code     0  startup_stm32f334x8.o(.text)
    SPI1_IRQHandler                          0x08000fab   Thumb Code     0  startup_stm32f334x8.o(.text)
    TAMP_STAMP_IRQHandler                    0x08000fab   Thumb Code     0  startup_stm32f334x8.o(.text)
    TIM1_BRK_TIM15_IRQHandler                0x08000fab   Thumb Code     0  startup_stm32f334x8.o(.text)
    TIM1_CC_IRQHandler                       0x08000fab   Thumb Code     0  startup_stm32f334x8.o(.text)
    TIM1_TRG_COM_TIM17_IRQHandler            0x08000fab   Thumb Code     0  startup_stm32f334x8.o(.text)
    TIM1_UP_TIM16_IRQHandler                 0x08000fab   Thumb Code     0  startup_stm32f334x8.o(.text)
    TIM2_IRQHandler                          0x08000fab   Thumb Code     0  startup_stm32f334x8.o(.text)
    TIM3_IRQHandler                          0x08000fab   Thumb Code     0  startup_stm32f334x8.o(.text)
    TIM6_DAC1_IRQHandler                     0x08000fab   Thumb Code     0  startup_stm32f334x8.o(.text)
    TIM7_DAC2_IRQHandler                     0x08000fab   Thumb Code     0  startup_stm32f334x8.o(.text)
    USART2_IRQHandler                        0x08000fab   Thumb Code     0  startup_stm32f334x8.o(.text)
    USART3_IRQHandler                        0x08000fab   Thumb Code     0  startup_stm32f334x8.o(.text)
    WWDG_IRQHandler                          0x08000fab   Thumb Code     0  startup_stm32f334x8.o(.text)
    __user_initial_stackheap                 0x08000fad   Thumb Code     0  startup_stm32f334x8.o(.text)
    HAL_Init                                 0x08000ff7   Thumb Code    34  stm32f3xx_hal.o(.text)
    HAL_MspDeInit                            0x08001019   Thumb Code     2  stm32f3xx_hal.o(.text)
    HAL_DeInit                               0x0800101b   Thumb Code    38  stm32f3xx_hal.o(.text)
    HAL_IncTick                              0x08001041   Thumb Code    12  stm32f3xx_hal.o(.text)
    HAL_GetTick                              0x0800104d   Thumb Code     6  stm32f3xx_hal.o(.text)
    HAL_GetHalVersion                        0x08001095   Thumb Code     4  stm32f3xx_hal.o(.text)
    HAL_GetREVID                             0x08001099   Thumb Code     8  stm32f3xx_hal.o(.text)
    HAL_GetDEVID                             0x080010a1   Thumb Code    10  stm32f3xx_hal.o(.text)
    HAL_GetUIDw0                             0x080010ab   Thumb Code     6  stm32f3xx_hal.o(.text)
    HAL_GetUIDw1                             0x080010b1   Thumb Code     8  stm32f3xx_hal.o(.text)
    HAL_GetUIDw2                             0x080010b9   Thumb Code     8  stm32f3xx_hal.o(.text)
    HAL_DBGMCU_EnableDBGSleepMode            0x080010c1   Thumb Code    14  stm32f3xx_hal.o(.text)
    HAL_DBGMCU_DisableDBGSleepMode           0x080010cf   Thumb Code    14  stm32f3xx_hal.o(.text)
    HAL_DBGMCU_EnableDBGStopMode             0x080010dd   Thumb Code    14  stm32f3xx_hal.o(.text)
    HAL_DBGMCU_DisableDBGStopMode            0x080010eb   Thumb Code    14  stm32f3xx_hal.o(.text)
    HAL_DBGMCU_EnableDBGStandbyMode          0x080010f9   Thumb Code    14  stm32f3xx_hal.o(.text)
    HAL_DBGMCU_DisableDBGStandbyMode         0x08001107   Thumb Code    14  stm32f3xx_hal.o(.text)
    HAL_NVIC_SetPriorityGrouping             0x08001151   Thumb Code    36  stm32f3xx_hal_cortex.o(.text)
    HAL_NVIC_SetPriority                     0x08001175   Thumb Code   124  stm32f3xx_hal_cortex.o(.text)
    HAL_NVIC_EnableIRQ                       0x080011f1   Thumb Code    26  stm32f3xx_hal_cortex.o(.text)
    HAL_NVIC_DisableIRQ                      0x0800120b   Thumb Code    22  stm32f3xx_hal_cortex.o(.text)
    HAL_NVIC_SystemReset                     0x08001221   Thumb Code    64  stm32f3xx_hal_cortex.o(.text)
    HAL_SYSTICK_Config                       0x08001261   Thumb Code    52  stm32f3xx_hal_cortex.o(.text)
    HAL_NVIC_GetPriorityGrouping             0x08001295   Thumb Code     8  stm32f3xx_hal_cortex.o(.text)
    HAL_NVIC_GetPriority                     0x0800129d   Thumb Code   138  stm32f3xx_hal_cortex.o(.text)
    HAL_NVIC_SetPendingIRQ                   0x08001327   Thumb Code    24  stm32f3xx_hal_cortex.o(.text)
    HAL_NVIC_GetPendingIRQ                   0x0800133f   Thumb Code    38  stm32f3xx_hal_cortex.o(.text)
    HAL_NVIC_ClearPendingIRQ                 0x08001365   Thumb Code    22  stm32f3xx_hal_cortex.o(.text)
    HAL_NVIC_GetActive                       0x0800137b   Thumb Code    38  stm32f3xx_hal_cortex.o(.text)
    HAL_SYSTICK_CLKSourceConfig              0x080013a1   Thumb Code    40  stm32f3xx_hal_cortex.o(.text)
    HAL_SYSTICK_Callback                     0x080013c9   Thumb Code     2  stm32f3xx_hal_cortex.o(.text)
    HAL_SYSTICK_IRQHandler                   0x080013cb   Thumb Code     8  stm32f3xx_hal_cortex.o(.text)
    HAL_GPIO_Init                            0x080013f5   Thumb Code   422  stm32f3xx_hal_gpio.o(.text)
    HAL_GPIO_DeInit                          0x0800159b   Thumb Code   252  stm32f3xx_hal_gpio.o(.text)
    HAL_GPIO_ReadPin                         0x08001697   Thumb Code    16  stm32f3xx_hal_gpio.o(.text)
    HAL_GPIO_WritePin                        0x080016a7   Thumb Code    10  stm32f3xx_hal_gpio.o(.text)
    HAL_GPIO_TogglePin                       0x080016b1   Thumb Code     8  stm32f3xx_hal_gpio.o(.text)
    HAL_GPIO_LockPin                         0x080016b9   Thumb Code    46  stm32f3xx_hal_gpio.o(.text)
    HAL_GPIO_EXTI_IRQHandler                 0x080016e9   Thumb Code    28  stm32f3xx_hal_gpio.o(.text)
    HAL_RCC_DeInit                           0x0800171d   Thumb Code    64  stm32f3xx_hal_rcc.o(.text)
    HAL_RCC_OscConfig                        0x0800175d   Thumb Code  2570  stm32f3xx_hal_rcc.o(.text)
    HAL_RCC_GetSysClockFreq                  0x08002167   Thumb Code   120  stm32f3xx_hal_rcc.o(.text)
    HAL_RCC_ClockConfig                      0x080021df   Thumb Code   760  stm32f3xx_hal_rcc.o(.text)
    HAL_RCC_MCOConfig                        0x080024d7   Thumb Code    92  stm32f3xx_hal_rcc.o(.text)
    HAL_RCC_EnableCSS                        0x08002533   Thumb Code    20  stm32f3xx_hal_rcc.o(.text)
    HAL_RCC_DisableCSS                       0x08002547   Thumb Code    22  stm32f3xx_hal_rcc.o(.text)
    HAL_RCC_GetHCLKFreq                      0x0800255d   Thumb Code     6  stm32f3xx_hal_rcc.o(.text)
    HAL_RCC_GetPCLK1Freq                     0x08002563   Thumb Code    36  stm32f3xx_hal_rcc.o(.text)
    HAL_RCC_GetPCLK2Freq                     0x08002587   Thumb Code    36  stm32f3xx_hal_rcc.o(.text)
    HAL_RCC_GetOscConfig                     0x080025ab   Thumb Code   208  stm32f3xx_hal_rcc.o(.text)
    HAL_RCC_GetClockConfig                   0x0800267b   Thumb Code    58  stm32f3xx_hal_rcc.o(.text)
    HAL_RCC_CSSCallback                      0x080026b5   Thumb Code     2  stm32f3xx_hal_rcc.o(.text)
    HAL_RCC_NMI_IRQHandler                   0x080026b7   Thumb Code    26  stm32f3xx_hal_rcc.o(.text)
    HAL_RCCEx_PeriphCLKConfig                0x080026e9   Thumb Code   514  stm32f3xx_hal_rcc_ex.o(.text)
    HAL_RCCEx_GetPeriphCLKConfig             0x080028eb   Thumb Code    90  stm32f3xx_hal_rcc_ex.o(.text)
    HAL_RCCEx_GetPeriphCLKFreq               0x08002985   Thumb Code   422  stm32f3xx_hal_rcc_ex.o(.text)
    UART_WaitOnFlagUntilTimeout              0x08002b31   Thumb Code   108  stm32f3xx_hal_uart.o(.text)
    UART_CheckIdleState                      0x08002b9d   Thumb Code   116  stm32f3xx_hal_uart.o(.text)
    UART_AdvFeatureConfig                    0x08002c11   Thumb Code   234  stm32f3xx_hal_uart.o(.text)
    UART_SetConfig                           0x08002cfb   Thumb Code   498  stm32f3xx_hal_uart.o(.text)
    HAL_UART_Init                            0x08002eef   Thumb Code   120  stm32f3xx_hal_uart.o(.text)
    HAL_HalfDuplex_Init                      0x08002f67   Thumb Code   124  stm32f3xx_hal_uart.o(.text)
    HAL_LIN_Init                             0x08002fe3   Thumb Code   160  stm32f3xx_hal_uart.o(.text)
    HAL_MultiProcessor_Init                  0x08003083   Thumb Code   178  stm32f3xx_hal_uart.o(.text)
    HAL_UART_DeInit                          0x08003137   Thumb Code    72  stm32f3xx_hal_uart.o(.text)
    HAL_UART_Transmit                        0x0800317f   Thumb Code   198  stm32f3xx_hal_uart.o(.text)
    HAL_UART_Receive                         0x08003245   Thumb Code   274  stm32f3xx_hal_uart.o(.text)
    HAL_UART_Transmit_IT                     0x08003357   Thumb Code    90  stm32f3xx_hal_uart.o(.text)
    HAL_UART_Receive_IT                      0x080033b1   Thumb Code   188  stm32f3xx_hal_uart.o(.text)
    HAL_UART_ErrorCallback                   0x0800346d   Thumb Code     2  stm32f3xx_hal_uart.o(.text)
    HAL_UART_TxHalfCpltCallback              0x080034f5   Thumb Code     2  stm32f3xx_hal_uart.o(.text)
    HAL_UART_TxCpltCallback                  0x08003505   Thumb Code     2  stm32f3xx_hal_uart.o(.text)
    HAL_UART_Transmit_DMA                    0x0800353f   Thumb Code   142  stm32f3xx_hal_uart.o(.text)
    HAL_UART_RxHalfCpltCallback              0x080035cd   Thumb Code     2  stm32f3xx_hal_uart.o(.text)
    HAL_UART_RxCpltCallback                  0x080035dd   Thumb Code     2  stm32f3xx_hal_uart.o(.text)
    HAL_UART_Receive_DMA                     0x08003627   Thumb Code   156  stm32f3xx_hal_uart.o(.text)
    HAL_UART_DMAPause                        0x080036c3   Thumb Code   122  stm32f3xx_hal_uart.o(.text)
    HAL_UART_DMAResume                       0x0800373d   Thumb Code   108  stm32f3xx_hal_uart.o(.text)
    HAL_UART_DMAStop                         0x080037a9   Thumb Code   100  stm32f3xx_hal_uart.o(.text)
    HAL_UART_Abort                           0x0800380d   Thumb Code   134  stm32f3xx_hal_uart.o(.text)
    HAL_UART_AbortTransmit                   0x08003893   Thumb Code    70  stm32f3xx_hal_uart.o(.text)
    HAL_UART_AbortReceive                    0x080038d9   Thumb Code    88  stm32f3xx_hal_uart.o(.text)
    HAL_UART_AbortCpltCallback               0x08003931   Thumb Code     2  stm32f3xx_hal_uart.o(.text)
    HAL_UART_Abort_IT                        0x080039c1   Thumb Code   216  stm32f3xx_hal_uart.o(.text)
    HAL_UART_AbortTransmitCpltCallback       0x08003a99   Thumb Code     2  stm32f3xx_hal_uart.o(.text)
    HAL_UART_AbortTransmit_IT                0x08003ab5   Thumb Code   106  stm32f3xx_hal_uart.o(.text)
    HAL_UART_AbortReceiveCpltCallback        0x08003b1f   Thumb Code     2  stm32f3xx_hal_uart.o(.text)
    HAL_UART_AbortReceive_IT                 0x08003b41   Thumb Code   130  stm32f3xx_hal_uart.o(.text)
    UART_EndTransmit_IT                      0x08003bc3   Thumb Code    32  stm32f3xx_hal_uart.o(.text)
    UART_Transmit_IT                         0x08003be3   Thumb Code   106  stm32f3xx_hal_uart.o(.text)
    UART_Receive_IT                          0x08003c65   Thumb Code   138  stm32f3xx_hal_uart.o(.text)
    HAL_UART_IRQHandler                      0x08003cef   Thumb Code   406  stm32f3xx_hal_uart.o(.text)
    HAL_MultiProcessor_EnableMuteMode        0x08003e85   Thumb Code    58  stm32f3xx_hal_uart.o(.text)
    HAL_MultiProcessor_DisableMuteMode       0x08003ebf   Thumb Code    58  stm32f3xx_hal_uart.o(.text)
    HAL_MultiProcessor_EnterMuteMode         0x08003ef9   Thumb Code    14  stm32f3xx_hal_uart.o(.text)
    HAL_HalfDuplex_EnableTransmitter         0x08003f07   Thumb Code    74  stm32f3xx_hal_uart.o(.text)
    HAL_HalfDuplex_EnableReceiver            0x08003f51   Thumb Code    74  stm32f3xx_hal_uart.o(.text)
    HAL_LIN_SendBreak                        0x08003f9b   Thumb Code    62  stm32f3xx_hal_uart.o(.text)
    HAL_UART_GetState                        0x08003fd9   Thumb Code    20  stm32f3xx_hal_uart.o(.text)
    HAL_UART_GetError                        0x08003fed   Thumb Code     6  stm32f3xx_hal_uart.o(.text)
    UART_Wakeup_AddressConfig                0x08003ff3   Thumb Code    38  stm32f3xx_hal_uart.o(.text)
    HAL_RS485Ex_Init                         0x0800401d   Thumb Code   152  stm32f3xx_hal_uart_ex.o(.text)
    HAL_UARTEx_WakeupCallback                0x080040b5   Thumb Code     2  stm32f3xx_hal_uart_ex.o(.text)
    HAL_UARTEx_StopModeWakeUpSourceConfig    0x080040b7   Thumb Code   146  stm32f3xx_hal_uart_ex.o(.text)
    HAL_UARTEx_EnableStopMode                0x08004149   Thumb Code    62  stm32f3xx_hal_uart_ex.o(.text)
    HAL_UARTEx_DisableStopMode               0x08004187   Thumb Code    62  stm32f3xx_hal_uart_ex.o(.text)
    HAL_MultiProcessorEx_AddressLength_Set   0x080041c5   Thumb Code    64  stm32f3xx_hal_uart_ex.o(.text)
    HAL_DMA_Init                             0x08004221   Thumb Code    94  stm32f3xx_hal_dma.o(.text)
    HAL_DMA_DeInit                           0x0800427f   Thumb Code    78  stm32f3xx_hal_dma.o(.text)
    HAL_DMA_Start                            0x080042f9   Thumb Code   114  stm32f3xx_hal_dma.o(.text)
    HAL_DMA_Start_IT                         0x0800436b   Thumb Code   156  stm32f3xx_hal_dma.o(.text)
    HAL_DMA_Abort                            0x08004407   Thumb Code    56  stm32f3xx_hal_dma.o(.text)
    HAL_DMA_Abort_IT                         0x0800443f   Thumb Code    88  stm32f3xx_hal_dma.o(.text)
    HAL_DMA_PollForTransfer                  0x08004497   Thumb Code   244  stm32f3xx_hal_dma.o(.text)
    HAL_DMA_IRQHandler                       0x0800458b   Thumb Code   236  stm32f3xx_hal_dma.o(.text)
    HAL_DMA_RegisterCallback                 0x08004677   Thumb Code    90  stm32f3xx_hal_dma.o(.text)
    HAL_DMA_UnRegisterCallback               0x080046d1   Thumb Code   106  stm32f3xx_hal_dma.o(.text)
    HAL_DMA_GetState                         0x0800473b   Thumb Code     8  stm32f3xx_hal_dma.o(.text)
    HAL_DMA_GetError                         0x08004743   Thumb Code     6  stm32f3xx_hal_dma.o(.text)
    rt_system_tick_init                      0x08004749   Thumb Code     2  clock.o(.text)
    rt_tick_get                              0x0800474b   Thumb Code     6  clock.o(.text)
    rt_tick_set                              0x08004751   Thumb Code    22  clock.o(.text)
    rt_tick_increase                         0x08004767   Thumb Code    42  clock.o(.text)
    rt_tick_from_millisecond                 0x08004791   Thumb Code    30  clock.o(.text)
    rt_components_board_init                 0x080047c5   Thumb Code    20  components.o(.text)
    rt_components_init                       0x080047d9   Thumb Code    20  components.o(.text)
    main_thread_entry                        0x080047ed   Thumb Code    14  components.o(.text)
    rt_application_init                      0x080047fb   Thumb Code    36  components.o(.text)
    rtthread_startup                         0x0800481f   Thumb Code    42  components.o(.text)
    main                                     0x08004849   Thumb Code    14  components.o(.text)
    rt_device_find                           0x0800486d   Thumb Code    82  device.o(.text)
    rt_device_register                       0x080048bf   Thumb Code    52  device.o(.text)
    rt_device_unregister                     0x080048f3   Thumb Code    14  device.o(.text)
    rt_device_init_all                       0x08004901   Thumb Code     4  device.o(.text)
    rt_device_create                         0x08004905   Thumb Code    40  device.o(.text)
    rt_device_destroy                        0x0800492d   Thumb Code    18  device.o(.text)
    rt_device_init                           0x0800493f   Thumb Code    52  device.o(.text)
    rt_device_open                           0x08004973   Thumb Code   122  device.o(.text)
    rt_device_close                          0x080049ed   Thumb Code    54  device.o(.text)
    rt_device_read                           0x08004a23   Thumb Code    62  device.o(.text)
    rt_device_write                          0x08004a61   Thumb Code    62  device.o(.text)
    rt_device_control                        0x08004a9f   Thumb Code    30  device.o(.text)
    rt_device_set_rx_indicate                0x08004abd   Thumb Code     8  device.o(.text)
    rt_device_set_tx_complete                0x08004ac5   Thumb Code     8  device.o(.text)
    rt_thread_idle_excute                    0x08004b05   Thumb Code   128  idle.o(.text)
    rt_thread_idle_init                      0x08004b8d   Thumb Code    38  idle.o(.text)
    rt_thread_idle_gethandler                0x08004bb3   Thumb Code     4  idle.o(.text)
    rt_sem_init                              0x08004c8d   Thumb Code    38  ipc.o(.text)
    rt_sem_detach                            0x08004cb3   Thumb Code    22  ipc.o(.text)
    rt_sem_create                            0x08004cc9   Thumb Code    42  ipc.o(.text)
    rt_sem_delete                            0x08004cf3   Thumb Code    22  ipc.o(.text)
    rt_sem_take                              0x08004d09   Thumb Code   116  ipc.o(.text)
    rt_sem_trytake                           0x08004d7d   Thumb Code    14  ipc.o(.text)
    rt_sem_release                           0x08004d8b   Thumb Code    58  ipc.o(.text)
    rt_sem_control                           0x08004dc5   Thumb Code    54  ipc.o(.text)
    rt_mutex_init                            0x08004dfb   Thumb Code    44  ipc.o(.text)
    rt_mutex_detach                          0x08004e27   Thumb Code    22  ipc.o(.text)
    rt_mutex_create                          0x08004e3d   Thumb Code    50  ipc.o(.text)
    rt_mutex_delete                          0x08004e6f   Thumb Code    22  ipc.o(.text)
    rt_mutex_take                            0x08004e85   Thumb Code   192  ipc.o(.text)
    rt_mutex_release                         0x08004f45   Thumb Code   150  ipc.o(.text)
    rt_mutex_control                         0x08004fdb   Thumb Code     8  ipc.o(.text)
    rt_interrupt_enter                       0x08005019   Thumb Code    26  irq.o(.text)
    rt_interrupt_leave                       0x08005033   Thumb Code    26  irq.o(.text)
    rt_interrupt_get_nest                    0x0800504d   Thumb Code     6  irq.o(.text)
    rt_get_errno                             0x08005059   Thumb Code    32  kservice.o(.text)
    rt_set_errno                             0x08005079   Thumb Code    36  kservice.o(.text)
    _rt_errno                                0x0800509d   Thumb Code    30  kservice.o(.text)
    rt_memset                                0x080050bb   Thumb Code    72  kservice.o(.text)
    rt_memcpy                                0x08005103   Thumb Code   124  kservice.o(.text)
    rt_memmove                               0x0800517f   Thumb Code    66  kservice.o(.text)
    rt_memcmp                                0x080051c1   Thumb Code    38  kservice.o(.text)
    rt_strlen                                0x080051e7   Thumb Code    18  kservice.o(.text)
    rt_strstr                                0x080051f9   Thumb Code    58  kservice.o(.text)
    rt_strcasecmp                            0x08005233   Thumb Code    48  kservice.o(.text)
    rt_strncpy                               0x08005263   Thumb Code    52  kservice.o(.text)
    rt_strncmp                               0x08005297   Thumb Code    40  kservice.o(.text)
    rt_strcmp                                0x080052bf   Thumb Code    28  kservice.o(.text)
    rt_strnlen                               0x080052db   Thumb Code    24  kservice.o(.text)
    rt_strdup                                0x080052f3   Thumb Code    40  kservice.o(.text)
    rt_hw_console_output                     0x0800531b   Thumb Code     2  kservice.o(.text)
    rt_vsnprintf                             0x080054d3   Thumb Code   800  kservice.o(.text)
    rt_kprintf                               0x080057f3   Thumb Code    96  kservice.o(.text)
    rt_show_version                          0x08005853   Thumb Code    38  kservice.o(.text)
    rt_snprintf                              0x08005879   Thumb Code    38  kservice.o(.text)
    rt_vsprintf                              0x0800589f   Thumb Code    22  kservice.o(.text)
    rt_sprintf                               0x080058b5   Thumb Code    34  kservice.o(.text)
    rt_console_get_device                    0x080058d7   Thumb Code     6  kservice.o(.text)
    rt_console_set_device                    0x080058dd   Thumb Code    48  kservice.o(.text)
    rt_kputs                                 0x0800590d   Thumb Code    78  kservice.o(.text)
    rt_malloc_align                          0x0800595b   Thumb Code    66  kservice.o(.text)
    rt_free_align                            0x0800599d   Thumb Code    16  kservice.o(.text)
    __rt_ffs                                 0x080059ad   Thumb Code    70  kservice.o(.text)
    rt_system_heap_init                      0x08005afd   Thumb Code   160  mem.o(.text)
    rt_malloc                                0x08005b9d   Thumb Code   336  mem.o(.text)
    rt_free                                  0x08005ced   Thumb Code   128  mem.o(.text)
    rt_realloc                               0x08005d6d   Thumb Code   448  mem.o(.text)
    rt_calloc                                0x08005f2d   Thumb Code    34  mem.o(.text)
    rt_memory_info                           0x08005f4f   Thumb Code    26  mem.o(.text)
    list_mem                                 0x08005f69   Thumb Code    34  mem.o(.text)
    rt_system_object_init                    0x08006001   Thumb Code     2  object.o(.text)
    rt_object_get_information                0x08006003   Thumb Code    36  object.o(.text)
    rt_object_init                           0x08006027   Thumb Code    60  object.o(.text)
    rt_object_detach                         0x08006063   Thumb Code    26  object.o(.text)
    rt_object_allocate                       0x0800607d   Thumb Code    74  object.o(.text)
    rt_object_delete                         0x080060c7   Thumb Code    32  object.o(.text)
    rt_object_is_systemobject                0x080060e7   Thumb Code    18  object.o(.text)
    rt_object_find                           0x080060f9   Thumb Code    86  object.o(.text)
    rt_system_scheduler_init                 0x080061a3   Thumb Code    52  scheduler.o(.text)
    rt_system_scheduler_start                0x080061d7   Thumb Code    36  scheduler.o(.text)
    rt_schedule                              0x080061fb   Thumb Code   126  scheduler.o(.text)
    rt_schedule_insert_thread                0x08006279   Thumb Code    72  scheduler.o(.text)
    rt_schedule_remove_thread                0x080062c1   Thumb Code    76  scheduler.o(.text)
    rt_enter_critical                        0x0800630d   Thumb Code    28  scheduler.o(.text)
    rt_exit_critical                         0x08006329   Thumb Code    54  scheduler.o(.text)
    rt_critical_level                        0x0800635f   Thumb Code     8  scheduler.o(.text)
    rt_thread_exit                           0x080063fd   Thumb Code    76  thread.o(.text)
    rt_thread_timeout                        0x08006449   Thumb Code    32  thread.o(.text)
    rt_thread_init                           0x080064e9   Thumb Code    52  thread.o(.text)
    rt_thread_self                           0x0800651d   Thumb Code     6  thread.o(.text)
    rt_thread_resume                         0x08006523   Thumb Code    60  thread.o(.text)
    rt_thread_startup                        0x0800655f   Thumb Code    44  thread.o(.text)
    rt_thread_detach                         0x0800658b   Thumb Code    70  thread.o(.text)
    rt_thread_create                         0x080065d1   Thumb Code    80  thread.o(.text)
    rt_thread_delete                         0x08006621   Thumb Code    60  thread.o(.text)
    rt_thread_yield                          0x0800665d   Thumb Code    92  thread.o(.text)
    rt_thread_suspend                        0x080066b9   Thumb Code    68  thread.o(.text)
    rt_thread_sleep                          0x080066fd   Thumb Code    62  thread.o(.text)
    rt_thread_delay                          0x0800673b   Thumb Code    12  thread.o(.text)
    rt_thread_control                        0x08006747   Thumb Code   118  thread.o(.text)
    rt_thread_find                           0x080067bd   Thumb Code    94  thread.o(.text)
    rt_timer_init                            0x080068b7   Thumb Code    46  timer.o(.text)
    rt_timer_detach                          0x080068e5   Thumb Code    32  timer.o(.text)
    rt_timer_create                          0x08006905   Thumb Code    54  timer.o(.text)
    rt_timer_delete                          0x0800693b   Thumb Code    32  timer.o(.text)
    rt_timer_start                           0x0800695b   Thumb Code   238  timer.o(.text)
    rt_timer_stop                            0x08006a49   Thumb Code    48  timer.o(.text)
    rt_timer_control                         0x08006a79   Thumb Code    56  timer.o(.text)
    rt_timer_check                           0x08006ab1   Thumb Code   118  timer.o(.text)
    rt_timer_next_timeout_tick               0x08006b27   Thumb Code    10  timer.o(.text)
    rt_system_timer_init                     0x08006b31   Thumb Code    24  timer.o(.text)
    rt_system_timer_thread_init              0x08006b49   Thumb Code     2  timer.o(.text)
    rt_hw_stack_init                         0x08006b69   Thumb Code    74  cpuport.o(.text)
    rt_hw_exception_install                  0x08006bb3   Thumb Code     6  cpuport.o(.text)
    rt_hw_hard_fault_exception               0x08006bb9   Thumb Code   112  cpuport.o(.text)
    rt_hw_cpu_shutdown                       0x08006c29   Thumb Code    10  cpuport.o(.text)
    rt_hw_interrupt_disable                  0x08006ce9   Thumb Code     8  context_rvds.o(.text)
    rt_hw_interrupt_enable                   0x08006cf1   Thumb Code     6  context_rvds.o(.text)
    rt_hw_context_switch                     0x08006cf7   Thumb Code    32  context_rvds.o(.text)
    rt_hw_context_switch_interrupt           0x08006cf7   Thumb Code     0  context_rvds.o(.text)
    PendSV_Handler                           0x08006d17   Thumb Code   108  context_rvds.o(.text)
    rt_hw_context_switch_to                  0x08006d83   Thumb Code    70  context_rvds.o(.text)
    rt_hw_interrupt_thread_switch            0x08006dc9   Thumb Code     2  context_rvds.o(.text)
    HardFault_Handler                        0x08006dcb   Thumb Code    20  context_rvds.o(.text)
    rt_device_pin_register                   0x08006e7d   Thumb Code    56  pin.o(.text)
    rt_pin_attach_irq                        0x08006eb5   Thumb Code    44  pin.o(.text)
    rt_pin_dettach_irq                       0x08006ee1   Thumb Code    30  pin.o(.text)
    rt_pin_irq_enable                        0x08006eff   Thumb Code    34  pin.o(.text)
    rt_pin_mode                              0x08006f21   Thumb Code    22  pin.o(.text)
    rt_pin_write                             0x08006f37   Thumb Code    22  pin.o(.text)
    rt_pin_read                              0x08006f4d   Thumb Code    18  pin.o(.text)
    rt_hw_serial_register                    0x080075c1   Thumb Code    66  serial.o(.text)
    rt_hw_serial_isr                         0x08007603   Thumb Code   340  serial.o(.text)
    rt_completion_init                       0x0800783d   Thumb Code    30  completion.o(.text)
    rt_completion_wait                       0x0800785b   Thumb Code   126  completion.o(.text)
    rt_completion_done                       0x080078d9   Thumb Code    72  completion.o(.text)
    rt_data_queue_init                       0x0800792f   Thumb Code    64  dataqueue.o(.text)
    rt_data_queue_push                       0x0800796f   Thumb Code   230  dataqueue.o(.text)
    rt_data_queue_pop                        0x08007a55   Thumb Code   262  dataqueue.o(.text)
    rt_data_queue_peak                       0x08007b5b   Thumb Code    90  dataqueue.o(.text)
    rt_data_queue_reset                      0x08007bb5   Thumb Code   106  dataqueue.o(.text)
    finsh_get_prompt                         0x08007c35   Thumb Code    38  shell.o(.text)
    finsh_set_device                         0x08007c99   Thumb Code   140  shell.o(.text)
    finsh_get_device                         0x08007d25   Thumb Code    10  shell.o(.text)
    finsh_set_echo                           0x08007d2f   Thumb Code    10  shell.o(.text)
    finsh_get_echo                           0x08007d39   Thumb Code    14  shell.o(.text)
    finsh_run_line                           0x08007d79   Thumb Code   164  shell.o(.text)
    finsh_thread_entry                       0x08007f15   Thumb Code  1464  shell.o(.text)
    finsh_system_function_init               0x080084cd   Thumb Code    10  shell.o(.text)
    finsh_system_var_init                    0x080084d7   Thumb Code    10  shell.o(.text)
    finsh_system_init                        0x080084e1   Thumb Code   122  shell.o(.text)
    hello                                    0x080085c5   Thumb Code    12  cmd.o(.text)
    version                                  0x080085d1   Thumb Code    10  cmd.o(.text)
    list_thread                              0x080086d5   Thumb Code    18  cmd.o(.text)
    list_sem                                 0x080087a7   Thumb Code    18  cmd.o(.text)
    list_mutex                               0x08008815   Thumb Code    18  cmd.o(.text)
    list_mempool                             0x080088ad   Thumb Code    18  cmd.o(.text)
    list_timer                               0x0800892f   Thumb Code    18  cmd.o(.text)
    list_device                              0x08008ce5   Thumb Code    18  cmd.o(.text)
    list                                     0x08008cf7   Thumb Code   126  cmd.o(.text)
    list_prefix                              0x08008db7   Thumb Code   434  cmd.o(.text)
    msh_is_used                              0x08009009   Thumb Code     6  msh.o(.text)
    msh_help                                 0x08009023   Thumb Code    66  msh.o(.text)
    msh_exec                                 0x080091e5   Thumb Code    82  msh.o(.text)
    msh_auto_complete                        0x08009257   Thumb Code   138  msh.o(.text)
    cmd_ps                                   0x0800935d   Thumb Code    14  msh_cmd.o(.text)
    cmd_time                                 0x0800936b   Thumb Code     6  msh_cmd.o(.text)
    cmd_free                                 0x08009371   Thumb Code    14  msh_cmd.o(.text)
    finsh_compiler_run                       0x0800ab2f   Thumb Code    88  finsh_compiler.o(.text)
    finsh_error_init                         0x0800ab99   Thumb Code     8  finsh_error.o(.text)
    finsh_error_set                          0x0800aba1   Thumb Code    10  finsh_error.o(.text)
    finsh_errno                              0x0800abab   Thumb Code     6  finsh_error.o(.text)
    finsh_error_string                       0x0800abb1   Thumb Code    10  finsh_error.o(.text)
    finsh_heap_init                          0x0800abc5   Thumb Code    36  finsh_heap.o(.text)
    finsh_heap_free                          0x0800ace9   Thumb Code    34  finsh_heap.o(.text)
    finsh_heap_allocate                      0x0800ad59   Thumb Code   106  finsh_heap.o(.text)
    finsh_init                               0x0800add5   Thumb Code    30  finsh_init.o(.text)
    finsh_stack_bottom                       0x0800adf3   Thumb Code     6  finsh_init.o(.text)
    finsh_flush                              0x0800adf9   Thumb Code    22  finsh_init.o(.text)
    finsh_reset                              0x0800ae0f   Thumb Code    24  finsh_init.o(.text)
    finsh_node_init                          0x0800ae2d   Thumb Code    16  finsh_node.o(.text)
    finsh_node_allocate                      0x0800ae3d   Thumb Code    56  finsh_node.o(.text)
    finsh_node_new_id                        0x0800ae75   Thumb Code   118  finsh_node.o(.text)
    finsh_node_new_char                      0x0800aeeb   Thumb Code    30  finsh_node.o(.text)
    finsh_node_new_int                       0x0800af09   Thumb Code    30  finsh_node.o(.text)
    finsh_node_new_long                      0x0800af27   Thumb Code    30  finsh_node.o(.text)
    finsh_node_new_string                    0x0800af45   Thumb Code    74  finsh_node.o(.text)
    finsh_node_new_ptr                       0x0800af8f   Thumb Code    30  finsh_node.o(.text)
    OP_no_op                                 0x0800afb1   Thumb Code     2  finsh_ops.o(.text)
    OP_add_byte                              0x0800afb3   Thumb Code    42  finsh_ops.o(.text)
    OP_add_word                              0x0800afdd   Thumb Code    44  finsh_ops.o(.text)
    OP_add_dword                             0x0800b009   Thumb Code    42  finsh_ops.o(.text)
    OP_sub_byte                              0x0800b033   Thumb Code    42  finsh_ops.o(.text)
    OP_sub_word                              0x0800b05d   Thumb Code    44  finsh_ops.o(.text)
    OP_sub_dword                             0x0800b089   Thumb Code    42  finsh_ops.o(.text)
    OP_div_byte                              0x0800b0b3   Thumb Code    44  finsh_ops.o(.text)
    OP_div_word                              0x0800b0df   Thumb Code    46  finsh_ops.o(.text)
    OP_div_dword                             0x0800b10d   Thumb Code    44  finsh_ops.o(.text)
    OP_mod_byte                              0x0800b139   Thumb Code    48  finsh_ops.o(.text)
    OP_mod_word                              0x0800b169   Thumb Code    48  finsh_ops.o(.text)
    OP_mod_dword                             0x0800b199   Thumb Code    48  finsh_ops.o(.text)
    OP_mul_byte                              0x0800b1c9   Thumb Code    44  finsh_ops.o(.text)
    OP_mul_word                              0x0800b1f5   Thumb Code    46  finsh_ops.o(.text)
    OP_mul_dword                             0x0800b223   Thumb Code    42  finsh_ops.o(.text)
    OP_and_byte                              0x0800b24d   Thumb Code    42  finsh_ops.o(.text)
    OP_and_word                              0x0800b277   Thumb Code    42  finsh_ops.o(.text)
    OP_and_dword                             0x0800b2a1   Thumb Code    42  finsh_ops.o(.text)
    OP_or_byte                               0x0800b2cb   Thumb Code    42  finsh_ops.o(.text)
    OP_or_word                               0x0800b2f5   Thumb Code    42  finsh_ops.o(.text)
    OP_or_dword                              0x0800b31f   Thumb Code    42  finsh_ops.o(.text)
    OP_xor_byte                              0x0800b349   Thumb Code    42  finsh_ops.o(.text)
    OP_xor_word                              0x0800b373   Thumb Code    46  finsh_ops.o(.text)
    OP_xor_dword                             0x0800b3a1   Thumb Code    42  finsh_ops.o(.text)
    OP_bw_byte                               0x0800b3cb   Thumb Code    20  finsh_ops.o(.text)
    OP_bw_word                               0x0800b3df   Thumb Code    20  finsh_ops.o(.text)
    OP_bw_dword                              0x0800b3f3   Thumb Code    20  finsh_ops.o(.text)
    OP_shl_byte                              0x0800b407   Thumb Code    42  finsh_ops.o(.text)
    OP_shl_word                              0x0800b431   Thumb Code    44  finsh_ops.o(.text)
    OP_shl_dword                             0x0800b45d   Thumb Code    42  finsh_ops.o(.text)
    OP_shr_byte                              0x0800b487   Thumb Code    42  finsh_ops.o(.text)
    OP_shr_word                              0x0800b4b1   Thumb Code    42  finsh_ops.o(.text)
    OP_shr_dword                             0x0800b4db   Thumb Code    42  finsh_ops.o(.text)
    OP_ld_byte                               0x0800b505   Thumb Code    34  finsh_ops.o(.text)
    OP_ld_word                               0x0800b527   Thumb Code    46  finsh_ops.o(.text)
    OP_ld_dword                              0x0800b555   Thumb Code    64  finsh_ops.o(.text)
    OP_ld_value_byte                         0x0800b595   Thumb Code    66  finsh_ops.o(.text)
    OP_ld_value_byte_stack                   0x0800b5d7   Thumb Code    20  finsh_ops.o(.text)
    OP_ld_value_word                         0x0800b5eb   Thumb Code    66  finsh_ops.o(.text)
    OP_ld_value_word_stack                   0x0800b62d   Thumb Code    20  finsh_ops.o(.text)
    OP_ld_value_dword                        0x0800b641   Thumb Code    66  finsh_ops.o(.text)
    OP_ld_value_dword_stack                  0x0800b683   Thumb Code    20  finsh_ops.o(.text)
    OP_st_byte                               0x0800b697   Thumb Code    30  finsh_ops.o(.text)
    OP_st_word                               0x0800b6b5   Thumb Code    30  finsh_ops.o(.text)
    OP_st_dword                              0x0800b6d3   Thumb Code    30  finsh_ops.o(.text)
    OP_pop                                   0x0800b6f1   Thumb Code    12  finsh_ops.o(.text)
    OP_call                                  0x0800b6fd   Thumb Code   906  finsh_ops.o(.text)
    finsh_parser_run                         0x0800c31d   Thumb Code   220  finsh_parser.o(.text)
    finsh_parser_init                        0x0800c3f9   Thumb Code    16  finsh_parser.o(.text)
    finsh_var_init                           0x0800c409   Thumb Code    14  finsh_var.o(.text)
    finsh_var_insert                         0x0800c417   Thumb Code   114  finsh_var.o(.text)
    finsh_var_delete                         0x0800c489   Thumb Code    68  finsh_var.o(.text)
    finsh_var_lookup                         0x0800c4cd   Thumb Code    58  finsh_var.o(.text)
    finsh_sysvar_append                      0x0800c507   Thumb Code    62  finsh_var.o(.text)
    finsh_sysvar_lookup                      0x0800c545   Thumb Code    78  finsh_var.o(.text)
    finsh_vm_run                             0x0800c5a5   Thumb Code    62  finsh_vm.o(.text)
    finsh_syscall_append                     0x0800c5e3   Thumb Code    54  finsh_vm.o(.text)
    finsh_syscall_lookup                     0x0800c619   Thumb Code    78  finsh_vm.o(.text)
    finsh_token_init                         0x0800c689   Thumb Code    20  finsh_token.o(.text)
    token_get_string                         0x0800caa1   Thumb Code   120  finsh_token.o(.text)
    finsh_token_token                        0x0800ccd9   Thumb Code    24  finsh_token.o(.text)
    finsh_token_get_token                    0x0800ccf1   Thumb Code    20  finsh_token.o(.text)
    atoi                                     0x0800cd09   Thumb Code    26  atoi.o(.text)
    memcmp                                   0x0800cd23   Thumb Code    88  memcmp.o(.text)
    strcpy                                   0x0800cd7b   Thumb Code    72  strcpy.o(.text)
    strlen                                   0x0800cdc3   Thumb Code    62  strlen.o(.text)
    strncmp                                  0x0800ce01   Thumb Code   150  strncmp.o(.text)
    strcat                                   0x0800ce97   Thumb Code    24  strcat.o(.text)
    __aeabi_memcpy                           0x0800ceaf   Thumb Code     0  rt_memcpy_v6.o(.text)
    __rt_memcpy                              0x0800ceaf   Thumb Code   138  rt_memcpy_v6.o(.text)
    _memcpy_lastbytes                        0x0800cf15   Thumb Code     0  rt_memcpy_v6.o(.text)
    __aeabi_memcpy4                          0x0800cf39   Thumb Code     0  rt_memcpy_w.o(.text)
    __aeabi_memcpy8                          0x0800cf39   Thumb Code     0  rt_memcpy_w.o(.text)
    __rt_memcpy_w                            0x0800cf39   Thumb Code   100  rt_memcpy_w.o(.text)
    _memcpy_lastbytes_aligned                0x0800cf81   Thumb Code     0  rt_memcpy_w.o(.text)
    __aeabi_memclr                           0x0800cf9d   Thumb Code     0  rt_memclr.o(.text)
    __rt_memclr                              0x0800cf9d   Thumb Code    68  rt_memclr.o(.text)
    _memset                                  0x0800cfa1   Thumb Code     0  rt_memclr.o(.text)
    __aeabi_memclr4                          0x0800cfe1   Thumb Code     0  rt_memclr_w.o(.text)
    __aeabi_memclr8                          0x0800cfe1   Thumb Code     0  rt_memclr_w.o(.text)
    __rt_memclr_w                            0x0800cfe1   Thumb Code    78  rt_memclr_w.o(.text)
    _memset_w                                0x0800cfe5   Thumb Code     0  rt_memclr_w.o(.text)
    strncpy                                  0x0800d02f   Thumb Code    86  strncpy.o(.text)
    strcmp                                   0x0800d085   Thumb Code   128  strcmpv7m.o(.text)
    __use_two_region_memory                  0x0800d105   Thumb Code     2  heapauxi.o(.text)
    __rt_heap_escrow$2region                 0x0800d107   Thumb Code     2  heapauxi.o(.text)
    __rt_heap_expand$2region                 0x0800d109   Thumb Code     2  heapauxi.o(.text)
    __aeabi_errno_addr                       0x0800d10d   Thumb Code     8  rt_errno_addr_intlibspace.o(.text)
    __errno$intlibspace                      0x0800d10d   Thumb Code     0  rt_errno_addr_intlibspace.o(.text)
    __rt_errno_addr$intlibspace              0x0800d10d   Thumb Code     0  rt_errno_addr_intlibspace.o(.text)
    strtol                                   0x0800d115   Thumb Code   112  strtol.o(.text)
    __user_libspace                          0x0800d185   Thumb Code     8  libspace.o(.text)
    __user_perproc_libspace                  0x0800d185   Thumb Code     0  libspace.o(.text)
    __user_perthread_libspace                0x0800d185   Thumb Code     0  libspace.o(.text)
    __rt_ctype_table                         0x0800d18d   Thumb Code    16  rt_ctype_table.o(.text)
    _strtoul                                 0x0800d19d   Thumb Code   158  _strtoul.o(.text)
    __user_setup_stackheap                   0x0800d23b   Thumb Code    74  sys_stackheap_outer.o(.text)
    __rt_locale                              0x0800d285   Thumb Code     8  rt_locale_intlibspace.o(.text)
    _chval                                   0x0800d28d   Thumb Code    28  _chval.o(.text)
    exit                                     0x0800d2a9   Thumb Code    18  exit.o(.text)
    _sys_exit                                0x0800d2bd   Thumb Code     8  sys_exit.o(.text)
    __I$use$semihosting                      0x0800d2c9   Thumb Code     0  use_no_semi.o(.text)
    __use_no_semihosting_swi                 0x0800d2c9   Thumb Code     2  use_no_semi.o(.text)
    __semihosting_library_function           0x0800d2cb   Thumb Code     0  indicate_semi.o(.text)
    _get_lc_ctype                            0x0800d2cd   Thumb Code    44  lc_ctype_c.o(locale$$code)
    _fp_init                                 0x0800d2f9   Thumb Code    10  fpinit.o(x$fpl$fpinit)
    __fplib_config_fpu_vfp                   0x0800d301   Thumb Code     0  fpinit.o(x$fpl$fpinit)
    __fplib_config_pureend_doubles           0x0800d301   Thumb Code     0  fpinit.o(x$fpl$fpinit)
    AHBPrescTable                            0x0800d688   Data          16  system_stm32f3xx.o(.constdata)
    APBPrescTable                            0x0800d698   Data           8  system_stm32f3xx.o(.constdata)
    aPLLMULFactorTable                       0x0800d6a0   Data          16  stm32f3xx_hal_rcc.o(.constdata)
    aPredivFactorTable                       0x0800d6b0   Data          16  stm32f3xx_hal_rcc.o(.constdata)
    __lowest_bit_bitmap                      0x0800d6e0   Data         256  kservice.o(.constdata)
    op_table                                 0x0800d854   Data         196  finsh_ops.o(.constdata)
    __fsym_list_mem_name                     0x0800dbea   Data           9  mem.o(.rodata.name)
    __fsym_list_mem_desc                     0x0800dbf3   Data          30  mem.o(.rodata.name)
    __fsym_pinMode_name                      0x0800dc11   Data           8  pin.o(.rodata.name)
    __fsym_pinMode_desc                      0x0800dc19   Data          22  pin.o(.rodata.name)
    __fsym_pinWrite_name                     0x0800dc2f   Data           9  pin.o(.rodata.name)
    __fsym_pinWrite_desc                     0x0800dc38   Data          28  pin.o(.rodata.name)
    __fsym_pinRead_name                      0x0800dc54   Data           8  pin.o(.rodata.name)
    __fsym_pinRead_desc                      0x0800dc5c   Data          30  pin.o(.rodata.name)
    __fsym_hello_name                        0x0800dc7a   Data           6  cmd.o(.rodata.name)
    __fsym_hello_desc                        0x0800dc80   Data          16  cmd.o(.rodata.name)
    __fsym_version_name                      0x0800dc90   Data           8  cmd.o(.rodata.name)
    __fsym_version_desc                      0x0800dc98   Data          35  cmd.o(.rodata.name)
    __fsym___cmd_version_name                0x0800dcbb   Data          14  cmd.o(.rodata.name)
    __fsym___cmd_version_desc                0x0800dcc9   Data          35  cmd.o(.rodata.name)
    __fsym_list_thread_name                  0x0800dcec   Data          12  cmd.o(.rodata.name)
    __fsym_list_thread_desc                  0x0800dcf8   Data          12  cmd.o(.rodata.name)
    __fsym___cmd_list_thread_name            0x0800dd04   Data          18  cmd.o(.rodata.name)
    __fsym___cmd_list_thread_desc            0x0800dd16   Data          12  cmd.o(.rodata.name)
    __fsym_list_sem_name                     0x0800dd22   Data           9  cmd.o(.rodata.name)
    __fsym_list_sem_desc                     0x0800dd2b   Data          25  cmd.o(.rodata.name)
    __fsym___cmd_list_sem_name               0x0800dd44   Data          15  cmd.o(.rodata.name)
    __fsym___cmd_list_sem_desc               0x0800dd53   Data          25  cmd.o(.rodata.name)
    __fsym_list_mutex_name                   0x0800dd6c   Data          11  cmd.o(.rodata.name)
    __fsym_list_mutex_desc                   0x0800dd77   Data          21  cmd.o(.rodata.name)
    __fsym___cmd_list_mutex_name             0x0800dd8c   Data          17  cmd.o(.rodata.name)
    __fsym___cmd_list_mutex_desc             0x0800dd9d   Data          21  cmd.o(.rodata.name)
    __fsym_list_mempool_name                 0x0800ddb2   Data          13  cmd.o(.rodata.name)
    __fsym_list_mempool_desc                 0x0800ddbf   Data          27  cmd.o(.rodata.name)
    __fsym___cmd_list_mempool_name           0x0800ddda   Data          19  cmd.o(.rodata.name)
    __fsym___cmd_list_mempool_desc           0x0800dded   Data          27  cmd.o(.rodata.name)
    __fsym_list_timer_name                   0x0800de08   Data          11  cmd.o(.rodata.name)
    __fsym_list_timer_desc                   0x0800de13   Data          21  cmd.o(.rodata.name)
    __fsym___cmd_list_timer_name             0x0800de28   Data          17  cmd.o(.rodata.name)
    __fsym___cmd_list_timer_desc             0x0800de39   Data          21  cmd.o(.rodata.name)
    __fsym_list_device_name                  0x0800de4e   Data          12  cmd.o(.rodata.name)
    __fsym_list_device_desc                  0x0800de5a   Data          22  cmd.o(.rodata.name)
    __fsym___cmd_list_device_name            0x0800de70   Data          18  cmd.o(.rodata.name)
    __fsym___cmd_list_device_desc            0x0800de82   Data          22  cmd.o(.rodata.name)
    __fsym_list_name                         0x0800de98   Data           5  cmd.o(.rodata.name)
    __fsym_list_desc                         0x0800de9d   Data          26  cmd.o(.rodata.name)
    __vsym_dummy_name                        0x0800deb7   Data           6  cmd.o(.rodata.name)
    __vsym_dummy_desc                        0x0800debd   Data          25  cmd.o(.rodata.name)
    __fsym___cmd_exit_name                   0x0800ded6   Data          11  msh.o(.rodata.name)
    __fsym___cmd_exit_desc                   0x0800dee1   Data          32  msh.o(.rodata.name)
    __fsym_msh_name                          0x0800df01   Data           4  msh.o(.rodata.name)
    __fsym_msh_desc                          0x0800df05   Data          17  msh.o(.rodata.name)
    __fsym___cmd_help_name                   0x0800df16   Data          11  msh.o(.rodata.name)
    __fsym___cmd_help_desc                   0x0800df21   Data          22  msh.o(.rodata.name)
    __fsym___cmd_ps_name                     0x0800df37   Data           9  msh_cmd.o(.rodata.name)
    __fsym___cmd_ps_desc                     0x0800df40   Data          28  msh_cmd.o(.rodata.name)
    __fsym___cmd_time_name                   0x0800df5c   Data          11  msh_cmd.o(.rodata.name)
    __fsym___cmd_time_desc                   0x0800df67   Data          27  msh_cmd.o(.rodata.name)
    __fsym___cmd_free_name                   0x0800df82   Data          11  msh_cmd.o(.rodata.name)
    __fsym___cmd_free_desc                   0x0800df8d   Data          37  msh_cmd.o(.rodata.name)
    __rt_init_rti_start                      0x0800dfb4   Data           4  components.o(.rti_fn.0)
    __rt_init_rti_board_start                0x0800dfb8   Data           4  components.o(.rti_fn.0.end)
    __rt_init_rt_hw_pin_init                 0x0800dfbc   Data           4  drv_gpio.o(.rti_fn.1)
    __rt_init_hw_usart_init                  0x0800dfc0   Data           4  drv_usart.o(.rti_fn.1)
    __rt_init_rti_board_end                  0x0800dfc4   Data           4  components.o(.rti_fn.1.end)
    __rt_init_finsh_system_init              0x0800dfc8   Data           4  shell.o(.rti_fn.6)
    __rt_init_rti_end                        0x0800dfcc   Data           4  components.o(.rti_fn.6.end)
    FSymTab$$Base                            0x0800dfd0   Number         0  mem.o(FSymTab)
    __fsym_list_mem                          0x0800dfd0   Data          12  mem.o(FSymTab)
    __fsym_pinMode                           0x0800dfdc   Data          12  pin.o(FSymTab)
    __fsym_pinWrite                          0x0800dfe8   Data          12  pin.o(FSymTab)
    __fsym_pinRead                           0x0800dff4   Data          12  pin.o(FSymTab)
    __fsym_hello                             0x0800e000   Data          12  cmd.o(FSymTab)
    __fsym_version                           0x0800e00c   Data          12  cmd.o(FSymTab)
    __fsym___cmd_version                     0x0800e018   Data          12  cmd.o(FSymTab)
    __fsym_list_thread                       0x0800e024   Data          12  cmd.o(FSymTab)
    __fsym___cmd_list_thread                 0x0800e030   Data          12  cmd.o(FSymTab)
    __fsym_list_sem                          0x0800e03c   Data          12  cmd.o(FSymTab)
    __fsym___cmd_list_sem                    0x0800e048   Data          12  cmd.o(FSymTab)
    __fsym_list_mutex                        0x0800e054   Data          12  cmd.o(FSymTab)
    __fsym___cmd_list_mutex                  0x0800e060   Data          12  cmd.o(FSymTab)
    __fsym_list_mempool                      0x0800e06c   Data          12  cmd.o(FSymTab)
    __fsym___cmd_list_mempool                0x0800e078   Data          12  cmd.o(FSymTab)
    __fsym_list_timer                        0x0800e084   Data          12  cmd.o(FSymTab)
    __fsym___cmd_list_timer                  0x0800e090   Data          12  cmd.o(FSymTab)
    __fsym_list_device                       0x0800e09c   Data          12  cmd.o(FSymTab)
    __fsym___cmd_list_device                 0x0800e0a8   Data          12  cmd.o(FSymTab)
    __fsym_list                              0x0800e0b4   Data          12  cmd.o(FSymTab)
    __fsym___cmd_exit                        0x0800e0c0   Data          12  msh.o(FSymTab)
    __fsym_msh                               0x0800e0cc   Data          12  msh.o(FSymTab)
    __fsym___cmd_help                        0x0800e0d8   Data          12  msh.o(FSymTab)
    __fsym___cmd_ps                          0x0800e0e4   Data          12  msh_cmd.o(FSymTab)
    __fsym___cmd_time                        0x0800e0f0   Data          12  msh_cmd.o(FSymTab)
    __fsym___cmd_free                        0x0800e0fc   Data          12  msh_cmd.o(FSymTab)
    FSymTab$$Limit                           0x0800e108   Number         0  msh_cmd.o(FSymTab)
    Region$$Table$$Base                      0x0800e108   Number         0  anon$$obj.o(Region$$Table)
    Region$$Table$$Limit                     0x0800e128   Number         0  anon$$obj.o(Region$$Table)
    VSymTab$$Base                            0x0800e128   Number         0  cmd.o(VSymTab)
    __vsym_dummy                             0x0800e128   Data          16  cmd.o(VSymTab)
    VSymTab$$Limit                           0x0800e138   Number         0  cmd.o(VSymTab)
    __ctype                                  0x0800e145   Data           0  lc_ctype_c.o(locale$$data)
    sem_led                                  0x20000000   Data           4  led.o(.data)
    led_no                                   0x20000004   Data           3  main.o(.data)
    pin_irq_hdr_tab                          0x20000008   Data         192  drv_gpio.o(.data)
    SystemCoreClock                          0x200000c8   Data           4  system_stm32f3xx.o(.data)
    uwTick                                   0x200000cc   Data           4  stm32f3xx_hal.o(.data)
    rt_interrupt_nest                        0x200000d4   Data           1  irq.o(.data)
    rt_current_thread                        0x2000015c   Data           4  scheduler.o(.data)
    rt_current_priority                      0x20000160   Data           1  scheduler.o(.data)
    rt_thread_ready_priority_group           0x20000164   Data           4  scheduler.o(.data)
    rt_thread_defunct                        0x20000168   Data           8  scheduler.o(.data)
    rt_interrupt_from_thread                 0x2000017c   Data           4  cpuport.o(.data)
    rt_interrupt_to_thread                   0x20000180   Data           4  cpuport.o(.data)
    rt_thread_switch_interrupt_flag          0x20000184   Data           4  cpuport.o(.data)
    shell                                    0x2000018c   Data           4  shell.o(.data)
    _syscall_table_begin                     0x20000190   Data           4  symbol.o(.data)
    _syscall_table_end                       0x20000194   Data           4  symbol.o(.data)
    _sysvar_table_begin                      0x20000198   Data           4  symbol.o(.data)
    _sysvar_table_end                        0x2000019c   Data           4  symbol.o(.data)
    finsh_compile_sp                         0x200001a8   Data           4  finsh_compiler.o(.data)
    finsh_compile_pc                         0x200001ac   Data           4  finsh_compiler.o(.data)
    global_errno                             0x200001b0   Data           1  finsh_error.o(.data)
    global_sysvar_list                       0x200001f8   Data           4  finsh_var.o(.data)
    finsh_sp                                 0x200001fc   Data           4  finsh_vm.o(.data)
    finsh_pc                                 0x20000200   Data           4  finsh_vm.o(.data)
    global_syscall_list                      0x20000204   Data           4  finsh_vm.o(.data)
    serial1                                  0x2000027c   Data          84  drv_usart.o(.bss)
    rt_thread_priority_table                 0x200004e8   Data         256  scheduler.o(.bss)
    finsh_heap                               0x20001728   Data         128  finsh_heap.o(.bss)
    global_node_table                        0x200017a8   Data         320  finsh_node.o(.bss)
    global_variable                          0x200018e8   Data         192  finsh_var.o(.bss)
    finsh_vm_stack                           0x200019a8   Data         256  finsh_vm.o(.bss)
    text_segment                             0x20001aa8   Data         128  finsh_vm.o(.bss)
    __libspace_start                         0x20001b28   Data          96  libspace.o(.bss)
    __temporary_stack_top$libspace           0x20001b88   Data           0  libspace.o(.bss)
    Image$$RW_IRAM1$$ZI$$Limit               0x20002188   Number         0  anon$$obj.o ABSOLUTE



==============================================================================

Memory Map of the image

  Image Entry point : 0x08000189

  Load Region LR_IROM1 (Base: 0x08000000, Size: 0x0000e450, Max: 0x00100000, ABSOLUTE, COMPRESSED[0x0000e2c0])

    Execution Region ER_IROM1 (Exec base: 0x08000000, Load base: 0x08000000, Size: 0x0000e248, Max: 0x00100000, ABSOLUTE)

    Exec Addr    Load Addr    Size         Type   Attr      Idx    E Section Name        Object

    0x08000000   0x08000000   0x00000188   Data   RO          383    RESET               startup_stm32f334x8.o
    0x08000188   0x08000188   0x00000008   Code   RO         1377  * !!!main             c_w.l(__main.o)
    0x08000190   0x08000190   0x00000034   Code   RO         1557    !!!scatter          c_w.l(__scatter.o)
    0x080001c4   0x080001c4   0x0000005a   Code   RO         1555    !!dczerorl2         c_w.l(__dczerorl2.o)
    0x0800021e   0x0800021e   0x00000002   PAD
    0x08000220   0x08000220   0x0000001c   Code   RO         1559    !!handler_zi        c_w.l(__scatter_zi.o)
    0x0800023c   0x0800023c   0x00000002   Code   RO         1428    .ARM.Collect$$libinit$$00000000  c_w.l(libinit.o)
    0x0800023e   0x0800023e   0x00000004   Code   RO         1431    .ARM.Collect$$libinit$$00000001  c_w.l(libinit2.o)
    0x08000242   0x08000242   0x00000000   Code   RO         1434    .ARM.Collect$$libinit$$00000004  c_w.l(libinit2.o)
    0x08000242   0x08000242   0x00000000   Code   RO         1437    .ARM.Collect$$libinit$$0000000A  c_w.l(libinit2.o)
    0x08000242   0x08000242   0x00000000   Code   RO         1439    .ARM.Collect$$libinit$$0000000C  c_w.l(libinit2.o)
    0x08000242   0x08000242   0x00000000   Code   RO         1441    .ARM.Collect$$libinit$$0000000E  c_w.l(libinit2.o)
    0x08000242   0x08000242   0x00000006   Code   RO         1442    .ARM.Collect$$libinit$$0000000F  c_w.l(libinit2.o)
    0x08000248   0x08000248   0x00000000   Code   RO         1444    .ARM.Collect$$libinit$$00000011  c_w.l(libinit2.o)
    0x08000248   0x08000248   0x0000000c   Code   RO         1445    .ARM.Collect$$libinit$$00000012  c_w.l(libinit2.o)
    0x08000254   0x08000254   0x00000000   Code   RO         1446    .ARM.Collect$$libinit$$00000013  c_w.l(libinit2.o)
    0x08000254   0x08000254   0x00000000   Code   RO         1448    .ARM.Collect$$libinit$$00000015  c_w.l(libinit2.o)
    0x08000254   0x08000254   0x00000000   Code   RO         1450    .ARM.Collect$$libinit$$00000017  c_w.l(libinit2.o)
    0x08000254   0x08000254   0x00000000   Code   RO         1452    .ARM.Collect$$libinit$$00000019  c_w.l(libinit2.o)
    0x08000254   0x08000254   0x00000000   Code   RO         1454    .ARM.Collect$$libinit$$0000001B  c_w.l(libinit2.o)
    0x08000254   0x08000254   0x00000000   Code   RO         1456    .ARM.Collect$$libinit$$0000001D  c_w.l(libinit2.o)
    0x08000254   0x08000254   0x00000000   Code   RO         1458    .ARM.Collect$$libinit$$0000001F  c_w.l(libinit2.o)
    0x08000254   0x08000254   0x00000000   Code   RO         1460    .ARM.Collect$$libinit$$00000021  c_w.l(libinit2.o)
    0x08000254   0x08000254   0x00000000   Code   RO         1462    .ARM.Collect$$libinit$$00000023  c_w.l(libinit2.o)
    0x08000254   0x08000254   0x00000000   Code   RO         1464    .ARM.Collect$$libinit$$00000025  c_w.l(libinit2.o)
    0x08000254   0x08000254   0x00000000   Code   RO         1468    .ARM.Collect$$libinit$$0000002C  c_w.l(libinit2.o)
    0x08000254   0x08000254   0x00000000   Code   RO         1470    .ARM.Collect$$libinit$$0000002E  c_w.l(libinit2.o)
    0x08000254   0x08000254   0x00000000   Code   RO         1472    .ARM.Collect$$libinit$$00000030  c_w.l(libinit2.o)
    0x08000254   0x08000254   0x00000000   Code   RO         1474    .ARM.Collect$$libinit$$00000032  c_w.l(libinit2.o)
    0x08000254   0x08000254   0x00000002   Code   RO         1475    .ARM.Collect$$libinit$$00000033  c_w.l(libinit2.o)
    0x08000256   0x08000256   0x00000002   Code   RO         1495    .ARM.Collect$$libshutdown$$00000000  c_w.l(libshutdown.o)
    0x08000258   0x08000258   0x00000000   Code   RO         1508    .ARM.Collect$$libshutdown$$00000002  c_w.l(libshutdown2.o)
    0x08000258   0x08000258   0x00000000   Code   RO         1510    .ARM.Collect$$libshutdown$$00000004  c_w.l(libshutdown2.o)
    0x08000258   0x08000258   0x00000000   Code   RO         1513    .ARM.Collect$$libshutdown$$00000007  c_w.l(libshutdown2.o)
    0x08000258   0x08000258   0x00000000   Code   RO         1516    .ARM.Collect$$libshutdown$$0000000A  c_w.l(libshutdown2.o)
    0x08000258   0x08000258   0x00000000   Code   RO         1518    .ARM.Collect$$libshutdown$$0000000C  c_w.l(libshutdown2.o)
    0x08000258   0x08000258   0x00000000   Code   RO         1521    .ARM.Collect$$libshutdown$$0000000F  c_w.l(libshutdown2.o)
    0x08000258   0x08000258   0x00000002   Code   RO         1522    .ARM.Collect$$libshutdown$$00000010  c_w.l(libshutdown2.o)
    0x0800025a   0x0800025a   0x00000000   Code   RO         1379    .ARM.Collect$$rtentry$$00000000  c_w.l(__rtentry.o)
    0x0800025a   0x0800025a   0x00000000   Code   RO         1391    .ARM.Collect$$rtentry$$00000002  c_w.l(__rtentry2.o)
    0x0800025a   0x0800025a   0x00000006   Code   RO         1403    .ARM.Collect$$rtentry$$00000004  c_w.l(__rtentry4.o)
    0x08000260   0x08000260   0x00000000   Code   RO         1393    .ARM.Collect$$rtentry$$00000009  c_w.l(__rtentry2.o)
    0x08000260   0x08000260   0x00000004   Code   RO         1394    .ARM.Collect$$rtentry$$0000000A  c_w.l(__rtentry2.o)
    0x08000264   0x08000264   0x00000000   Code   RO         1396    .ARM.Collect$$rtentry$$0000000C  c_w.l(__rtentry2.o)
    0x08000264   0x08000264   0x00000008   Code   RO         1397    .ARM.Collect$$rtentry$$0000000D  c_w.l(__rtentry2.o)
    0x0800026c   0x0800026c   0x00000002   Code   RO         1429    .ARM.Collect$$rtexit$$00000000  c_w.l(rtexit.o)
    0x0800026e   0x0800026e   0x00000000   Code   RO         1477    .ARM.Collect$$rtexit$$00000002  c_w.l(rtexit2.o)
    0x0800026e   0x0800026e   0x00000004   Code   RO         1478    .ARM.Collect$$rtexit$$00000003  c_w.l(rtexit2.o)
    0x08000272   0x08000272   0x00000006   Code   RO         1479    .ARM.Collect$$rtexit$$00000004  c_w.l(rtexit2.o)
    0x08000278   0x08000278   0x000001e0   Code   RO            1    .text               led.o
    0x08000458   0x08000458   0x000000d8   Code   RO          112    .text               main.o
    0x08000530   0x08000530   0x00000174   Code   RO          237    .text               board.o
    0x080006a4   0x080006a4   0x00000010   Code   RO          261    .text               stm32f4xx_it.o
    0x080006b4   0x080006b4   0x000004ee   Code   RO          285    .text               drv_gpio.o
    0x08000ba2   0x08000ba2   0x00000002   PAD
    0x08000ba4   0x08000ba4   0x000002d4   Code   RO          317    .text               drv_usart.o
    0x08000e78   0x08000e78   0x00000118   Code   RO          353    .text               system_stm32f3xx.o
    0x08000f90   0x08000f90   0x00000040   Code   RO          384    .text               startup_stm32f334x8.o
    0x08000fd0   0x08000fd0   0x00000160   Code   RO          391    .text               stm32f3xx_hal.o
    0x08001130   0x08001130   0x000002c4   Code   RO          418    .text               stm32f3xx_hal_cortex.o
    0x080013f4   0x080013f4   0x00000328   Code   RO          446    .text               stm32f3xx_hal_gpio.o
    0x0800171c   0x0800171c   0x00000fcc   Code   RO          494    .text               stm32f3xx_hal_rcc.o
    0x080026e8   0x080026e8   0x00000448   Code   RO          521    .text               stm32f3xx_hal_rcc_ex.o
    0x08002b30   0x08002b30   0x000014ec   Code   RO          546    .text               stm32f3xx_hal_uart.o
    0x0800401c   0x0800401c   0x000001ec   Code   RO          570    .text               stm32f3xx_hal_uart_ex.o
    0x08004208   0x08004208   0x00000540   Code   RO          618    .text               stm32f3xx_hal_dma.o
    0x08004748   0x08004748   0x0000006c   Code   RO          639    .text               clock.o
    0x080047b4   0x080047b4   0x000000b8   Code   RO          653    .text               components.o
    0x0800486c   0x0800486c   0x00000298   Code   RO          671    .text               device.o
    0x08004b04   0x08004b04   0x000000dc   Code   RO          683    .text               idle.o
    0x08004be0   0x08004be0   0x00000436   Code   RO          701    .text               ipc.o
    0x08005016   0x08005016   0x00000002   PAD
    0x08005018   0x08005018   0x00000040   Code   RO          716    .text               irq.o
    0x08005058   0x08005058   0x00000a38   Code   RO          731    .text               kservice.o
    0x08005a90   0x08005a90   0x00000550   Code   RO          748    .text               mem.o
    0x08005fe0   0x08005fe0   0x00000174   Code   RO          794    .text               object.o
    0x08006154   0x08006154   0x00000288   Code   RO          811    .text               scheduler.o
    0x080063dc   0x080063dc   0x0000043e   Code   RO          846    .text               thread.o
    0x0800681a   0x0800681a   0x00000002   PAD
    0x0800681c   0x0800681c   0x0000034c   Code   RO          862    .text               timer.o
    0x08006b68   0x08006b68   0x00000180   Code   RO          879    .text               cpuport.o
    0x08006ce8   0x08006ce8   0x00000110   Code   RO          894    .text               context_rvds.o
    0x08006df8   0x08006df8   0x00000178   Code   RO          931    .text               pin.o
    0x08006f70   0x08006f70   0x000008cc   Code   RO          948    .text               serial.o
    0x0800783c   0x0800783c   0x000000e4   Code   RO          963    .text               completion.o
    0x08007920   0x08007920   0x00000314   Code   RO          978    .text               dataqueue.o
    0x08007c34   0x08007c34   0x0000097c   Code   RO         1051    .text               shell.o
    0x080085b0   0x080085b0   0x00000a58   Code   RO         1091    .text               cmd.o
    0x08009008   0x08009008   0x00000354   Code   RO         1114    .text               msh.o
    0x0800935c   0x0800935c   0x00000022   Code   RO         1131    .text               msh_cmd.o
    0x0800937e   0x0800937e   0x00000002   PAD
    0x08009380   0x08009380   0x00001818   Code   RO         1153    .text               finsh_compiler.o
    0x0800ab98   0x0800ab98   0x0000002c   Code   RO         1190    .text               finsh_error.o
    0x0800abc4   0x0800abc4   0x00000210   Code   RO         1206    .text               finsh_heap.o
    0x0800add4   0x0800add4   0x00000058   Code   RO         1222    .text               finsh_init.o
    0x0800ae2c   0x0800ae2c   0x00000184   Code   RO         1240    .text               finsh_node.o
    0x0800afb0   0x0800afb0   0x00000adc   Code   RO         1255    .text               finsh_ops.o
    0x0800ba8c   0x0800ba8c   0x0000097c   Code   RO         1273    .text               finsh_parser.o
    0x0800c408   0x0800c408   0x0000019c   Code   RO         1288    .text               finsh_var.o
    0x0800c5a4   0x0800c5a4   0x000000e4   Code   RO         1311    .text               finsh_vm.o
    0x0800c688   0x0800c688   0x00000680   Code   RO         1334    .text               finsh_token.o
    0x0800cd08   0x0800cd08   0x0000001a   Code   RO         1351    .text               c_w.l(atoi.o)
    0x0800cd22   0x0800cd22   0x00000058   Code   RO         1353    .text               c_w.l(memcmp.o)
    0x0800cd7a   0x0800cd7a   0x00000048   Code   RO         1355    .text               c_w.l(strcpy.o)
    0x0800cdc2   0x0800cdc2   0x0000003e   Code   RO         1357    .text               c_w.l(strlen.o)
    0x0800ce00   0x0800ce00   0x00000096   Code   RO         1359    .text               c_w.l(strncmp.o)
    0x0800ce96   0x0800ce96   0x00000018   Code   RO         1361    .text               c_w.l(strcat.o)
    0x0800ceae   0x0800ceae   0x0000008a   Code   RO         1363    .text               c_w.l(rt_memcpy_v6.o)
    0x0800cf38   0x0800cf38   0x00000064   Code   RO         1365    .text               c_w.l(rt_memcpy_w.o)
    0x0800cf9c   0x0800cf9c   0x00000044   Code   RO         1367    .text               c_w.l(rt_memclr.o)
    0x0800cfe0   0x0800cfe0   0x0000004e   Code   RO         1369    .text               c_w.l(rt_memclr_w.o)
    0x0800d02e   0x0800d02e   0x00000056   Code   RO         1371    .text               c_w.l(strncpy.o)
    0x0800d084   0x0800d084   0x00000080   Code   RO         1373    .text               c_w.l(strcmpv7m.o)
    0x0800d104   0x0800d104   0x00000006   Code   RO         1375    .text               c_w.l(heapauxi.o)
    0x0800d10a   0x0800d10a   0x00000002   PAD
    0x0800d10c   0x0800d10c   0x00000008   Code   RO         1383    .text               c_w.l(rt_errno_addr_intlibspace.o)
    0x0800d114   0x0800d114   0x00000070   Code   RO         1385    .text               c_w.l(strtol.o)
    0x0800d184   0x0800d184   0x00000008   Code   RO         1387    .text               c_w.l(libspace.o)
    0x0800d18c   0x0800d18c   0x00000010   Code   RO         1405    .text               c_w.l(rt_ctype_table.o)
    0x0800d19c   0x0800d19c   0x0000009e   Code   RO         1407    .text               c_w.l(_strtoul.o)
    0x0800d23a   0x0800d23a   0x0000004a   Code   RO         1409    .text               c_w.l(sys_stackheap_outer.o)
    0x0800d284   0x0800d284   0x00000008   Code   RO         1414    .text               c_w.l(rt_locale_intlibspace.o)
    0x0800d28c   0x0800d28c   0x0000001c   Code   RO         1416    .text               c_w.l(_chval.o)
    0x0800d2a8   0x0800d2a8   0x00000012   Code   RO         1421    .text               c_w.l(exit.o)
    0x0800d2ba   0x0800d2ba   0x00000002   PAD
    0x0800d2bc   0x0800d2bc   0x0000000c   Code   RO         1487    .text               c_w.l(sys_exit.o)
    0x0800d2c8   0x0800d2c8   0x00000002   Code   RO         1498    .text               c_w.l(use_no_semi.o)
    0x0800d2ca   0x0800d2ca   0x00000000   Code   RO         1500    .text               c_w.l(indicate_semi.o)
    0x0800d2ca   0x0800d2ca   0x00000002   PAD
    0x0800d2cc   0x0800d2cc   0x0000002c   Code   RO         1419    locale$$code        c_w.l(lc_ctype_c.o)
    0x0800d2f8   0x0800d2f8   0x0000000a   Code   RO         1485    x$fpl$fpinit        fz_wm.l(fpinit.o)
    0x0800d302   0x0800d302   0x00000002   PAD
    0x0800d304   0x0800d304   0x00000368   Data   RO          286    .constdata          drv_gpio.o
    0x0800d66c   0x0800d66c   0x0000001c   Data   RO          319    .constdata          drv_usart.o
    0x0800d688   0x0800d688   0x00000018   Data   RO          354    .constdata          system_stm32f3xx.o
    0x0800d6a0   0x0800d6a0   0x00000020   Data   RO          495    .constdata          stm32f3xx_hal_rcc.o
    0x0800d6c0   0x0800d6c0   0x00000020   Data   RO          522    .constdata          stm32f3xx_hal_rcc_ex.o
    0x0800d6e0   0x0800d6e0   0x00000122   Data   RO          733    .constdata          kservice.o
    0x0800d802   0x0800d802   0x00000002   PAD
    0x0800d804   0x0800d804   0x00000050   Data   RO         1092    .constdata          cmd.o
    0x0800d854   0x0800d854   0x000000c4   Data   RO         1256    .constdata          finsh_ops.o
    0x0800d918   0x0800d918   0x00000040   Data   RO         1335    .constdata          finsh_token.o
    0x0800d958   0x0800d958   0x0000015d   Data   RO         1093    .conststring        cmd.o
    0x0800dab5   0x0800dab5   0x00000003   PAD
    0x0800dab8   0x0800dab8   0x000000f3   Data   RO         1191    .conststring        finsh_error.o
    0x0800dbab   0x0800dbab   0x00000001   PAD
    0x0800dbac   0x0800dbac   0x0000003e   Data   RO         1336    .conststring        finsh_token.o
    0x0800dbea   0x0800dbea   0x00000027   Data   RO          751    .rodata.name        mem.o
    0x0800dc11   0x0800dc11   0x00000069   Data   RO          933    .rodata.name        pin.o
    0x0800dc7a   0x0800dc7a   0x0000025c   Data   RO         1095    .rodata.name        cmd.o
    0x0800ded6   0x0800ded6   0x00000061   Data   RO         1116    .rodata.name        msh.o
    0x0800df37   0x0800df37   0x0000007b   Data   RO         1132    .rodata.name        msh_cmd.o
    0x0800dfb2   0x0800dfb2   0x00000002   PAD
    0x0800dfb4   0x0800dfb4   0x00000004   Data   RO          654    .rti_fn.0           components.o
    0x0800dfb8   0x0800dfb8   0x00000004   Data   RO          655    .rti_fn.0.end       components.o
    0x0800dfbc   0x0800dfbc   0x00000004   Data   RO          288    .rti_fn.1           drv_gpio.o
    0x0800dfc0   0x0800dfc0   0x00000004   Data   RO          320    .rti_fn.1           drv_usart.o
    0x0800dfc4   0x0800dfc4   0x00000004   Data   RO          656    .rti_fn.1.end       components.o
    0x0800dfc8   0x0800dfc8   0x00000004   Data   RO         1054    .rti_fn.6           shell.o
    0x0800dfcc   0x0800dfcc   0x00000004   Data   RO          657    .rti_fn.6.end       components.o
    0x0800dfd0   0x0800dfd0   0x0000000c   Data   RO          752    FSymTab             mem.o
    0x0800dfdc   0x0800dfdc   0x00000024   Data   RO          934    FSymTab             pin.o
    0x0800e000   0x0800e000   0x000000c0   Data   RO         1096    FSymTab             cmd.o
    0x0800e0c0   0x0800e0c0   0x00000024   Data   RO         1117    FSymTab             msh.o
    0x0800e0e4   0x0800e0e4   0x00000024   Data   RO         1133    FSymTab             msh_cmd.o
    0x0800e108   0x0800e108   0x00000020   Data   RO         1553    Region$$Table       anon$$obj.o
    0x0800e128   0x0800e128   0x00000010   Data   RO         1097    VSymTab             cmd.o
    0x0800e138   0x0800e138   0x00000110   Data   RO         1418    locale$$data        c_w.l(lc_ctype_c.o)


    Execution Region RW_IRAM1 (Exec base: 0x20000000, Load base: 0x0800e248, Size: 0x00002188, Max: 0x00020000, ABSOLUTE, COMPRESSED[0x00000078])

    Exec Addr    Load Addr    Size         Type   Attr      Idx    E Section Name        Object

    0x20000000   COMPRESSED   0x00000004   Data   RW            2    .data               led.o
    0x20000004   COMPRESSED   0x00000003   Data   RW          113    .data               main.o
    0x20000007   COMPRESSED   0x00000001   PAD
    0x20000008   COMPRESSED   0x000000c0   Data   RW          287    .data               drv_gpio.o
    0x200000c8   COMPRESSED   0x00000004   Data   RW          355    .data               system_stm32f3xx.o
    0x200000cc   COMPRESSED   0x00000004   Data   RW          392    .data               stm32f3xx_hal.o
    0x200000d0   COMPRESSED   0x00000004   Data   RW          640    .data               clock.o
    0x200000d4   COMPRESSED   0x00000001   Data   RW          717    .data               irq.o
    0x200000d5   COMPRESSED   0x00000003   PAD
    0x200000d8   COMPRESSED   0x00000008   Data   RW          734    .data               kservice.o
    0x200000e0   COMPRESSED   0x00000018   Data   RW          750    .data               mem.o
    0x200000f8   COMPRESSED   0x00000060   Data   RW          795    .data               object.o
    0x20000158   COMPRESSED   0x00000018   Data   RW          813    .data               scheduler.o
    0x20000170   COMPRESSED   0x0000000c   Data   RW          863    .data               timer.o
    0x2000017c   COMPRESSED   0x00000010   Data   RW          880    .data               cpuport.o
    0x2000018c   COMPRESSED   0x00000004   Data   RW         1053    .data               shell.o
    0x20000190   COMPRESSED   0x00000010   Data   RW         1075    .data               symbol.o
    0x200001a0   COMPRESSED   0x00000004   Data   RW         1094    .data               cmd.o
    0x200001a4   COMPRESSED   0x00000004   Data   RW         1115    .data               msh.o
    0x200001a8   COMPRESSED   0x00000008   Data   RW         1154    .data               finsh_compiler.o
    0x200001b0   COMPRESSED   0x00000040   Data   RW         1192    .data               finsh_error.o
    0x200001f0   COMPRESSED   0x00000008   Data   RW         1208    .data               finsh_heap.o
    0x200001f8   COMPRESSED   0x00000004   Data   RW         1290    .data               finsh_var.o
    0x200001fc   COMPRESSED   0x0000000c   Data   RW         1313    .data               finsh_vm.o
    0x20000208        -       0x000000c8   Zero   RW          318    .bss                drv_usart.o
    0x200002d0        -       0x00000178   Zero   RW          684    .bss                idle.o
    0x20000448        -       0x00000080   Zero   RW          732    .bss                kservice.o
    0x200004c8        -       0x00000020   Zero   RW          749    .bss                mem.o
    0x200004e8        -       0x00000100   Zero   RW          812    .bss                scheduler.o
    0x200005e8        -       0x00000044   Zero   RW          932    .bss                pin.o
    0x2000062c        -       0x000010f9   Zero   RW         1052    .bss                shell.o
    0x20001725   COMPRESSED   0x00000003   PAD
    0x20001728        -       0x00000080   Zero   RW         1207    .bss                finsh_heap.o
    0x200017a8        -       0x00000140   Zero   RW         1241    .bss                finsh_node.o
    0x200018e8        -       0x000000c0   Zero   RW         1289    .bss                finsh_var.o
    0x200019a8        -       0x00000180   Zero   RW         1312    .bss                finsh_vm.o
    0x20001b28        -       0x00000060   Zero   RW         1388    .bss                c_w.l(libspace.o)
    0x20001b88        -       0x00000200   Zero   RW          382    HEAP                startup_stm32f334x8.o
    0x20001d88        -       0x00000400   Zero   RW          381    STACK               startup_stm32f334x8.o


==============================================================================

Image component sizes


      Code (inc. data)   RO Data    RW Data    ZI Data      Debug   Object Name

       372         34          0          0          0       2049   board.o
       108          6          0          4          0       1672   clock.o
      2648        946       1241          4          0      12511   cmd.o
       228          0          0          0          0       4047   completion.o
       184         22         16          0          0       2562   components.o
       272         26          0          0          0        832   context_rvds.o
       384        182          0         16          0       3751   cpuport.o
       788          0          0          0          0       4585   dataqueue.o
       664         56          0          0          0       5098   device.o
      1262         36        876        192          0       7118   drv_gpio.o
       724         40         32          0        200      28535   drv_usart.o
      6168        154          0          8          0       9994   finsh_compiler.o
        44         10        243         64          0       1785   finsh_error.o
       528         18          0          8        128       3499   finsh_heap.o
        88          6          0          0          0       1720   finsh_init.o
       388          4          0          0        320       3532   finsh_node.o
      2780         36        196          0          0       8960   finsh_ops.o
      2428         32          0          0          0       9837   finsh_parser.o
      1664         16        126          0          0       6364   finsh_token.o
       412         18          0          4        192       6469   finsh_var.o
       228         34          0         12        384       5552   finsh_vm.o
       220         26          0          0        376       4198   idle.o
      1078          0          0          0          0       8931   ipc.o
        64          6          0          1          0       1470   irq.o
      2616        170        290          8        128      11892   kservice.o
       480        154          0          4          0      22283   led.o
       216         58          0          3          0     598235   main.o
      1360        260         51         24         32       7536   mem.o
       852        124        133          4          0       4991   msh.o
        34          0        159          0          0       2363   msh_cmd.o
       372          6          0         96          0       6083   object.o
       376         18        141          0         68       4755   pin.o
       648        112          0         24        256       5840   scheduler.o
      2252         26          0          0          0       8865   serial.o
      2428        234          4          4       4345       6272   shell.o
        64         26        392          0       1536        956   startup_stm32f334x8.o
       352         28          0          4          0       4503   stm32f3xx_hal.o
       708         22          0          0          0      30454   stm32f3xx_hal_cortex.o
      1344         10          0          0          0       5701   stm32f3xx_hal_dma.o
       808         24          0          0          0       3571   stm32f3xx_hal_gpio.o
      4044         90         32          0          0       6231   stm32f3xx_hal_rcc.o
      1096         42         32          0          0       2720   stm32f3xx_hal_rcc_ex.o
      5356         72          0          0          0      17473   stm32f3xx_hal_uart.o
       492          4          0          0          0       2963   stm32f3xx_hal_uart_ex.o
        16          0          0          0          0        876   stm32f4xx_it.o
         0          0          0         16          0       5121   symbol.o
       280         38         24          4          0       1865   system_stm32f3xx.o
      1086         12          0          0          0       8661   thread.o
       844          8          0         12          0       7697   timer.o

    ----------------------------------------------------------------------
     51856       3246       4028        520       7968     922978   Object Totals
         0          0         32          0          0          0   (incl. Generated)
         8          0          8          4          3          0   (incl. Padding)

    ----------------------------------------------------------------------

      Code (inc. data)   RO Data    RW Data    ZI Data      Debug   Library Member Name

        90          0          0          0          0          0   __dczerorl2.o
         8          0          0          0          0         68   __main.o
         0          0          0          0          0          0   __rtentry.o
        12          0          0          0          0          0   __rtentry2.o
         6          0          0          0          0          0   __rtentry4.o
        52          8          0          0          0          0   __scatter.o
        28          0          0          0          0          0   __scatter_zi.o
        28          0          0          0          0         68   _chval.o
       158          0          0          0          0         92   _strtoul.o
        26          0          0          0          0         80   atoi.o
        18          0          0          0          0         80   exit.o
         6          0          0          0          0        152   heapauxi.o
         0          0          0          0          0          0   indicate_semi.o
        44         10        272          0          0         76   lc_ctype_c.o
         2          0          0          0          0          0   libinit.o
        24          0          0          0          0          0   libinit2.o
         2          0          0          0          0          0   libshutdown.o
         2          0          0          0          0          0   libshutdown2.o
         8          4          0          0         96         68   libspace.o
        88          0          0          0          0         76   memcmp.o
        16          4          0          0          0         76   rt_ctype_table.o
         8          4          0          0          0         68   rt_errno_addr_intlibspace.o
         8          4          0          0          0         68   rt_locale_intlibspace.o
        68          0          0          0          0         68   rt_memclr.o
        78          0          0          0          0         80   rt_memclr_w.o
       138          0          0          0          0         68   rt_memcpy_v6.o
       100          0          0          0          0         80   rt_memcpy_w.o
         2          0          0          0          0          0   rtexit.o
        10          0          0          0          0          0   rtexit2.o
        24          0          0          0          0         68   strcat.o
       128          0          0          0          0         68   strcmpv7m.o
        72          0          0          0          0         80   strcpy.o
        62          0          0          0          0         76   strlen.o
       150          0          0          0          0         80   strncmp.o
        86          0          0          0          0         76   strncpy.o
       112          0          0          0          0         88   strtol.o
        12          4          0          0          0         68   sys_exit.o
        74          0          0          0          0         80   sys_stackheap_outer.o
         2          0          0          0          0         68   use_no_semi.o
        10          0          0          0          0        116   fpinit.o

    ----------------------------------------------------------------------
      1772         38        272          0         96       2136   Library Totals
        10          0          0          0          0          0   (incl. Padding)

    ----------------------------------------------------------------------

      Code (inc. data)   RO Data    RW Data    ZI Data      Debug   Library Name

      1752         38        272          0         96       2020   c_w.l
        10          0          0          0          0        116   fz_wm.l

    ----------------------------------------------------------------------
      1772         38        272          0         96       2136   Library Totals

    ----------------------------------------------------------------------

==============================================================================


      Code (inc. data)   RO Data    RW Data    ZI Data      Debug   

     53628       3284       4300        520       8064     914470   Grand Totals
     53628       3284       4300        120       8064     914470   ELF Image Totals (compressed)
     53628       3284       4300        120          0          0   ROM Totals

==============================================================================

    Total RO  Size (Code + RO Data)                57928 (  56.57kB)
    Total RW  Size (RW Data + ZI Data)              8584 (   8.38kB)
    Total ROM Size (Code + RO Data + RW Data)      58048 (  56.69kB)

==============================================================================

