Component: ARM Compiler 5.06 update 6 (build 750) Tool: armlink [4d35ed]

==============================================================================

Section Cross References

    board.o(.text) refers to stm32f4xx_hal_rcc.o(.text) for HAL_RCC_OscConfig
    board.o(.text) refers to irq.o(.text) for rt_interrupt_enter
    board.o(.text) refers to stm32f4xx_hal.o(.text) for HAL_IncTick
    board.o(.text) refers to clock.o(.text) for rt_tick_increase
    board.o(.text) refers to stm32f4xx_hal_cortex.o(.text) for HAL_SYSTICK_Config
    board.o(.text) refers to thread.o(.text) for rt_thread_delay
    board.o(.text) refers to mem.o(.text) for rt_system_heap_init
    board.o(.text) refers to components.o(.text) for rt_components_board_init
    board.o(.text) refers to kservice.o(.text) for rt_console_set_device
    drv_gpio.o(.text) refers to stm32f4xx_hal_gpio.o(.text) for HAL_GPIO_WritePin
    drv_gpio.o(.text) refers to context_rvds.o(.text) for rt_hw_interrupt_disable
    drv_gpio.o(.text) refers to stm32f4xx_hal_cortex.o(.text) for HAL_NVIC_SetPriority
    drv_gpio.o(.text) refers to drv_gpio.o(.constdata) for pins
    drv_gpio.o(.text) refers to drv_gpio.o(.data) for pin_irq_hdr_tab
    drv_gpio.o(.text) refers to pin.o(.text) for rt_device_pin_register
    drv_gpio.o(.text) refers to irq.o(.text) for rt_interrupt_enter
    drv_gpio.o(.constdata) refers to drv_gpio.o(.text) for GPIOE_CLK_ENABLE
    drv_gpio.o(.rti_fn.1) refers to drv_gpio.o(.text) for rt_hw_pin_init
    drv_usart.o(.text) refers to kservice.o(.text) for rt_assert_handler
    drv_usart.o(.text) refers to stm32f4xx_hal_uart.o(.text) for HAL_UART_Init
    drv_usart.o(.text) refers to irq.o(.text) for rt_interrupt_enter
    drv_usart.o(.text) refers to serial.o(.text) for rt_hw_serial_isr
    drv_usart.o(.text) refers to stm32f4xx_hal_gpio.o(.text) for HAL_GPIO_Init
    drv_usart.o(.text) refers to drv_usart.o(.constdata) for __FUNCTION__
    drv_usart.o(.text) refers to drv_usart.o(.bss) for uart1
    drv_usart.o(.constdata) refers to drv_usart.o(.text) for drv_configure
    drv_usart.o(.rti_fn.1) refers to drv_usart.o(.text) for hw_usart_init
    main.o(.text) refers to thread.o(.text) for rt_thread_create
    main.o(.text) refers to led.o(.text) for led_init
    main.o(.text) refers to main.o(.data) for led_no
    led.o(.text) refers to pin.o(.text) for rt_pin_write
    led.o(.text) refers to thread.o(.text) for rt_thread_delay
    led.o(.text) refers to ipc.o(.text) for rt_sem_create
    led.o(.text) refers to kservice.o(.text) for rt_kprintf
    led.o(.text) refers to led.o(.data) for sem_led
    stm32f4xx_hal.o(.text) refers to stm32f4xx_hal_cortex.o(.text) for HAL_SYSTICK_Config
    stm32f4xx_hal.o(.text) refers to board.o(.text) for HAL_InitTick
    stm32f4xx_hal.o(.text) refers to system_stm32f4xx.o(.data) for SystemCoreClock
    stm32f4xx_hal.o(.text) refers to stm32f4xx_hal.o(.data) for uwTick
    stm32f4xx_hal_dma.o(.text) refers to stm32f4xx_hal.o(.text) for HAL_GetTick
    stm32f4xx_hal_dma.o(.text) refers to stm32f4xx_hal_dma.o(.constdata) for flagBitshiftOffset
    stm32f4xx_hal_dma.o(.text) refers to system_stm32f4xx.o(.data) for SystemCoreClock
    stm32f4xx_hal_flash.o(.text) refers to stm32f4xx_hal.o(.text) for HAL_GetTick
    stm32f4xx_hal_flash.o(.text) refers to stm32f4xx_hal_flash_ex.o(.text) for FLASH_Erase_Sector
    stm32f4xx_hal_flash.o(.text) refers to stm32f4xx_hal_flash.o(.bss) for pFlash
    stm32f4xx_hal_flash_ex.o(.text) refers to stm32f4xx_hal_flash.o(.text) for FLASH_WaitForLastOperation
    stm32f4xx_hal_flash_ex.o(.text) refers to stm32f4xx_hal_flash.o(.bss) for pFlash
    stm32f4xx_hal_gpio.o(.text) refers to drv_gpio.o(.text) for HAL_GPIO_EXTI_Callback
    stm32f4xx_hal_iwdg.o(.text) refers to stm32f4xx_hal.o(.text) for HAL_GetTick
    stm32f4xx_hal_pwr_ex.o(.text) refers to stm32f4xx_hal.o(.text) for HAL_GetTick
    stm32f4xx_hal_rcc.o(.text) refers to stm32f4xx_hal.o(.text) for HAL_GetTick
    stm32f4xx_hal_rcc.o(.text) refers to lludivv7m.o(.text) for __aeabi_uldivmod
    stm32f4xx_hal_rcc.o(.text) refers to board.o(.text) for HAL_InitTick
    stm32f4xx_hal_rcc.o(.text) refers to stm32f4xx_hal_gpio.o(.text) for HAL_GPIO_Init
    stm32f4xx_hal_rcc.o(.text) refers to system_stm32f4xx.o(.constdata) for AHBPrescTable
    stm32f4xx_hal_rcc.o(.text) refers to system_stm32f4xx.o(.data) for SystemCoreClock
    stm32f4xx_hal_rcc_ex.o(.text) refers to stm32f4xx_hal.o(.text) for HAL_GetTick
    stm32f4xx_hal_rcc_ex.o(.text) refers to board.o(.text) for HAL_InitTick
    stm32f4xx_hal_rcc_ex.o(.text) refers to system_stm32f4xx.o(.data) for SystemCoreClock
    stm32f4xx_hal_tim.o(.text) refers to stm32f4xx_hal_dma.o(.text) for HAL_DMA_Start_IT
    stm32f4xx_hal_tim.o(.text) refers to stm32f4xx_hal_tim_ex.o(.text) for HAL_TIMEx_BreakCallback
    stm32f4xx_hal_tim_ex.o(.text) refers to stm32f4xx_hal_tim.o(.text) for TIM_Base_SetConfig
[...]
    .bss                                     0x20001720   Section       96  libspace.o(.bss)
    HEAP                                     0x20001780   Section      512  startup_stm32f407xx.o(HEAP)
    Heap_Mem                                 0x20001780   Data         512  startup_stm32f407xx.o(HEAP)
    STACK                                    0x20001980   Section     1024  startup_stm32f407xx.o(STACK)
    Stack_Mem                                0x20001980   Data        1024  startup_stm32f407xx.o(STACK)
    __initial_sp                             0x20001d80   Data           0  startup_stm32f407xx.o(STACK)

    Global Symbols

    Symbol Name                              Value     Ov Type        Size  Object(Section)

    BuildAttributes$$THM_ISAv4$E$P$D$K$B$S$7EM$VFPi3$EXTD16$VFPS$VFMA$PE$A:L22UL41UL21$X:L11$S22US41US21$IEEE1$IW$USESV6$~STKCKD$USESV7$~SHL$OSPACE$ROPI$EBA8$UX$STANDARDLIB$REQ8$PRES8$EABIv2 0x00000000   Number         0  anon$$obj.o ABSOLUTE
    __ARM_use_no_argv                        0x00000000   Number         0  main.o ABSOLUTE
    __ARM_exceptions_init                     - Undefined Weak Reference
    __alloca_initialize                       - Undefined Weak Reference
    __arm_preinit_                            - Undefined Weak Reference
    __cpp_initialize__aeabi_                  - Undefined Weak Reference
    __cxa_finalize                            - Undefined Weak Reference
    __rt_locale                               - Undefined Weak Reference
    __sigvec_lookup                           - Undefined Weak Reference
    _atexit_init                              - Undefined Weak Reference
    _call_atexit_fns                          - Undefined Weak Reference
    _clock_init                               - Undefined Weak Reference
    _fp_trap_init                             - Undefined Weak Reference
    _fp_trap_shutdown                         - Undefined Weak Reference
    _get_lc_collate                           - Undefined Weak Reference
    _get_lc_ctype                             - Undefined Weak Reference
    _get_lc_monetary                          - Undefined Weak Reference
    _get_lc_numeric                           - Undefined Weak Reference
    _get_lc_time                              - Undefined Weak Reference
    _getenv_init                              - Undefined Weak Reference
    _handle_redirection                       - Undefined Weak Reference
    _init_alloc                               - Undefined Weak Reference
    _init_user_alloc                          - Undefined Weak Reference
    _initio                                   - Undefined Weak Reference
    _rand_init                                - Undefined Weak Reference
    _signal_finish                            - Undefined Weak Reference
    _signal_init                              - Undefined Weak Reference
    _terminate_alloc                          - Undefined Weak Reference
    _terminate_user_alloc                     - Undefined Weak Reference
    _terminateio                              - Undefined Weak Reference
    __Vectors_Size                           0x00000188   Number         0  startup_stm32f407xx.o ABSOLUTE
    __Vectors                                0x08000000   Data           4  startup_stm32f407xx.o(RESET)
    __Vectors_End                            0x08000188   Data           0  startup_stm32f407xx.o(RESET)
    __main                                   0x08000189   Thumb Code     8  __main.o(!!!main)
    __scatterload                            0x08000191   Thumb Code     0  __scatter.o(!!!scatter)
    __scatterload_rt2                        0x08000191   Thumb Code    44  __scatter.o(!!!scatter)
    __scatterload_rt2_thumb_only             0x08000191   Thumb Code     0  __scatter.o(!!!scatter)
    __scatterload_null                       0x0800019f   Thumb Code     0  __scatter.o(!!!scatter)
    __decompress                             0x080001c5   Thumb Code    90  __dczerorl2.o(!!dczerorl2)
    __decompress1                            0x080001c5   Thumb Code     0  __dczerorl2.o(!!dczerorl2)
    __scatterload_zeroinit                   0x08000221   Thumb Code    28  __scatter_zi.o(!!handler_zi)
    __rt_lib_init                            0x0800023d   Thumb Code     0  libinit.o(.ARM.Collect$$libinit$$00000000)
    __rt_lib_init_fp_1                       0x0800023f   Thumb Code     0  libinit2.o(.ARM.Collect$$libinit$$00000001)
    __rt_lib_init_alloca_1                   0x08000243   Thumb Code     0  libinit2.o(.ARM.Collect$$libinit$$0000002E)
    __rt_lib_init_argv_1                     0x08000243   Thumb Code     0  libinit2.o(.ARM.Collect$$libinit$$0000002C)
    __rt_lib_init_atexit_1                   0x08000243   Thumb Code     0  libinit2.o(.ARM.Collect$$libinit$$0000001B)
    __rt_lib_init_clock_1                    0x08000243   Thumb Code     0  libinit2.o(.ARM.Collect$$libinit$$00000021)
    __rt_lib_init_cpp_1                      0x08000243   Thumb Code     0  libinit2.o(.ARM.Collect$$libinit$$00000032)
    __rt_lib_init_exceptions_1               0x08000243   Thumb Code     0  libinit2.o(.ARM.Collect$$libinit$$00000030)
    __rt_lib_init_fp_trap_1                  0x08000243   Thumb Code     0  libinit2.o(.ARM.Collect$$libinit$$0000001F)
    __rt_lib_init_getenv_1                   0x08000243   Thumb Code     0  libinit2.o(.ARM.Collect$$libinit$$00000023)
    __rt_lib_init_heap_1                     0x08000243   Thumb Code     0  libinit2.o(.ARM.Collect$$libinit$$0000000A)
    __rt_lib_init_lc_collate_1               0x08000243   Thumb Code     0  libinit2.o(.ARM.Collect$$libinit$$00000011)
    __rt_lib_init_lc_ctype_1                 0x08000243   Thumb Code     0  libinit2.o(.ARM.Collect$$libinit$$00000013)
    __rt_lib_init_lc_monetary_1              0x08000243   Thumb Code     0  libinit2.o(.ARM.Collect$$libinit$$00000015)
    __rt_lib_init_lc_numeric_1               0x08000243   Thumb Code     0  libinit2.o(.ARM.Collect$$libinit$$00000017)
    __rt_lib_init_lc_time_1                  0x08000243   Thumb Code     0  libinit2.o(.ARM.Collect$$libinit$$00000019)
    __rt_lib_init_preinit_1                  0x08000243   Thumb Code     0  libinit2.o(.ARM.Collect$$libinit$$00000004)
    __rt_lib_init_rand_1                     0x08000243   Thumb Code     0  libinit2.o(.ARM.Collect$$libinit$$0000000E)
    __rt_lib_init_return                     0x08000243   Thumb Code     0  libinit2.o(.ARM.Collect$$libinit$$00000033)
    __rt_lib_init_signal_1                   0x08000243   Thumb Code     0  libinit2.o(.ARM.Collect$$libinit$$0000001D)
    __rt_lib_init_stdio_1                    0x08000243   Thumb Code     0  libinit2.o(.ARM.Collect$$libinit$$00000025)
    __rt_lib_init_user_alloc_1               0x08000243   Thumb Code     0  libinit2.o(.ARM.Collect$$libinit$$0000000C)
    __rt_lib_shutdown                        0x08000245   Thumb Code     0  libshutdown.o(.ARM.Collect$$libshutdown$$00000000)
    __rt_lib_shutdown_cpp_1                  0x08000247   Thumb Code     0  libshutdown2.o(.ARM.Collect$$libshutdown$$00000002)
    __rt_lib_shutdown_fp_trap_1              0x08000247   Thumb Code     0  libshutdown2.o(.ARM.Collect$$libshutdown$$00000007)
    __rt_lib_shutdown_heap_1                 0x08000247   Thumb Code     0  libshutdown2.o(.ARM.Collect$$libshutdown$$0000000F)
    __rt_lib_shutdown_return                 0x08000247   Thumb Code     0  libshutdown2.o(.ARM.Collect$$libshutdown$$00000010)
    __rt_lib_shutdown_signal_1               0x08000247   Thumb Code     0  libshutdown2.o(.ARM.Collect$$libshutdown$$0000000A)
    __rt_lib_shutdown_stdio_1                0x08000247   Thumb Code     0  libshutdown2.o(.ARM.Collect$$libshutdown$$00000004)
    __rt_lib_shutdown_user_alloc_1           0x08000247   Thumb Code     0  libshutdown2.o(.ARM.Collect$$libshutdown$$0000000C)
    __rt_entry                               0x08000249   Thumb Code     0  __rtentry.o(.ARM.Collect$$rtentry$$00000000)
    __rt_entry_presh_1                       0x08000249   Thumb Code     0  __rtentry2.o(.ARM.Collect$$rtentry$$00000002)
    __rt_entry_sh                            0x08000249   Thumb Code     0  __rtentry4.o(.ARM.Collect$$rtentry$$00000004)
    __rt_entry_li                            0x0800024f   Thumb Code     0  __rtentry2.o(.ARM.Collect$$rtentry$$0000000A)
    __rt_entry_postsh_1                      0x0800024f   Thumb Code     0  __rtentry2.o(.ARM.Collect$$rtentry$$00000009)
    __rt_entry_main                          0x08000253   Thumb Code     0  __rtentry2.o(.ARM.Collect$$rtentry$$0000000D)
    __rt_entry_postli_1                      0x08000253   Thumb Code     0  __rtentry2.o(.ARM.Collect$$rtentry$$0000000C)
    __rt_exit                                0x0800025b   Thumb Code     0  rtexit.o(.ARM.Collect$$rtexit$$00000000)
    __rt_exit_ls                             0x0800025d   Thumb Code     0  rtexit2.o(.ARM.Collect$$rtexit$$00000003)
    __rt_exit_prels_1                        0x0800025d   Thumb Code     0  rtexit2.o(.ARM.Collect$$rtexit$$00000002)
    __rt_exit_exit                           0x08000261   Thumb Code     0  rtexit2.o(.ARM.Collect$$rtexit$$00000004)
    SysTick_Handler                          0x080003e3   Thumb Code    20  board.o(.text)
    HAL_InitTick                             0x080003f7   Thumb Code    34  board.o(.text)
    HAL_Delay                                0x08000419   Thumb Code    10  board.o(.text)
    HAL_SuspendTick                          0x08000423   Thumb Code     2  board.o(.text)
    HAL_ResumeTick                           0x08000425   Thumb Code     2  board.o(.text)
    HAL_MspInit                              0x08000427   Thumb Code    86  board.o(.text)
    rt_hw_board_init                         0x0800047d   Thumb Code    30  board.o(.text)
    NMI_Handler                              0x080004b5   Thumb Code     2  stm32f4xx_it.o(.text)
    MemManage_Handler                        0x080004b7   Thumb Code     4  stm32f4xx_it.o(.text)
    BusFault_Handler                         0x080004bb   Thumb Code     4  stm32f4xx_it.o(.text)
    UsageFault_Handler                       0x080004bf   Thumb Code     4  stm32f4xx_it.o(.text)
    SVC_Handler                              0x080004c3   Thumb Code     2  stm32f4xx_it.o(.text)
    get_pin                                  0x08000579   Thumb Code    26  drv_gpio.o(.text)
    stm32_pin_write                          0x08000593   Thumb Code    40  drv_gpio.o(.text)
    stm32_pin_read                           0x080005bb   Thumb Code    42  drv_gpio.o(.text)
    stm32_pin_mode                           0x080005e5   Thumb Code   120  drv_gpio.o(.text)
    stm32_pin_attach_irq                     0x0800067b   Thumb Code   216  drv_gpio.o(.text)
    stm32_pin_dettach_irq                    0x08000753   Thumb Code   134  drv_gpio.o(.text)
    stm32_pin_irq_enable                     0x080007d9   Thumb Code   280  drv_gpio.o(.text)
    rt_hw_pin_init                           0x080008f1   Thumb Code    18  drv_gpio.o(.text)
    HAL_GPIO_EXTI_Callback                   0x08000903   Thumb Code    54  drv_gpio.o(.text)
    EXTI0_IRQHandler                         0x08000939   Thumb Code    18  drv_gpio.o(.text)
    EXTI1_IRQHandler                         0x0800094b   Thumb Code    18  drv_gpio.o(.text)
    EXTI2_IRQHandler                         0x0800095d   Thumb Code    18  drv_gpio.o(.text)
    EXTI3_IRQHandler                         0x0800096f   Thumb Code    18  drv_gpio.o(.text)
    EXTI4_IRQHandler                         0x08000981   Thumb Code    18  drv_gpio.o(.text)
    EXTI9_5_IRQHandler                       0x08000993   Thumb Code    46  drv_gpio.o(.text)
    EXTI15_10_IRQHandler                     0x080009c1   Thumb Code    60  drv_gpio.o(.text)
    USART1_IRQHandler                        0x08000b8f   Thumb Code    50  drv_usart.o(.text)
    HAL_UART_MspInit                         0x08000bc1   Thumb Code   332  drv_usart.o(.text)
    HAL_UART_MspDeInit                       0x08000d0d   Thumb Code   100  drv_usart.o(.text)
    hw_usart_init                            0x08000d71   Thumb Code    54  drv_usart.o(.text)
    $Super$$main                             0x08000e11   Thumb Code   154  main.o(.text)
    led_flow                                 0x08000ee5   Thumb Code   128  led.o(.text)
    led_init                                 0x08000f65   Thumb Code    92  led.o(.text)
    led_on                                   0x08000fc1   Thumb Code   106  led.o(.text)
    HAL_Init                                 0x080010eb   Thumb Code    54  stm32f4xx_hal.o(.text)
    HAL_MspDeInit                            0x08001121   Thumb Code     2  stm32f4xx_hal.o(.text)
    HAL_DeInit                               0x08001123   Thumb Code    64  stm32f4xx_hal.o(.text)
    HAL_IncTick                              0x08001163   Thumb Code    12  stm32f4xx_hal.o(.text)
    HAL_GetTick                              0x0800116f   Thumb Code     6  stm32f4xx_hal.o(.text)
    HAL_GetHalVersion                        0x080011b7   Thumb Code     4  stm32f4xx_hal.o(.text)
    HAL_GetREVID                             0x080011bb   Thumb Code     8  stm32f4xx_hal.o(.text)
    HAL_GetDEVID                             0x080011c3   Thumb Code    10  stm32f4xx_hal.o(.text)
    HAL_DBGMCU_EnableDBGSleepMode            0x080011cd   Thumb Code    14  stm32f4xx_hal.o(.text)
    HAL_DBGMCU_DisableDBGSleepMode           0x080011db   Thumb Code    14  stm32f4xx_hal.o(.text)
    HAL_DBGMCU_EnableDBGStopMode             0x080011e9   Thumb Code    14  stm32f4xx_hal.o(.text)
    HAL_DBGMCU_DisableDBGStopMode            0x080011f7   Thumb Code    14  stm32f4xx_hal.o(.text)
    HAL_DBGMCU_EnableDBGStandbyMode          0x08001205   Thumb Code    14  stm32f4xx_hal.o(.text)
    HAL_DBGMCU_DisableDBGStandbyMode         0x08001213   Thumb Code    14  stm32f4xx_hal.o(.text)
    HAL_EnableCompensationCell               0x08001221   Thumb Code     8  stm32f4xx_hal.o(.text)
    HAL_DisableCompensationCell              0x08001229   Thumb Code     8  stm32f4xx_hal.o(.text)
    HAL_GetUID                               0x08001231   Thumb Code    24  stm32f4xx_hal.o(.text)
    HAL_NVIC_SetPriorityGrouping             0x08001289   Thumb Code    36  stm32f4xx_hal_cortex.o(.text)
    HAL_NVIC_SetPriority                     0x080012ad   Thumb Code   124  stm32f4xx_hal_cortex.o(.text)
    HAL_NVIC_EnableIRQ                       0x08001329   Thumb Code    26  stm32f4xx_hal_cortex.o(.text)
    HAL_NVIC_DisableIRQ                      0x08001343   Thumb Code    22  stm32f4xx_hal_cortex.o(.text)
    HAL_NVIC_SystemReset                     0x08001359   Thumb Code    64  stm32f4xx_hal_cortex.o(.text)
    HAL_SYSTICK_Config                       0x08001399   Thumb Code    52  stm32f4xx_hal_cortex.o(.text)
    HAL_MPU_Disable                          0x080013cd   Thumb Code    42  stm32f4xx_hal_cortex.o(.text)
    HAL_MPU_Enable                           0x080013f7   Thumb Code    60  stm32f4xx_hal_cortex.o(.text)
    HAL_MPU_ConfigRegion                     0x08001433   Thumb Code    90  stm32f4xx_hal_cortex.o(.text)
    HAL_NVIC_GetPriorityGrouping             0x0800148d   Thumb Code     8  stm32f4xx_hal_cortex.o(.text)
    HAL_NVIC_GetPriority                     0x08001495   Thumb Code   138  stm32f4xx_hal_cortex.o(.text)
    HAL_NVIC_SetPendingIRQ                   0x0800151f   Thumb Code    24  stm32f4xx_hal_cortex.o(.text)
    HAL_NVIC_GetPendingIRQ                   0x08001537   Thumb Code    38  stm32f4xx_hal_cortex.o(.text)
    HAL_NVIC_ClearPendingIRQ                 0x0800155d   Thumb Code    22  stm32f4xx_hal_cortex.o(.text)
    HAL_NVIC_GetActive                       0x08001573   Thumb Code    38  stm32f4xx_hal_cortex.o(.text)
    HAL_SYSTICK_CLKSourceConfig              0x08001599   Thumb Code    40  stm32f4xx_hal_cortex.o(.text)
    HAL_SYSTICK_Callback                     0x080015c1   Thumb Code     2  stm32f4xx_hal_cortex.o(.text)
    HAL_SYSTICK_IRQHandler                   0x080015c3   Thumb Code     8  stm32f4xx_hal_cortex.o(.text)
    HAL_DMA_Init                             0x080016c5   Thumb Code   232  stm32f4xx_hal_dma.o(.text)
    HAL_DMA_DeInit                           0x080017ad   Thumb Code    98  stm32f4xx_hal_dma.o(.text)
    HAL_DMA_Start                            0x0800183b   Thumb Code   102  stm32f4xx_hal_dma.o(.text)
    HAL_DMA_Start_IT                         0x080018a1   Thumb Code   158  stm32f4xx_hal_dma.o(.text)
    HAL_DMA_Abort                            0x0800193f   Thumb Code   178  stm32f4xx_hal_dma.o(.text)
    HAL_DMA_Abort_IT                         0x080019f1   Thumb Code    40  stm32f4xx_hal_dma.o(.text)
    HAL_DMA_PollForTransfer                  0x08001a19   Thumb Code   346  stm32f4xx_hal_dma.o(.text)
    HAL_DMA_IRQHandler                       0x08001b73   Thumb Code   570  stm32f4xx_hal_dma.o(.text)
    HAL_DMA_RegisterCallback                 0x08001dad   Thumb Code    94  stm32f4xx_hal_dma.o(.text)
    HAL_DMA_UnRegisterCallback               0x08001e0b   Thumb Code   124  stm32f4xx_hal_dma.o(.text)
    HAL_DMA_GetState                         0x08001e87   Thumb Code     8  stm32f4xx_hal_dma.o(.text)
    HAL_DMA_GetError                         0x08001e8f   Thumb Code     6  stm32f4xx_hal_dma.o(.text)
    HAL_GPIO_Init                            0x08001e99   Thumb Code   466  stm32f4xx_hal_gpio.o(.text)
    HAL_GPIO_DeInit                          0x0800206b   Thumb Code   316  stm32f4xx_hal_gpio.o(.text)
    HAL_GPIO_ReadPin                         0x080021a7   Thumb Code    16  stm32f4xx_hal_gpio.o(.text)
    HAL_GPIO_WritePin                        0x080021b7   Thumb Code    12  stm32f4xx_hal_gpio.o(.text)
    HAL_GPIO_TogglePin                       0x080021c3   Thumb Code     8  stm32f4xx_hal_gpio.o(.text)
    HAL_GPIO_LockPin                         0x080021cb   Thumb Code    46  stm32f4xx_hal_gpio.o(.text)
    HAL_GPIO_EXTI_IRQHandler                 0x080021fb   Thumb Code    28  stm32f4xx_hal_gpio.o(.text)
    HAL_RCC_OscConfig                        0x08002249   Thumb Code  1040  stm32f4xx_hal_rcc.o(.text)
    HAL_RCC_GetSysClockFreq                  0x08002659   Thumb Code   162  stm32f4xx_hal_rcc.o(.text)
    HAL_RCC_ClockConfig                      0x080026fb   Thumb Code   366  stm32f4xx_hal_rcc.o(.text)
    HAL_RCC_MCOConfig                        0x08002869   Thumb Code   178  stm32f4xx_hal_rcc.o(.text)
    HAL_RCC_EnableCSS                        0x0800291b   Thumb Code     8  stm32f4xx_hal_rcc.o(.text)
    HAL_RCC_DisableCSS                       0x08002923   Thumb Code     8  stm32f4xx_hal_rcc.o(.text)
    HAL_RCC_GetHCLKFreq                      0x0800292b   Thumb Code     6  stm32f4xx_hal_rcc.o(.text)
    HAL_RCC_GetPCLK1Freq                     0x08002931   Thumb Code    22  stm32f4xx_hal_rcc.o(.text)
    HAL_RCC_GetPCLK2Freq                     0x08002947   Thumb Code    22  stm32f4xx_hal_rcc.o(.text)
    HAL_RCC_GetOscConfig                     0x0800295d   Thumb Code   288  stm32f4xx_hal_rcc.o(.text)
    HAL_RCC_GetClockConfig                   0x08002a7d   Thumb Code    58  stm32f4xx_hal_rcc.o(.text)
    HAL_RCC_CSSCallback                      0x08002ab7   Thumb Code     2  stm32f4xx_hal_rcc.o(.text)
    HAL_RCC_NMI_IRQHandler                   0x08002ab9   Thumb Code    30  stm32f4xx_hal_rcc.o(.text)
    HAL_UART_Init                            0x08002e43   Thumb Code   114  stm32f4xx_hal_uart.o(.text)
    HAL_HalfDuplex_Init                      0x08002eb5   Thumb Code   128  stm32f4xx_hal_uart.o(.text)
    HAL_LIN_Init                             0x08002f35   Thumb Code   142  stm32f4xx_hal_uart.o(.text)
    HAL_MultiProcessor_Init                  0x08002fc3   Thumb Code   154  stm32f4xx_hal_uart.o(.text)
    HAL_UART_DeInit                          0x0800305f   Thumb Code    46  stm32f4xx_hal_uart.o(.text)
    HAL_UART_Transmit                        0x080030f9   Thumb Code   214  stm32f4xx_hal_uart.o(.text)
    HAL_UART_Receive                         0x080031cf   Thumb Code   222  stm32f4xx_hal_uart.o(.text)
    HAL_UART_Transmit_IT                     0x080032ad   Thumb Code    88  stm32f4xx_hal_uart.o(.text)
    HAL_UART_Receive_IT                      0x08003305   Thumb Code   100  stm32f4xx_hal_uart.o(.text)
    HAL_UART_ErrorCallback                   0x08003369   Thumb Code     2  stm32f4xx_hal_uart.o(.text)
    HAL_UART_TxHalfCpltCallback              0x080033ef   Thumb Code     2  stm32f4xx_hal_uart.o(.text)
    HAL_UART_TxCpltCallback                  0x080033ff   Thumb Code     2  stm32f4xx_hal_uart.o(.text)
    HAL_UART_Transmit_DMA                    0x08003437   Thumb Code   142  stm32f4xx_hal_uart.o(.text)
    HAL_UART_RxHalfCpltCallback              0x080034c5   Thumb Code     2  stm32f4xx_hal_uart.o(.text)
    HAL_UART_RxCpltCallback                  0x080034d5   Thumb Code     2  stm32f4xx_hal_uart.o(.text)
    HAL_UART_Receive_DMA                     0x0800351d   Thumb Code   182  stm32f4xx_hal_uart.o(.text)
    HAL_UART_DMAPause                        0x080035d3   Thumb Code   124  stm32f4xx_hal_uart.o(.text)
    HAL_UART_DMAResume                       0x0800364f   Thumb Code   126  stm32f4xx_hal_uart.o(.text)
    HAL_UART_DMAStop                         0x080036cd   Thumb Code   102  stm32f4xx_hal_uart.o(.text)
    HAL_UART_Abort                           0x08003733   Thumb Code   126  stm32f4xx_hal_uart.o(.text)
    HAL_UART_AbortTransmit                   0x080037b1   Thumb Code    68  stm32f4xx_hal_uart.o(.text)
    HAL_UART_AbortReceive                    0x080037f5   Thumb Code    80  stm32f4xx_hal_uart.o(.text)
    HAL_UART_AbortCpltCallback               0x08003845   Thumb Code     2  stm32f4xx_hal_uart.o(.text)
    HAL_UART_Abort_IT                        0x080038c5   Thumb Code   208  stm32f4xx_hal_uart.o(.text)
    HAL_UART_AbortTransmitCpltCallback       0x08003995   Thumb Code     2  stm32f4xx_hal_uart.o(.text)
    HAL_UART_AbortTransmit_IT                0x080039af   Thumb Code   102  stm32f4xx_hal_uart.o(.text)
    HAL_UART_AbortReceiveCpltCallback        0x08003a15   Thumb Code     2  stm32f4xx_hal_uart.o(.text)
    HAL_UART_AbortReceive_IT                 0x08003a2f   Thumb Code   114  stm32f4xx_hal_uart.o(.text)
    HAL_UART_IRQHandler                      0x08003bd7   Thumb Code   348  stm32f4xx_hal_uart.o(.text)
    HAL_LIN_SendBreak                        0x08003d33   Thumb Code    62  stm32f4xx_hal_uart.o(.text)
    HAL_MultiProcessor_EnterMuteMode         0x08003d71   Thumb Code    62  stm32f4xx_hal_uart.o(.text)
    HAL_MultiProcessor_ExitMuteMode          0x08003daf   Thumb Code    62  stm32f4xx_hal_uart.o(.text)
    HAL_HalfDuplex_EnableTransmitter         0x08003ded   Thumb Code    68  stm32f4xx_hal_uart.o(.text)
    HAL_HalfDuplex_EnableReceiver            0x08003e31   Thumb Code    68  stm32f4xx_hal_uart.o(.text)
    HAL_UART_GetState                        0x08003e75   Thumb Code    20  stm32f4xx_hal_uart.o(.text)
    HAL_UART_GetError                        0x08003e89   Thumb Code     6  stm32f4xx_hal_uart.o(.text)
    SystemInit                               0x08003e91   Thumb Code    82  system_stm32f4xx.o(.text)
    SystemCoreClockUpdate                    0x08003ee3   Thumb Code   174  system_stm32f4xx.o(.text)
    Reset_Handler                            0x08003fb1   Thumb Code     8  startup_stm32f407xx.o(.text)
    DebugMon_Handler                         0x08003fc5   Thumb Code     2  startup_stm32f407xx.o(.text)
    ADC_IRQHandler                           0x08003fcb   Thumb Code     0  startup_stm32f407xx.o(.text)
    CAN1_RX0_IRQHandler                      0x08003fcb   Thumb Code     0  startup_stm32f407xx.o(.text)
    CAN1_RX1_IRQHandler                      0x08003fcb   Thumb Code     0  startup_stm32f407xx.o(.text)
    CAN1_SCE_IRQHandler                      0x08003fcb   Thumb Code     0  startup_stm32f407xx.o(.text)
    CAN1_TX_IRQHandler                       0x08003fcb   Thumb Code     0  startup_stm32f407xx.o(.text)
    CAN2_RX0_IRQHandler                      0x08003fcb   Thumb Code     0  startup_stm32f407xx.o(.text)
    CAN2_RX1_IRQHandler                      0x08003fcb   Thumb Code     0  startup_stm32f407xx.o(.text)
    CAN2_SCE_IRQHandler                      0x08003fcb   Thumb Code     0  startup_stm32f407xx.o(.text)
    CAN2_TX_IRQHandler                       0x08003fcb   Thumb Code     0  startup_stm32f407xx.o(.text)
    DCMI_IRQHandler                          0x08003fcb   Thumb Code     0  startup_stm32f407xx.o(.text)
    DMA1_Stream0_IRQHandler                  0x08003fcb   Thumb Code     0  startup_stm32f407xx.o(.text)
    DMA1_Stream1_IRQHandler                  0x08003fcb   Thumb Code     0  startup_stm32f407xx.o(.text)
    DMA1_Stream2_IRQHandler                  0x08003fcb   Thumb Code     0  startup_stm32f407xx.o(.text)
    DMA1_Stream3_IRQHandler                  0x08003fcb   Thumb Code     0  startup_stm32f407xx.o(.text)
    DMA1_Stream4_IRQHandler                  0x08003fcb   Thumb Code     0  startup_stm32f407xx.o(.text)
    DMA1_Stream5_IRQHandler                  0x08003fcb   Thumb Code     0  startup_stm32f407xx.o(.text)
    DMA1_Stream6_IRQHandler                  0x08003fcb   Thumb Code     0  startup_stm32f407xx.o(.text)
    DMA1_Stream7_IRQHandler                  0x08003fcb   Thumb Code     0  startup_stm32f407xx.o(.text)
    DMA2_Stream0_IRQHandler                  0x08003fcb   Thumb Code     0  startup_stm32f407xx.o(.text)
    DMA2_Stream1_IRQHandler                  0x08003fcb   Thumb Code     0  startup_stm32f407xx.o(.text)
    DMA2_Stream2_IRQHandler                  0x08003fcb   Thumb Code     0  startup_stm32f407xx.o(.text)
    DMA2_Stream3_IRQHandler                  0x08003fcb   Thumb Code     0  startup_stm32f407xx.o(.text)
    DMA2_Stream4_IRQHandler                  0x08003fcb   Thumb Code     0  startup_stm32f407xx.o(.text)
    DMA2_Stream5_IRQHandler                  0x08003fcb   Thumb Code     0  startup_stm32f407xx.o(.text)
    DMA2_Stream6_IRQHandler                  0x08003fcb   Thumb Code     0  startup_stm32f407xx.o(.text)
    DMA2_Stream7_IRQHandler                  0x08003fcb   Thumb Code     0  startup_stm32f407xx.o(.text)
    ETH_IRQHandler                           0x08003fcb   Thumb Code     0  startup_stm32f407xx.o(.text)
    ETH_WKUP_IRQHandler                      0x08003fcb   Thumb Code     0  startup_stm32f407xx.o(.text)
    FLASH_IRQHandler                         0x08003fcb   Thumb Code     0  startup_stm32f407xx.o(.text)
    FMC_IRQHandler                           0x08003fcb   Thumb Code     0  startup_stm32f407xx.o(.text)
    FPU_IRQHandler                           0x08003fcb   Thumb Code     0  startup_stm32f407xx.o(.text)
    HASH_RNG_IRQHandler                      0x08003fcb   Thumb Code     0  startup_stm32f407xx.o(.text)
    I2C1_ER_IRQHandler                       0x08003fcb   Thumb Code     0  startup_stm32f407xx.o(.text)
    I2C1_EV_IRQHandler                       0x08003fcb   Thumb Code     0  startup_stm32f407xx.o(.text)
    I2C2_ER_IRQHandler                       0x08003fcb   Thumb Code     0  startup_stm32f407xx.o(.text)
    I2C2_EV_IRQHandler                       0x08003fcb   Thumb Code     0  startup_stm32f407xx.o(.text)
    I2C3_ER_IRQHandler                       0x08003fcb   Thumb Code     0  startup_stm32f407xx.o(.text)
    I2C3_EV_IRQHandler                       0x08003fcb   Thumb Code     0  startup_stm32f407xx.o(.text)
    OTG_FS_IRQHandler                        0x08003fcb   Thumb Code     0  startup_stm32f407xx.o(.text)
    OTG_FS_WKUP_IRQHandler                   0x08003fcb   Thumb Code     0  startup_stm32f407xx.o(.text)
    OTG_HS_EP1_IN_IRQHandler                 0x08003fcb   Thumb Code     0  startup_stm32f407xx.o(.text)
    OTG_HS_EP1_OUT_IRQHandler                0x08003fcb   Thumb Code     0  startup_stm32f407xx.o(.text)
    OTG_HS_IRQHandler                        0x08003fcb   Thumb Code     0  startup_stm32f407xx.o(.text)
    OTG_HS_WKUP_IRQHandler                   0x08003fcb   Thumb Code     0  startup_stm32f407xx.o(.text)
    PVD_IRQHandler                           0x08003fcb   Thumb Code     0  startup_stm32f407xx.o(.text)
    RCC_IRQHandler                           0x08003fcb   Thumb Code     0  startup_stm32f407xx.o(.text)
    RTC_Alarm_IRQHandler                     0x08003fcb   Thumb Code     0  startup_stm32f407xx.o(.text)
    RTC_WKUP_IRQHandler                      0x08003fcb   Thumb Code     0  startup_stm32f407xx.o(.text)
    SDIO_IRQHandler                          0x08003fcb   Thumb Code     0  startup_stm32f407xx.o(.text)
    SPI1_IRQHandler                          0x08003fcb   Thumb Code     0  startup_stm32f407xx.o(.text)
    SPI2_IRQHandler                          0x08003fcb   Thumb Code     0  startup_stm32f407xx.o(.text)
    SPI3_IRQHandler                          0x08003fcb   Thumb Code     0  startup_stm32f407xx.o(.text)
    TAMP_STAMP_IRQHandler                    0x08003fcb   Thumb Code     0  startup_stm32f407xx.o(.text)
    TIM1_BRK_TIM9_IRQHandler                 0x08003fcb   Thumb Code     0  startup_stm32f407xx.o(.text)
    TIM1_CC_IRQHandler                       0x08003fcb   Thumb Code     0  startup_stm32f407xx.o(.text)
    TIM1_TRG_COM_TIM11_IRQHandler            0x08003fcb   Thumb Code     0  startup_stm32f407xx.o(.text)
    TIM1_UP_TIM10_IRQHandler                 0x08003fcb   Thumb Code     0  startup_stm32f407xx.o(.text)
    TIM2_IRQHandler                          0x08003fcb   Thumb Code     0  startup_stm32f407xx.o(.text)
    TIM3_IRQHandler                          0x08003fcb   Thumb Code     0  startup_stm32f407xx.o(.text)
    TIM4_IRQHandler                          0x08003fcb   Thumb Code     0  startup_stm32f407xx.o(.text)
    TIM5_IRQHandler                          0x08003fcb   Thumb Code     0  startup_stm32f407xx.o(.text)
    TIM6_DAC_IRQHandler                      0x08003fcb   Thumb Code     0  startup_stm32f407xx.o(.text)
    TIM7_IRQHandler                          0x08003fcb   Thumb Code     0  startup_stm32f407xx.o(.text)
    TIM8_BRK_TIM12_IRQHandler                0x08003fcb   Thumb Code     0  startup_stm32f407xx.o(.text)
    TIM8_CC_IRQHandler                       0x08003fcb   Thumb Code     0  startup_stm32f407xx.o(.text)
    TIM8_TRG_COM_TIM14_IRQHandler            0x08003fcb   Thumb Code     0  startup_stm32f407xx.o(.text)
    TIM8_UP_TIM13_IRQHandler                 0x08003fcb   Thumb Code     0  startup_stm32f407xx.o(.text)
    UART4_IRQHandler                         0x08003fcb   Thumb Code     0  startup_stm32f407xx.o(.text)
    UART5_IRQHandler                         0x08003fcb   Thumb Code     0  startup_stm32f407xx.o(.text)
    USART2_IRQHandler                        0x08003fcb   Thumb Code     0  startup_stm32f407xx.o(.text)
    USART3_IRQHandler                        0x08003fcb   Thumb Code     0  startup_stm32f407xx.o(.text)
    USART6_IRQHandler                        0x08003fcb   Thumb Code     0  startup_stm32f407xx.o(.text)
    WWDG_IRQHandler                          0x08003fcb   Thumb Code     0  startup_stm32f407xx.o(.text)
    __user_initial_stackheap                 0x08003fcd   Thumb Code     0  startup_stm32f407xx.o(.text)
    rt_system_tick_init                      0x08003ff1   Thumb Code     2  clock.o(.text)
    rt_tick_get                              0x08003ff3   Thumb Code     6  clock.o(.text)
    rt_tick_set                              0x08003ff9   Thumb Code    22  clock.o(.text)
    rt_tick_increase                         0x0800400f   Thumb Code    42  clock.o(.text)
    rt_tick_from_millisecond                 0x08004039   Thumb Code    30  clock.o(.text)
    rt_components_board_init                 0x0800406d   Thumb Code    20  components.o(.text)
    rt_components_init                       0x08004081   Thumb Code    20  components.o(.text)
    main_thread_entry                        0x08004095   Thumb Code    14  components.o(.text)
    rt_application_init                      0x080040a3   Thumb Code    48  components.o(.text)
    rtthread_startup                         0x080040d3   Thumb Code    42  components.o(.text)
    main                                     0x080040fd   Thumb Code    14  components.o(.text)
    rt_device_find                           0x08004135   Thumb Code    94  device.o(.text)
    rt_device_register                       0x08004193   Thumb Code    52  device.o(.text)
    rt_device_unregister                     0x080041c7   Thumb Code    26  device.o(.text)
    rt_device_init_all                       0x080041e1   Thumb Code     4  device.o(.text)
    rt_device_create                         0x080041e5   Thumb Code    40  device.o(.text)
    rt_device_destroy                        0x0800420d   Thumb Code    18  device.o(.text)
    rt_device_init                           0x0800421f   Thumb Code    64  device.o(.text)
    rt_device_open                           0x0800425f   Thumb Code   150  device.o(.text)
    rt_device_close                          0x080042f5   Thumb Code    70  device.o(.text)
    rt_device_read                           0x0800433b   Thumb Code    76  device.o(.text)
    rt_device_write                          0x08004387   Thumb Code    76  device.o(.text)
    rt_device_control                        0x080043d3   Thumb Code    44  device.o(.text)
    rt_device_set_rx_indicate                0x080043ff   Thumb Code    26  device.o(.text)
    rt_device_set_tx_complete                0x08004419   Thumb Code    26  device.o(.text)
    rt_thread_idle_sethook                   0x080044d1   Thumb Code     6  idle.o(.text)
    rt_thread_idle_excute                    0x080044d7   Thumb Code   168  idle.o(.text)
    rt_thread_idle_init                      0x08004593   Thumb Code    38  idle.o(.text)
    rt_thread_idle_gethandler                0x080045b9   Thumb Code     4  idle.o(.text)
    rt_sem_init                              0x080046c5   Thumb Code    50  ipc.o(.text)
    rt_sem_detach                            0x080046f7   Thumb Code    34  ipc.o(.text)
    rt_sem_create                            0x08004719   Thumb Code    84  ipc.o(.text)
    rt_sem_delete                            0x0800476d   Thumb Code    78  ipc.o(.text)
    rt_sem_take                              0x080047bb   Thumb Code   266  ipc.o(.text)
    rt_sem_trytake                           0x080048c5   Thumb Code    14  ipc.o(.text)
    rt_sem_release                           0x080048d3   Thumb Code    80  ipc.o(.text)
    rt_sem_control                           0x08004923   Thumb Code    68  ipc.o(.text)
    rt_mutex_init                            0x08004967   Thumb Code    58  ipc.o(.text)
    rt_mutex_detach                          0x080049a1   Thumb Code    36  ipc.o(.text)
    rt_mutex_create                          0x080049c5   Thumb Code    96  ipc.o(.text)
    rt_mutex_delete                          0x08004a25   Thumb Code    78  ipc.o(.text)
    rt_mutex_take                            0x08004a73   Thumb Code   538  ipc.o(.text)
    rt_mutex_release                         0x08004c8d   Thumb Code   272  ipc.o(.text)
    rt_mutex_control                         0x08004d9d   Thumb Code     8  ipc.o(.text)
    rt_event_init                            0x08004da5   Thumb Code    46  ipc.o(.text)
    rt_event_detach                          0x08004dd3   Thumb Code    36  ipc.o(.text)
    rt_event_create                          0x08004df7   Thumb Code    88  ipc.o(.text)
    rt_event_delete                          0x08004e4f   Thumb Code    82  ipc.o(.text)
    rt_event_send                            0x08004ea1   Thumb Code   272  ipc.o(.text)
    rt_event_recv                            0x08004fb1   Thumb Code   380  ipc.o(.text)
    rt_event_control                         0x0800512d   Thumb Code    70  ipc.o(.text)
    rt_mb_init                               0x08005173   Thumb Code    76  ipc.o(.text)
    rt_mb_detach                             0x080051bf   Thumb Code    44  ipc.o(.text)
    rt_mb_create                             0x080051eb   Thumb Code   128  ipc.o(.text)
    rt_mb_delete                             0x0800526b   Thumb Code    96  ipc.o(.text)
    rt_mb_send_wait                          0x080052cb   Thumb Code   436  ipc.o(.text)
    rt_mb_send                               0x0800547f   Thumb Code    18  ipc.o(.text)
    rt_mb_recv                               0x08005491   Thumb Code   412  ipc.o(.text)
    rt_mb_control                            0x0800562d   Thumb Code    82  ipc.o(.text)
    rt_mq_init                               0x0800567f   Thumb Code   118  ipc.o(.text)
    rt_mq_detach                             0x080056f5   Thumb Code    36  ipc.o(.text)
    rt_mq_delete                             0x08005719   Thumb Code    88  ipc.o(.text)
    rt_mq_create                             0x08005771   Thumb Code   174  ipc.o(.text)
    rt_mq_send                               0x0800581f   Thumb Code   290  ipc.o(.text)
    rt_mq_urgent                             0x08005941   Thumb Code   198  ipc.o(.text)
    rt_mq_recv                               0x08005a07   Thumb Code   438  ipc.o(.text)
    rt_mq_control                            0x08005bbd   Thumb Code    98  ipc.o(.text)
    rt_interrupt_enter_sethook               0x08005c75   Thumb Code     6  irq.o(.text)
    rt_interrupt_leave_sethook               0x08005c7b   Thumb Code     6  irq.o(.text)
    rt_interrupt_enter                       0x08005c81   Thumb Code    46  irq.o(.text)
    rt_interrupt_leave                       0x08005caf   Thumb Code    46  irq.o(.text)
    rt_interrupt_get_nest                    0x08005cdd   Thumb Code     6  irq.o(.text)
    rt_get_errno                             0x08005cf1   Thumb Code    32  kservice.o(.text)
    rt_set_errno                             0x08005d11   Thumb Code    36  kservice.o(.text)
    _rt_errno                                0x08005d35   Thumb Code    30  kservice.o(.text)
    rt_memset                                0x08005d53   Thumb Code    72  kservice.o(.text)
    rt_memcpy                                0x08005d9b   Thumb Code   124  kservice.o(.text)
    rt_memmove                               0x08005e17   Thumb Code    66  kservice.o(.text)
    rt_memcmp                                0x08005e59   Thumb Code    38  kservice.o(.text)
    rt_strlen                                0x08005e7f   Thumb Code    18  kservice.o(.text)
    rt_strstr                                0x08005e91   Thumb Code    58  kservice.o(.text)
    rt_strcasecmp                            0x08005ecb   Thumb Code    48  kservice.o(.text)
    rt_strncpy                               0x08005efb   Thumb Code    52  kservice.o(.text)
    rt_strncmp                               0x08005f2f   Thumb Code    40  kservice.o(.text)
    rt_strcmp                                0x08005f57   Thumb Code    28  kservice.o(.text)
    rt_strnlen                               0x08005f73   Thumb Code    24  kservice.o(.text)
    rt_strdup                                0x08005f8b   Thumb Code    40  kservice.o(.text)
    rt_hw_console_output                     0x08005fb3   Thumb Code     2  kservice.o(.text)
    rt_vsnprintf                             0x0800616b   Thumb Code   800  kservice.o(.text)
    rt_kprintf                               0x0800648b   Thumb Code    96  kservice.o(.text)
    rt_show_version                          0x080064eb   Thumb Code    38  kservice.o(.text)
    rt_snprintf                              0x08006511   Thumb Code    38  kservice.o(.text)
    rt_vsprintf                              0x08006537   Thumb Code    22  kservice.o(.text)
    rt_sprintf                               0x0800654d   Thumb Code    34  kservice.o(.text)
    rt_console_get_device                    0x0800656f   Thumb Code     6  kservice.o(.text)
    rt_console_set_device                    0x08006575   Thumb Code    48  kservice.o(.text)
    rt_kputs                                 0x080065a5   Thumb Code    78  kservice.o(.text)
    rt_malloc_align                          0x080065f3   Thumb Code    66  kservice.o(.text)
    rt_free_align                            0x08006635   Thumb Code    16  kservice.o(.text)
    __rt_ffs                                 0x08006645   Thumb Code    70  kservice.o(.text)
    rt_assert_set_hook                       0x0800668b   Thumb Code     6  kservice.o(.text)
    rt_assert_handler                        0x08006691   Thumb Code    56  kservice.o(.text)
    rt_malloc_sethook                        0x080067a1   Thumb Code     6  mem.o(.text)
    rt_free_sethook                          0x080067a7   Thumb Code     6  mem.o(.text)
    rt_system_heap_init                      0x0800684d   Thumb Code   204  mem.o(.text)
    rt_malloc                                0x08006919   Thumb Code   522  mem.o(.text)
    rt_free                                  0x08006b23   Thumb Code   688  mem.o(.text)
    rt_realloc                               0x08006dd3   Thumb Code   324  mem.o(.text)
    rt_calloc                                0x08006f17   Thumb Code    84  mem.o(.text)
    rt_memory_info                           0x08006f6b   Thumb Code    26  mem.o(.text)
    list_mem                                 0x08006f85   Thumb Code    34  mem.o(.text)
    rt_object_attach_sethook                 0x080070b5   Thumb Code     6  object.o(.text)
    rt_object_detach_sethook                 0x080070bb   Thumb Code     6  object.o(.text)
    rt_object_trytake_sethook                0x080070c1   Thumb Code     6  object.o(.text)
    rt_object_take_sethook                   0x080070c7   Thumb Code     6  object.o(.text)
    rt_object_put_sethook                    0x080070cd   Thumb Code     6  object.o(.text)
    rt_system_object_init                    0x080070d3   Thumb Code     2  object.o(.text)
    rt_object_get_information                0x080070d5   Thumb Code    36  object.o(.text)
    rt_object_init                           0x080070f9   Thumb Code    92  object.o(.text)
    rt_object_detach                         0x08007155   Thumb Code    58  object.o(.text)
    rt_object_allocate                       0x0800718f   Thumb Code   148  object.o(.text)
    rt_object_delete                         0x08007223   Thumb Code    84  object.o(.text)
    rt_object_is_systemobject                0x08007277   Thumb Code    34  object.o(.text)
    rt_object_find                           0x08007299   Thumb Code   142  object.o(.text)
    rt_scheduler_sethook                     0x080073dd   Thumb Code     6  scheduler.o(.text)
    rt_system_scheduler_init                 0x0800743d   Thumb Code    56  scheduler.o(.text)
    rt_system_scheduler_start                0x08007475   Thumb Code    36  scheduler.o(.text)
    rt_schedule                              0x08007499   Thumb Code   154  scheduler.o(.text)
    rt_schedule_insert_thread                0x08007533   Thumb Code    90  scheduler.o(.text)
    rt_schedule_remove_thread                0x0800758d   Thumb Code    94  scheduler.o(.text)
    rt_enter_critical                        0x080075eb   Thumb Code    28  scheduler.o(.text)
    rt_exit_critical                         0x08007607   Thumb Code    54  scheduler.o(.text)
    rt_critical_level                        0x0800763d   Thumb Code     8  scheduler.o(.text)
    rt_thread_suspend_sethook                0x08007701   Thumb Code     6  thread.o(.text)
    rt_thread_resume_sethook                 0x08007707   Thumb Code     6  thread.o(.text)
    rt_thread_inited_sethook                 0x0800770d   Thumb Code     6  thread.o(.text)
    rt_thread_exit                           0x08007713   Thumb Code    76  thread.o(.text)
    rt_thread_timeout                        0x0800775f   Thumb Code    70  thread.o(.text)
    rt_thread_init                           0x08007845   Thumb Code    74  thread.o(.text)
    rt_thread_self                           0x0800788f   Thumb Code     6  thread.o(.text)
    rt_thread_resume                         0x08007895   Thumb Code   100  thread.o(.text)
    rt_thread_startup                        0x080078f9   Thumb Code    88  thread.o(.text)
    rt_thread_detach                         0x08007951   Thumb Code    84  thread.o(.text)
    rt_thread_create                         0x080079a5   Thumb Code    80  thread.o(.text)
    rt_thread_delete                         0x080079f5   Thumb Code    74  thread.o(.text)
    rt_thread_yield                          0x08007a3f   Thumb Code    92  thread.o(.text)
    rt_thread_suspend                        0x08007a9b   Thumb Code   362  thread.o(.text)
    rt_thread_sleep                          0x08007c05   Thumb Code    78  thread.o(.text)
    rt_thread_delay                          0x08007c53   Thumb Code    12  thread.o(.text)
    rt_thread_control                        0x08007c5f   Thumb Code   134  thread.o(.text)
    rt_thread_find                           0x08007ce5   Thumb Code    96  thread.o(.text)
    rt_timer_timeout_sethook                 0x08007d7f   Thumb Code     6  timer.o(.text)
    rt_timer_init                            0x08007e11   Thumb Code    58  timer.o(.text)
    rt_timer_detach                          0x08007e4b   Thumb Code    44  timer.o(.text)
    rt_timer_create                          0x08007e77   Thumb Code    54  timer.o(.text)
    rt_timer_delete                          0x08007ead   Thumb Code    46  timer.o(.text)
    rt_timer_start                           0x08007edb   Thumb Code   292  timer.o(.text)
    rt_timer_stop                            0x08007fff   Thumb Code    80  timer.o(.text)
    rt_timer_control                         0x0800804f   Thumb Code    76  timer.o(.text)
    rt_timer_check                           0x0800809b   Thumb Code   148  timer.o(.text)
    rt_timer_next_timeout_tick               0x0800812f   Thumb Code    10  timer.o(.text)
    rt_system_timer_init                     0x08008139   Thumb Code    24  timer.o(.text)
    rt_system_timer_thread_init              0x08008151   Thumb Code     2  timer.o(.text)
    rt_hw_stack_init                         0x080081cd   Thumb Code    74  cpuport.o(.text)
    rt_hw_exception_install                  0x08008217   Thumb Code     6  cpuport.o(.text)
    rt_hw_hard_fault_exception               0x0800821d   Thumb Code   112  cpuport.o(.text)
    rt_hw_cpu_shutdown                       0x0800828d   Thumb Code    20  cpuport.o(.text)
    rt_hw_interrupt_disable                  0x0800835d   Thumb Code     8  context_rvds.o(.text)
    rt_hw_interrupt_enable                   0x08008365   Thumb Code     6  context_rvds.o(.text)
    rt_hw_context_switch                     0x0800836b   Thumb Code    32  context_rvds.o(.text)
    rt_hw_context_switch_interrupt           0x0800836b   Thumb Code     0  context_rvds.o(.text)
    PendSV_Handler                           0x0800838b   Thumb Code   108  context_rvds.o(.text)
    rt_hw_context_switch_to                  0x080083f7   Thumb Code    70  context_rvds.o(.text)
    rt_hw_interrupt_thread_switch            0x0800843d   Thumb Code     2  context_rvds.o(.text)
    HardFault_Handler                        0x0800843f   Thumb Code    20  context_rvds.o(.text)
    rt_device_pin_register                   0x0800851d   Thumb Code    56  pin.o(.text)
    rt_pin_attach_irq                        0x08008555   Thumb Code    60  pin.o(.text)
    rt_pin_dettach_irq                       0x08008591   Thumb Code    46  pin.o(.text)
    rt_pin_irq_enable                        0x080085bf   Thumb Code    50  pin.o(.text)
    rt_pin_mode                              0x080085f1   Thumb Code    38  pin.o(.text)
    rt_pin_write                             0x08008617   Thumb Code    38  pin.o(.text)
    rt_pin_read                              0x0800863d   Thumb Code    34  pin.o(.text)
    rt_hw_serial_register                    0x08008f6f   Thumb Code    82  serial.o(.text)
    rt_hw_serial_isr                         0x08008fc1   Thumb Code   480  serial.o(.text)
    rt_completion_init                       0x08009341   Thumb Code    42  completion.o(.text)
    rt_completion_wait                       0x0800936b   Thumb Code   198  completion.o(.text)
    rt_completion_done                       0x08009431   Thumb Code    76  completion.o(.text)
    rt_data_queue_init                       0x0800951b   Thumb Code    76  dataqueue.o(.text)
    rt_data_queue_push                       0x08009567   Thumb Code   282  dataqueue.o(.text)
    rt_data_queue_pop                        0x08009681   Thumb Code   342  dataqueue.o(.text)
    rt_data_queue_peak                       0x080097d7   Thumb Code   104  dataqueue.o(.text)
    rt_data_queue_reset                      0x0800983f   Thumb Code   106  dataqueue.o(.text)
    finsh_get_prompt                         0x08009935   Thumb Code    38  shell.o(.text)
    finsh_set_device                         0x080099b9   Thumb Code   156  shell.o(.text)
    finsh_get_device                         0x08009a55   Thumb Code    28  shell.o(.text)
    finsh_set_echo                           0x08009a71   Thumb Code    30  shell.o(.text)
    finsh_get_echo                           0x08009a8f   Thumb Code    32  shell.o(.text)
    finsh_thread_entry                       0x08009bd1   Thumb Code  1358  shell.o(.text)
    finsh_system_function_init               0x0800a11f   Thumb Code    10  shell.o(.text)
    finsh_system_var_init                    0x0800a129   Thumb Code    10  shell.o(.text)
    finsh_system_init                        0x0800a133   Thumb Code   214  shell.o(.text)
    hello                                    0x0800a21d   Thumb Code    12  cmd.o(.text)
    version                                  0x0800a229   Thumb Code    10  cmd.o(.text)
    list_thread                              0x0800a32d   Thumb Code    18  cmd.o(.text)
    list_sem                                 0x0800a3f7   Thumb Code    18  cmd.o(.text)
    list_event                               0x0800a487   Thumb Code    18  cmd.o(.text)
    list_mutex                               0x0800a4f5   Thumb Code    18  cmd.o(.text)
    list_mailbox                             0x0800a5ab   Thumb Code    18  cmd.o(.text)
    list_msgqueue                            0x0800a923   Thumb Code    18  cmd.o(.text)
    list_memheap                             0x0800a981   Thumb Code    18  cmd.o(.text)
    list_mempool                             0x0800aa19   Thumb Code    18  cmd.o(.text)
    list_timer                               0x0800aa9b   Thumb Code    18  cmd.o(.text)
    list_device                              0x0800ab29   Thumb Code    18  cmd.o(.text)
    list                                     0x0800ab3b   Thumb Code    54  cmd.o(.text)
    msh_is_used                              0x0800ae0d   Thumb Code     4  msh.o(.text)
    msh_help                                 0x0800ae11   Thumb Code    66  msh.o(.text)
    msh_exec                                 0x0800aff1   Thumb Code    82  msh.o(.text)
    msh_auto_complete                        0x0800b063   Thumb Code   138  msh.o(.text)
    cmd_ps                                   0x0800b175   Thumb Code    14  msh_cmd.o(.text)
    cmd_time                                 0x0800b183   Thumb Code     6  msh_cmd.o(.text)
    cmd_free                                 0x0800b189   Thumb Code    14  msh_cmd.o(.text)
    __aeabi_uldivmod                         0x0800b197   Thumb Code     0  lludivv7m.o(.text)
    _ll_udiv                                 0x0800b197   Thumb Code   238  lludivv7m.o(.text)
    memcmp                                   0x0800b285   Thumb Code    88  memcmp.o(.text)
    strcpy                                   0x0800b2dd   Thumb Code    72  strcpy.o(.text)
    strlen                                   0x0800b325   Thumb Code    62  strlen.o(.text)
    strncmp                                  0x0800b363   Thumb Code   150  strncmp.o(.text)
    strcat                                   0x0800b3f9   Thumb Code    24  strcat.o(.text)
    __aeabi_memcpy                           0x0800b411   Thumb Code     0  rt_memcpy_v6.o(.text)
    __rt_memcpy                              0x0800b411   Thumb Code   138  rt_memcpy_v6.o(.text)
    _memcpy_lastbytes                        0x0800b477   Thumb Code     0  rt_memcpy_v6.o(.text)
    __aeabi_memcpy4                          0x0800b49b   Thumb Code     0  rt_memcpy_w.o(.text)
    __aeabi_memcpy8                          0x0800b49b   Thumb Code     0  rt_memcpy_w.o(.text)
    __rt_memcpy_w                            0x0800b49b   Thumb Code   100  rt_memcpy_w.o(.text)
    _memcpy_lastbytes_aligned                0x0800b4e3   Thumb Code     0  rt_memcpy_w.o(.text)
    __aeabi_memclr                           0x0800b4ff   Thumb Code     0  rt_memclr.o(.text)
    __rt_memclr                              0x0800b4ff   Thumb Code    68  rt_memclr.o(.text)
    _memset                                  0x0800b503   Thumb Code     0  rt_memclr.o(.text)
    __aeabi_memclr4                          0x0800b543   Thumb Code     0  rt_memclr_w.o(.text)
    __aeabi_memclr8                          0x0800b543   Thumb Code     0  rt_memclr_w.o(.text)
    __rt_memclr_w                            0x0800b543   Thumb Code    78  rt_memclr_w.o(.text)
    _memset_w                                0x0800b547   Thumb Code     0  rt_memclr_w.o(.text)
    __use_two_region_memory                  0x0800b591   Thumb Code     2  heapauxi.o(.text)
    __rt_heap_escrow$2region                 0x0800b593   Thumb Code     2  heapauxi.o(.text)
    __rt_heap_expand$2region                 0x0800b595   Thumb Code     2  heapauxi.o(.text)
    __user_setup_stackheap                   0x0800b597   Thumb Code    74  sys_stackheap_outer.o(.text)
    exit                                     0x0800b5e1   Thumb Code    18  exit.o(.text)
    __user_libspace                          0x0800b5f5   Thumb Code     8  libspace.o(.text)
    __user_perproc_libspace                  0x0800b5f5   Thumb Code     0  libspace.o(.text)
    __user_perthread_libspace                0x0800b5f5   Thumb Code     0  libspace.o(.text)
    _sys_exit                                0x0800b5fd   Thumb Code     8  sys_exit.o(.text)
    __I$use$semihosting                      0x0800b609   Thumb Code     0  use_no_semi.o(.text)
    __use_no_semihosting_swi                 0x0800b609   Thumb Code     2  use_no_semi.o(.text)
    __semihosting_library_function           0x0800b60b   Thumb Code     0  indicate_semi.o(.text)
    _fp_init                                 0x0800b60b   Thumb Code    10  fpinit.o(x$fpl$fpinit)
    __fplib_config_fpu_vfp                   0x0800b613   Thumb Code     0  fpinit.o(x$fpl$fpinit)
    __fplib_config_pureend_doubles           0x0800b613   Thumb Code     0  fpinit.o(x$fpl$fpinit)
    AHBPrescTable                            0x0800bd0c   Data          16  system_stm32f4xx.o(.constdata)
    APBPrescTable                            0x0800bd1c   Data           8  system_stm32f4xx.o(.constdata)
    __lowest_bit_bitmap                      0x0800bfdc   Data         256  kservice.o(.constdata)
    __fsym_list_mem_name                     0x0800c85d   Data           9  mem.o(.rodata.name)
    __fsym_list_mem_desc                     0x0800c866   Data          30  mem.o(.rodata.name)
    __fsym_pinMode_name                      0x0800c884   Data           8  pin.o(.rodata.name)
    __fsym_pinMode_desc                      0x0800c88c   Data          22  pin.o(.rodata.name)
    __fsym_pinWrite_name                     0x0800c8a2   Data           9  pin.o(.rodata.name)
    __fsym_pinWrite_desc                     0x0800c8ab   Data          28  pin.o(.rodata.name)
    __fsym_pinRead_name                      0x0800c8c7   Data           8  pin.o(.rodata.name)
    __fsym_pinRead_desc                      0x0800c8cf   Data          30  pin.o(.rodata.name)
    __fsym_hello_name                        0x0800c8ed   Data           6  cmd.o(.rodata.name)
    __fsym_hello_desc                        0x0800c8f3   Data          16  cmd.o(.rodata.name)
    __fsym_version_name                      0x0800c903   Data           8  cmd.o(.rodata.name)
    __fsym_version_desc                      0x0800c90b   Data          35  cmd.o(.rodata.name)
    __fsym___cmd_version_name                0x0800c92e   Data          14  cmd.o(.rodata.name)
    __fsym___cmd_version_desc                0x0800c93c   Data          35  cmd.o(.rodata.name)
    __fsym_list_thread_name                  0x0800c95f   Data          12  cmd.o(.rodata.name)
    __fsym_list_thread_desc                  0x0800c96b   Data          12  cmd.o(.rodata.name)
    __fsym___cmd_list_thread_name            0x0800c977   Data          18  cmd.o(.rodata.name)
    __fsym___cmd_list_thread_desc            0x0800c989   Data          12  cmd.o(.rodata.name)
    __fsym_list_sem_name                     0x0800c995   Data           9  cmd.o(.rodata.name)
    __fsym_list_sem_desc                     0x0800c99e   Data          25  cmd.o(.rodata.name)
    __fsym___cmd_list_sem_name               0x0800c9b7   Data          15  cmd.o(.rodata.name)
    __fsym___cmd_list_sem_desc               0x0800c9c6   Data          25  cmd.o(.rodata.name)
    __fsym_list_event_name                   0x0800c9df   Data          11  cmd.o(.rodata.name)
    __fsym_list_event_desc                   0x0800c9ea   Data          21  cmd.o(.rodata.name)
    __fsym___cmd_list_event_name             0x0800c9ff   Data          17  cmd.o(.rodata.name)
    __fsym___cmd_list_event_desc             0x0800ca10   Data          21  cmd.o(.rodata.name)
    __fsym_list_mutex_name                   0x0800ca25   Data          11  cmd.o(.rodata.name)
    __fsym_list_mutex_desc                   0x0800ca30   Data          21  cmd.o(.rodata.name)
    __fsym___cmd_list_mutex_name             0x0800ca45   Data          17  cmd.o(.rodata.name)
    __fsym___cmd_list_mutex_desc             0x0800ca56   Data          21  cmd.o(.rodata.name)
    __fsym_list_mailbox_name                 0x0800ca6b   Data          13  cmd.o(.rodata.name)
    __fsym_list_mailbox_desc                 0x0800ca78   Data          24  cmd.o(.rodata.name)
    __fsym___cmd_list_mailbox_name           0x0800ca90   Data          19  cmd.o(.rodata.name)
    __fsym___cmd_list_mailbox_desc           0x0800caa3   Data          24  cmd.o(.rodata.name)
    __fsym_list_msgqueue_name                0x0800cabb   Data          14  cmd.o(.rodata.name)
    __fsym_list_msgqueue_desc                0x0800cac9   Data          29  cmd.o(.rodata.name)
    __fsym___cmd_list_msgqueue_name          0x0800cae6   Data          20  cmd.o(.rodata.name)
    __fsym___cmd_list_msgqueue_desc          0x0800cafa   Data          29  cmd.o(.rodata.name)
    __fsym_list_memheap_name                 0x0800cb17   Data          13  cmd.o(.rodata.name)
    __fsym_list_memheap_desc                 0x0800cb24   Data          27  cmd.o(.rodata.name)
    __fsym___cmd_list_memheap_name           0x0800cb3f   Data          19  cmd.o(.rodata.name)
    __fsym___cmd_list_memheap_desc           0x0800cb52   Data          27  cmd.o(.rodata.name)
    __fsym_list_mempool_name                 0x0800cb6d   Data          13  cmd.o(.rodata.name)
    __fsym_list_mempool_desc                 0x0800cb7a   Data          27  cmd.o(.rodata.name)
    __fsym___cmd_list_mempool_name           0x0800cb95   Data          19  cmd.o(.rodata.name)
    __fsym___cmd_list_mempool_desc           0x0800cba8   Data          27  cmd.o(.rodata.name)
    __fsym_list_timer_name                   0x0800cbc3   Data          11  cmd.o(.rodata.name)
    __fsym_list_timer_desc                   0x0800cbce   Data          21  cmd.o(.rodata.name)
    __fsym___cmd_list_timer_name             0x0800cbe3   Data          17  cmd.o(.rodata.name)
    __fsym___cmd_list_timer_desc             0x0800cbf4   Data          21  cmd.o(.rodata.name)
    __fsym_list_device_name                  0x0800cc09   Data          12  cmd.o(.rodata.name)
    __fsym_list_device_desc                  0x0800cc15   Data          22  cmd.o(.rodata.name)
    __fsym___cmd_list_device_name            0x0800cc2b   Data          18  cmd.o(.rodata.name)
    __fsym___cmd_list_device_desc            0x0800cc3d   Data          22  cmd.o(.rodata.name)
    __fsym_list_name                         0x0800cc53   Data           5  cmd.o(.rodata.name)
    __fsym_list_desc                         0x0800cc58   Data          26  cmd.o(.rodata.name)
    __fsym___cmd_help_name                   0x0800cc72   Data          11  msh.o(.rodata.name)
    __fsym___cmd_help_desc                   0x0800cc7d   Data          22  msh.o(.rodata.name)
    __fsym___cmd_ps_name                     0x0800cc93   Data           9  msh_cmd.o(.rodata.name)
    __fsym___cmd_ps_desc                     0x0800cc9c   Data          28  msh_cmd.o(.rodata.name)
    __fsym___cmd_time_name                   0x0800ccb8   Data          11  msh_cmd.o(.rodata.name)
    __fsym___cmd_time_desc                   0x0800ccc3   Data          27  msh_cmd.o(.rodata.name)
    __fsym___cmd_free_name                   0x0800ccde   Data          11  msh_cmd.o(.rodata.name)
    __fsym___cmd_free_desc                   0x0800cce9   Data          37  msh_cmd.o(.rodata.name)
    __rt_init_rti_start                      0x0800cd10   Data           4  components.o(.rti_fn.0)
    __rt_init_rti_board_start                0x0800cd14   Data           4  components.o(.rti_fn.0.end)
    __rt_init_rt_hw_pin_init                 0x0800cd18   Data           4  drv_gpio.o(.rti_fn.1)
    __rt_init_hw_usart_init                  0x0800cd1c   Data           4  drv_usart.o(.rti_fn.1)
    __rt_init_rti_board_end                  0x0800cd20   Data           4  components.o(.rti_fn.1.end)
    __rt_init_finsh_system_init              0x0800cd24   Data           4  shell.o(.rti_fn.6)
    __rt_init_rti_end                        0x0800cd28   Data           4  components.o(.rti_fn.6.end)
    FSymTab$$Base                            0x0800cd2c   Number         0  mem.o(FSymTab)
    __fsym_list_mem                          0x0800cd2c   Data          12  mem.o(FSymTab)
    __fsym_pinMode                           0x0800cd38   Data          12  pin.o(FSymTab)
    __fsym_pinWrite                          0x0800cd44   Data          12  pin.o(FSymTab)
    __fsym_pinRead                           0x0800cd50   Data          12  pin.o(FSymTab)
    __fsym_hello                             0x0800cd5c   Data          12  cmd.o(FSymTab)
    __fsym_version                           0x0800cd68   Data          12  cmd.o(FSymTab)
    __fsym___cmd_version                     0x0800cd74   Data          12  cmd.o(FSymTab)
    __fsym_list_thread                       0x0800cd80   Data          12  cmd.o(FSymTab)
    __fsym___cmd_list_thread                 0x0800cd8c   Data          12  cmd.o(FSymTab)
    __fsym_list_sem                          0x0800cd98   Data          12  cmd.o(FSymTab)
    __fsym___cmd_list_sem                    0x0800cda4   Data          12  cmd.o(FSymTab)
    __fsym_list_event                        0x0800cdb0   Data          12  cmd.o(FSymTab)
    __fsym___cmd_list_event                  0x0800cdbc   Data          12  cmd.o(FSymTab)
    __fsym_list_mutex                        0x0800cdc8   Data          12  cmd.o(FSymTab)
    __fsym___cmd_list_mutex                  0x0800cdd4   Data          12  cmd.o(FSymTab)
    __fsym_list_mailbox                      0x0800cde0   Data          12  cmd.o(FSymTab)
    __fsym___cmd_list_mailbox                0x0800cdec   Data          12  cmd.o(FSymTab)
    __fsym_list_msgqueue                     0x0800cdf8   Data          12  cmd.o(FSymTab)
    __fsym___cmd_list_msgqueue               0x0800ce04   Data          12  cmd.o(FSymTab)
    __fsym_list_memheap                      0x0800ce10   Data          12  cmd.o(FSymTab)
    __fsym___cmd_list_memheap                0x0800ce1c   Data          12  cmd.o(FSymTab)
    __fsym_list_mempool                      0x0800ce28   Data          12  cmd.o(FSymTab)
    __fsym___cmd_list_mempool                0x0800ce34   Data          12  cmd.o(FSymTab)
    __fsym_list_timer                        0x0800ce40   Data          12  cmd.o(FSymTab)
    __fsym___cmd_list_timer                  0x0800ce4c   Data          12  cmd.o(FSymTab)
    __fsym_list_device                       0x0800ce58   Data          12  cmd.o(FSymTab)
    __fsym___cmd_list_device                 0x0800ce64   Data          12  cmd.o(FSymTab)
    __fsym_list                              0x0800ce70   Data          12  cmd.o(FSymTab)
    __fsym___cmd_help                        0x0800ce7c   Data          12  msh.o(FSymTab)
    __fsym___cmd_ps                          0x0800ce88   Data          12  msh_cmd.o(FSymTab)
    __fsym___cmd_time                        0x0800ce94   Data          12  msh_cmd.o(FSymTab)
    __fsym___cmd_free                        0x0800cea0   Data          12  msh_cmd.o(FSymTab)
    FSymTab$$Limit                           0x0800ceac   Number         0  msh_cmd.o(FSymTab)
    Region$$Table$$Base                      0x0800ceac   Number         0  anon$$obj.o(Region$$Table)
    Region$$Table$$Limit                     0x0800cecc   Number         0  anon$$obj.o(Region$$Table)
    pin_irq_hdr_tab                          0x20000000   Data         192  drv_gpio.o(.data)
    led_no                                   0x200000c0   Data           3  main.o(.data)
    sem_led                                  0x200000c4   Data           4  led.o(.data)
    uwTick                                   0x200000c8   Data           4  stm32f4xx_hal.o(.data)
    SystemCoreClock                          0x200000cc   Data           4  system_stm32f4xx.o(.data)
    rt_interrupt_nest                        0x200000e0   Data           1  irq.o(.data)
    rt_assert_hook                           0x200000ec   Data           4  kservice.o(.data)
    rt_object_trytake_hook                   0x200001b8   Data           4  object.o(.data)
    rt_object_take_hook                      0x200001bc   Data           4  object.o(.data)
    rt_object_put_hook                       0x200001c0   Data           4  object.o(.data)
    rt_current_thread                        0x200001c8   Data           4  scheduler.o(.data)
    rt_current_priority                      0x200001cc   Data           1  scheduler.o(.data)
    rt_thread_ready_priority_group           0x200001d0   Data           4  scheduler.o(.data)
    rt_thread_defunct                        0x200001d4   Data           8  scheduler.o(.data)
    rt_interrupt_from_thread                 0x200001fc   Data           4  cpuport.o(.data)
    rt_interrupt_to_thread                   0x20000200   Data           4  cpuport.o(.data)
    rt_thread_switch_interrupt_flag          0x20000204   Data           4  cpuport.o(.data)
    shell                                    0x2000020c   Data           4  shell.o(.data)
    _syscall_table_begin                     0x20000210   Data           4  symbol.o(.data)
    _syscall_table_end                       0x20000214   Data           4  symbol.o(.data)
    _sysvar_table_begin                      0x20000218   Data           4  symbol.o(.data)
    _sysvar_table_end                        0x2000021c   Data           4  symbol.o(.data)
    serial1                                  0x20000264   Data          84  drv_usart.o(.bss)
    rt_thread_priority_table                 0x200004d8   Data         256  scheduler.o(.bss)
    __libspace_start                         0x20001720   Data          96  libspace.o(.bss)
    __temporary_stack_top$libspace           0x20001780   Data           0  libspace.o(.bss)
    Image$$RW_IRAM1$$ZI$$Limit               0x20001d80   Number         0  anon$$obj.o ABSOLUTE



==============================================================================

Memory Map of the image

  Image Entry point : 0x08000189

  Load Region LR_IROM1 (Base: 0x08000000, Size: 0x0000d0ec, Max: 0x00100000, ABSOLUTE, COMPRESSED[0x0000cf34])

    Execution Region ER_IROM1 (Exec base: 0x08000000, Load base: 0x08000000, Size: 0x0000cecc, Max: 0x00100000, ABSOLUTE)

    Exec Addr    Load Addr    Size         Type   Attr      Idx    E Section Name        Object

    0x08000000   0x08000000   0x00000188   Data   RO         1807    RESET               startup_stm32f407xx.o
    0x08000188   0x08000188   0x00000008   Code   RO         2394  * !!!main             c_w.l(__main.o)
    0x08000190   0x08000190   0x00000034   Code   RO         2563    !!!scatter          c_w.l(__scatter.o)
    0x080001c4   0x080001c4   0x0000005a   Code   RO         2561    !!dczerorl2         c_w.l(__dczerorl2.o)
    0x0800021e   0x0800021e   0x00000002   PAD
    0x08000220   0x08000220   0x0000001c   Code   RO         2565    !!handler_zi        c_w.l(__scatter_zi.o)
    0x0800023c   0x0800023c   0x00000002   Code   RO         2431    .ARM.Collect$$libinit$$00000000  c_w.l(libinit.o)
    0x0800023e   0x0800023e   0x00000004   Code   RO         2443    .ARM.Collect$$libinit$$00000001  c_w.l(libinit2.o)
    0x08000242   0x08000242   0x00000000   Code   RO         2446    .ARM.Collect$$libinit$$00000004  c_w.l(libinit2.o)
    0x08000242   0x08000242   0x00000000   Code   RO         2449    .ARM.Collect$$libinit$$0000000A  c_w.l(libinit2.o)
    0x08000242   0x08000242   0x00000000   Code   RO         2451    .ARM.Collect$$libinit$$0000000C  c_w.l(libinit2.o)
    0x08000242   0x08000242   0x00000000   Code   RO         2453    .ARM.Collect$$libinit$$0000000E  c_w.l(libinit2.o)
    0x08000242   0x08000242   0x00000000   Code   RO         2456    .ARM.Collect$$libinit$$00000011  c_w.l(libinit2.o)
    0x08000242   0x08000242   0x00000000   Code   RO         2458    .ARM.Collect$$libinit$$00000013  c_w.l(libinit2.o)
    0x08000242   0x08000242   0x00000000   Code   RO         2460    .ARM.Collect$$libinit$$00000015  c_w.l(libinit2.o)
    0x08000242   0x08000242   0x00000000   Code   RO         2462    .ARM.Collect$$libinit$$00000017  c_w.l(libinit2.o)
    0x08000242   0x08000242   0x00000000   Code   RO         2464    .ARM.Collect$$libinit$$00000019  c_w.l(libinit2.o)
    0x08000242   0x08000242   0x00000000   Code   RO         2466    .ARM.Collect$$libinit$$0000001B  c_w.l(libinit2.o)
    0x08000242   0x08000242   0x00000000   Code   RO         2468    .ARM.Collect$$libinit$$0000001D  c_w.l(libinit2.o)
    0x08000242   0x08000242   0x00000000   Code   RO         2470    .ARM.Collect$$libinit$$0000001F  c_w.l(libinit2.o)
    0x08000242   0x08000242   0x00000000   Code   RO         2472    .ARM.Collect$$libinit$$00000021  c_w.l(libinit2.o)
    0x08000242   0x08000242   0x00000000   Code   RO         2474    .ARM.Collect$$libinit$$00000023  c_w.l(libinit2.o)
    0x08000242   0x08000242   0x00000000   Code   RO         2476    .ARM.Collect$$libinit$$00000025  c_w.l(libinit2.o)
    0x08000242   0x08000242   0x00000000   Code   RO         2480    .ARM.Collect$$libinit$$0000002C  c_w.l(libinit2.o)
    0x08000242   0x08000242   0x00000000   Code   RO         2482    .ARM.Collect$$libinit$$0000002E  c_w.l(libinit2.o)
    0x08000242   0x08000242   0x00000000   Code   RO         2484    .ARM.Collect$$libinit$$00000030  c_w.l(libinit2.o)
    0x08000242   0x08000242   0x00000000   Code   RO         2486    .ARM.Collect$$libinit$$00000032  c_w.l(libinit2.o)
    0x08000242   0x08000242   0x00000002   Code   RO         2487    .ARM.Collect$$libinit$$00000033  c_w.l(libinit2.o)
    0x08000244   0x08000244   0x00000002   Code   RO         2518    .ARM.Collect$$libshutdown$$00000000  c_w.l(libshutdown.o)
    0x08000246   0x08000246   0x00000000   Code   RO         2544    .ARM.Collect$$libshutdown$$00000002  c_w.l(libshutdown2.o)
    0x08000246   0x08000246   0x00000000   Code   RO         2546    .ARM.Collect$$libshutdown$$00000004  c_w.l(libshutdown2.o)
    0x08000246   0x08000246   0x00000000   Code   RO         2549    .ARM.Collect$$libshutdown$$00000007  c_w.l(libshutdown2.o)
    0x08000246   0x08000246   0x00000000   Code   RO         2552    .ARM.Collect$$libshutdown$$0000000A  c_w.l(libshutdown2.o)
    0x08000246   0x08000246   0x00000000   Code   RO         2554    .ARM.Collect$$libshutdown$$0000000C  c_w.l(libshutdown2.o)
    0x08000246   0x08000246   0x00000000   Code   RO         2557    .ARM.Collect$$libshutdown$$0000000F  c_w.l(libshutdown2.o)
    0x08000246   0x08000246   0x00000002   Code   RO         2558    .ARM.Collect$$libshutdown$$00000010  c_w.l(libshutdown2.o)
    0x08000248   0x08000248   0x00000000   Code   RO         2396    .ARM.Collect$$rtentry$$00000000  c_w.l(__rtentry.o)
    0x08000248   0x08000248   0x00000000   Code   RO         2402    .ARM.Collect$$rtentry$$00000002  c_w.l(__rtentry2.o)
    0x08000248   0x08000248   0x00000006   Code   RO         2414    .ARM.Collect$$rtentry$$00000004  c_w.l(__rtentry4.o)
    0x0800024e   0x0800024e   0x00000000   Code   RO         2404    .ARM.Collect$$rtentry$$00000009  c_w.l(__rtentry2.o)
    0x0800024e   0x0800024e   0x00000004   Code   RO         2405    .ARM.Collect$$rtentry$$0000000A  c_w.l(__rtentry2.o)
    0x08000252   0x08000252   0x00000000   Code   RO         2407    .ARM.Collect$$rtentry$$0000000C  c_w.l(__rtentry2.o)
    0x08000252   0x08000252   0x00000008   Code   RO         2408    .ARM.Collect$$rtentry$$0000000D  c_w.l(__rtentry2.o)
    0x0800025a   0x0800025a   0x00000002   Code   RO         2435    .ARM.Collect$$rtexit$$00000000  c_w.l(rtexit.o)
    0x0800025c   0x0800025c   0x00000000   Code   RO         2491    .ARM.Collect$$rtexit$$00000002  c_w.l(rtexit2.o)
    0x0800025c   0x0800025c   0x00000004   Code   RO         2492    .ARM.Collect$$rtexit$$00000003  c_w.l(rtexit2.o)
    0x08000260   0x08000260   0x00000006   Code   RO         2493    .ARM.Collect$$rtexit$$00000004  c_w.l(rtexit2.o)
    0x08000266   0x08000266   0x00000002   PAD
    0x08000268   0x08000268   0x0000024c   Code   RO            4    .text               board.o
    0x080004b4   0x080004b4   0x00000010   Code   RO          187    .text               stm32f4xx_it.o
    0x080004c4   0x080004c4   0x00000548   Code   RO          211    .text               drv_gpio.o
    0x08000a0c   0x08000a0c   0x00000404   Code   RO          277    .text               drv_usart.o
    0x08000e10   0x08000e10   0x000000d4   Code   RO          313    .text               main.o
    0x08000ee4   0x08000ee4   0x000001e0   Code   RO          340    .text               led.o
    0x080010c4   0x080010c4   0x000001a4   Code   RO          361    .text               stm32f4xx_hal.o
    0x08001268   0x08001268   0x00000384   Code   RO          460    .text               stm32f4xx_hal_cortex.o
    0x080015ec   0x080015ec   0x000008ac   Code   RO          632    .text               stm32f4xx_hal_dma.o
    0x08001e98   0x08001e98   0x000003ac   Code   RO          841    .text               stm32f4xx_hal_gpio.o
    0x08002244   0x08002244   0x0000089c   Code   RO         1261    .text               stm32f4xx_hal_rcc.o
    0x08002ae0   0x08002ae0   0x000013ae   Code   RO         1555    .text               stm32f4xx_hal_uart.o
    0x08003e8e   0x08003e8e   0x00000002   PAD
    0x08003e90   0x08003e90   0x00000120   Code   RO         1777    .text               system_stm32f4xx.o
    0x08003fb0   0x08003fb0   0x00000040   Code   RO         1808    .text               startup_stm32f407xx.o
    0x08003ff0   0x08003ff0   0x0000006c   Code   RO         1812    .text               clock.o
    0x0800405c   0x0800405c   0x000000d8   Code   RO         1826    .text               components.o
    0x08004134   0x08004134   0x0000039c   Code   RO         1845    .text               device.o
    0x080044d0   0x080044d0   0x00000148   Code   RO         1858    .text               idle.o
    0x08004618   0x08004618   0x0000165c   Code   RO         1878    .text               ipc.o
    0x08005c74   0x08005c74   0x0000007c   Code   RO         1895    .text               irq.o
    0x08005cf0   0x08005cf0   0x00000ab0   Code   RO         1910    .text               kservice.o
    0x080067a0   0x080067a0   0x000008f4   Code   RO         1930    .text               mem.o
    0x08007094   0x08007094   0x00000348   Code   RO         1994    .text               object.o
    0x080073dc   0x080073dc   0x00000304   Code   RO         2013    .text               scheduler.o
    0x080076e0   0x080076e0   0x00000690   Code   RO         2049    .text               thread.o
    0x08007d70   0x08007d70   0x0000045c   Code   RO         2068    .text               timer.o
    0x080081cc   0x080081cc   0x00000190   Code   RO         2087    .text               cpuport.o
    0x0800835c   0x0800835c   0x00000110   Code   RO         2103    .text               context_rvds.o
    0x0800846c   0x0800846c   0x00000250   Code   RO         2141    .text               pin.o
    0x080086bc   0x080086bc   0x00000c84   Code   RO         2159    .text               serial.o
    0x08009340   0x08009340   0x000001cc   Code   RO         2175    .text               completion.o
    0x0800950c   0x0800950c   0x00000428   Code   RO         2191    .text               dataqueue.o
    0x08009934   0x08009934   0x000008d4   Code   RO         2269    .text               shell.o
    0x0800a208   0x0800a208   0x00000c04   Code   RO         2310    .text               cmd.o
    0x0800ae0c   0x0800ae0c   0x00000368   Code   RO         2331    .text               msh.o
    0x0800b174   0x0800b174   0x00000022   Code   RO         2348    .text               msh_cmd.o
    0x0800b196   0x0800b196   0x000000ee   Code   RO         2372    .text               c_w.l(lludivv7m.o)
    0x0800b284   0x0800b284   0x00000058   Code   RO         2374    .text               c_w.l(memcmp.o)
    0x0800b2dc   0x0800b2dc   0x00000048   Code   RO         2376    .text               c_w.l(strcpy.o)
    0x0800b324   0x0800b324   0x0000003e   Code   RO         2378    .text               c_w.l(strlen.o)
    0x0800b362   0x0800b362   0x00000096   Code   RO         2380    .text               c_w.l(strncmp.o)
    0x0800b3f8   0x0800b3f8   0x00000018   Code   RO         2382    .text               c_w.l(strcat.o)
    0x0800b410   0x0800b410   0x0000008a   Code   RO         2384    .text               c_w.l(rt_memcpy_v6.o)
    0x0800b49a   0x0800b49a   0x00000064   Code   RO         2386    .text               c_w.l(rt_memcpy_w.o)
    0x0800b4fe   0x0800b4fe   0x00000044   Code   RO         2388    .text               c_w.l(rt_memclr.o)
    0x0800b542   0x0800b542   0x0000004e   Code   RO         2390    .text               c_w.l(rt_memclr_w.o)
    0x0800b590   0x0800b590   0x00000006   Code   RO         2392    .text               c_w.l(heapauxi.o)
    0x0800b596   0x0800b596   0x0000004a   Code   RO         2418    .text               c_w.l(sys_stackheap_outer.o)
    0x0800b5e0   0x0800b5e0   0x00000012   Code   RO         2420    .text               c_w.l(exit.o)
    0x0800b5f2   0x0800b5f2   0x00000002   PAD
    0x0800b5f4   0x0800b5f4   0x00000008   Code   RO         2432    .text               c_w.l(libspace.o)
    0x0800b5fc   0x0800b5fc   0x0000000c   Code   RO         2488    .text               c_w.l(sys_exit.o)
    0x0800b608   0x0800b608   0x00000002   Code   RO         2507    .text               c_w.l(use_no_semi.o)
    0x0800b60a   0x0800b60a   0x00000000   Code   RO         2509    .text               c_w.l(indicate_semi.o)
    0x0800b60a   0x0800b60a   0x0000000a   Code   RO         2503    x$fpl$fpinit        fz_wm.l(fpinit.o)
    0x0800b614   0x0800b614   0x000006a8   Data   RO          212    .constdata          drv_gpio.o
    0x0800bcbc   0x0800bcbc   0x00000048   Data   RO          279    .constdata          drv_usart.o
    0x0800bd04   0x0800bd04   0x00000008   Data   RO          633    .constdata          stm32f4xx_hal_dma.o
    0x0800bd0c   0x0800bd0c   0x00000018   Data   RO         1778    .constdata          system_stm32f4xx.o
    0x0800bd24   0x0800bd24   0x00000014   Data   RO         1827    .constdata          components.o
    0x0800bd38   0x0800bd38   0x000000b7   Data   RO         1846    .constdata          device.o
    0x0800bdef   0x0800bdef   0x00000016   Data   RO         1860    .constdata          idle.o
    0x0800be05   0x0800be05   0x000001d7   Data   RO         1879    .constdata          ipc.o
    0x0800bfdc   0x0800bfdc   0x00000122   Data   RO         1912    .constdata          kservice.o
    0x0800c0fe   0x0800c0fe   0x00000046   Data   RO         1932    .constdata          mem.o
    0x0800c144   0x0800c144   0x0000006d   Data   RO         1995    .constdata          object.o
    0x0800c1b1   0x0800c1b1   0x0000004e   Data   RO         2015    .constdata          scheduler.o
    0x0800c1ff   0x0800c1ff   0x000000b9   Data   RO         2050    .constdata          thread.o
    0x0800c2b8   0x0800c2b8   0x0000005c   Data   RO         2069    .constdata          timer.o
    0x0800c314   0x0800c314   0x00000013   Data   RO         2088    .constdata          cpuport.o
    0x0800c327   0x0800c327   0x0000007e   Data   RO         2143    .constdata          pin.o
    0x0800c3a5   0x0800c3a5   0x0000012a   Data   RO         2160    .constdata          serial.o
    0x0800c4cf   0x0800c4cf   0x00000039   Data   RO         2176    .constdata          completion.o
    0x0800c508   0x0800c508   0x0000004b   Data   RO         2192    .constdata          dataqueue.o
    0x0800c553   0x0800c553   0x0000005b   Data   RO         2271    .constdata          shell.o
    0x0800c5ae   0x0800c5ae   0x00000002   PAD
    0x0800c5b0   0x0800c5b0   0x00000050   Data   RO         2311    .constdata          cmd.o
    0x0800c600   0x0800c600   0x0000000e   Data   RO         2332    .constdata          msh.o
    0x0800c60e   0x0800c60e   0x00000002   PAD
    0x0800c610   0x0800c610   0x000000ed   Data   RO         1933    .conststring        mem.o
    0x0800c6fd   0x0800c6fd   0x00000003   PAD
    0x0800c700   0x0800c700   0x0000015d   Data   RO         2312    .conststring        cmd.o
    0x0800c85d   0x0800c85d   0x00000027   Data   RO         1935    .rodata.name        mem.o
    0x0800c884   0x0800c884   0x00000069   Data   RO         2144    .rodata.name        pin.o
    0x0800c8ed   0x0800c8ed   0x00000385   Data   RO         2313    .rodata.name        cmd.o
    0x0800cc72   0x0800cc72   0x00000021   Data   RO         2333    .rodata.name        msh.o
    0x0800cc93   0x0800cc93   0x0000007b   Data   RO         2349    .rodata.name        msh_cmd.o
    0x0800cd0e   0x0800cd0e   0x00000002   PAD
    0x0800cd10   0x0800cd10   0x00000004   Data   RO         1828    .rti_fn.0           components.o
    0x0800cd14   0x0800cd14   0x00000004   Data   RO         1829    .rti_fn.0.end       components.o
    0x0800cd18   0x0800cd18   0x00000004   Data   RO          214    .rti_fn.1           drv_gpio.o
    0x0800cd1c   0x0800cd1c   0x00000004   Data   RO          280    .rti_fn.1           drv_usart.o
    0x0800cd20   0x0800cd20   0x00000004   Data   RO         1830    .rti_fn.1.end       components.o
    0x0800cd24   0x0800cd24   0x00000004   Data   RO         2273    .rti_fn.6           shell.o
    0x0800cd28   0x0800cd28   0x00000004   Data   RO         1831    .rti_fn.6.end       components.o
    0x0800cd2c   0x0800cd2c   0x0000000c   Data   RO         1936    FSymTab             mem.o
    0x0800cd38   0x0800cd38   0x00000024   Data   RO         2145    FSymTab             pin.o
    0x0800cd5c   0x0800cd5c   0x00000120   Data   RO         2314    FSymTab             cmd.o
    0x0800ce7c   0x0800ce7c   0x0000000c   Data   RO         2334    FSymTab             msh.o
    0x0800ce88   0x0800ce88   0x00000024   Data   RO         2350    FSymTab             msh_cmd.o
    0x0800ceac   0x0800ceac   0x00000020   Data   RO         2559    Region$$Table       anon$$obj.o


    Execution Region RW_IRAM1 (Exec base: 0x20000000, Load base: 0x0800cecc, Size: 0x00001d80, Max: 0x00020000, ABSOLUTE, COMPRESSED[0x00000068])

    Exec Addr    Load Addr    Size         Type   Attr      Idx    E Section Name        Object

    0x20000000   COMPRESSED   0x000000c0   Data   RW          213    .data               drv_gpio.o
    0x200000c0   COMPRESSED   0x00000003   Data   RW          314    .data               main.o
    0x200000c3   COMPRESSED   0x00000001   PAD
    0x200000c4   COMPRESSED   0x00000004   Data   RW          341    .data               led.o
    0x200000c8   COMPRESSED   0x00000004   Data   RW          362    .data               stm32f4xx_hal.o
    0x200000cc   COMPRESSED   0x00000004   Data   RW         1779    .data               system_stm32f4xx.o
    0x200000d0   COMPRESSED   0x00000004   Data   RW         1813    .data               clock.o
    0x200000d4   COMPRESSED   0x00000004   Data   RW         1861    .data               idle.o
    0x200000d8   COMPRESSED   0x00000009   Data   RW         1896    .data               irq.o
    0x200000e1   COMPRESSED   0x00000003   PAD
    0x200000e4   COMPRESSED   0x0000000c   Data   RW         1913    .data               kservice.o
    0x200000f0   COMPRESSED   0x00000020   Data   RW         1934    .data               mem.o
    0x20000110   COMPRESSED   0x000000b4   Data   RW         1996    .data               object.o
    0x200001c4   COMPRESSED   0x0000001c   Data   RW         2016    .data               scheduler.o
    0x200001e0   COMPRESSED   0x0000000c   Data   RW         2051    .data               thread.o
    0x200001ec   COMPRESSED   0x00000010   Data   RW         2070    .data               timer.o
    0x200001fc   COMPRESSED   0x00000010   Data   RW         2089    .data               cpuport.o
    0x2000020c   COMPRESSED   0x00000004   Data   RW         2272    .data               shell.o
    0x20000210   COMPRESSED   0x00000010   Data   RW         2294    .data               symbol.o
    0x20000220        -       0x00000098   Zero   RW          278    .bss                drv_usart.o
    0x200002b8        -       0x00000180   Zero   RW         1859    .bss                idle.o
    0x20000438        -       0x00000080   Zero   RW         1911    .bss                kservice.o
    0x200004b8        -       0x00000020   Zero   RW         1931    .bss                mem.o
    0x200004d8        -       0x00000100   Zero   RW         2014    .bss                scheduler.o
    0x200005d8        -       0x00000044   Zero   RW         2142    .bss                pin.o
    0x2000061c        -       0x00001101   Zero   RW         2270    .bss                shell.o
    0x2000171d   COMPRESSED   0x00000003   PAD
    0x20001720        -       0x00000060   Zero   RW         2433    .bss                c_w.l(libspace.o)
    0x20001780        -       0x00000200   Zero   RW         1806    HEAP                startup_stm32f407xx.o
    0x20001980        -       0x00000400   Zero   RW         1805    STACK               startup_stm32f407xx.o


==============================================================================

Image component sizes


      Code (inc. data)   RO Data    RW Data    ZI Data      Debug   Object Name

       588         26          0          0          0     666983   board.o
       108          6          0          4          0       1672   clock.o
      3076       1336       1618          0          0      14495   cmd.o
       460        128         57          0          0       4335   completion.o
       216         42         36          0          0       2654   components.o
       272         26          0          0          0        832   context_rvds.o
       400        188         19         16          0       3811   cpuport.o
      1064        118         75          0          0       4893   dataqueue.o
       924        158        183          0          0       5446   device.o
      1352         44       1708        192          0      12202   drv_gpio.o
      1028        106         76          0        152      30551   drv_usart.o
       328         76         22          4        384       4645   idle.o
      5724        422        471          0          0      21599   ipc.o
       124         14          0          9          0       2004   irq.o
      2736        228        290         12        128      12540   kservice.o
       480        154          0          4          0       1337   led.o
       212         58          0          3          0       1252   main.o
      2292        644        358         32         32       5655   mem.o
       872        136         59          0          0       4384   msh.o
        34          0        159          0          0       2363   msh_cmd.o
       840        182        109        180          0       7788   object.o
       592         94        267          0         68       5111   pin.o
       772        150         78         28        256       6297   scheduler.o
      3204        412        298          0          0       9805   serial.o
      2260        228         95          4       4353       6113   shell.o
        64         26        392          0       1536        956   startup_stm32f407xx.o
       420         32          0          4          0       5146   stm32f4xx_hal.o
       900         22          0          0          0      32574   stm32f4xx_hal_cortex.o
      2220         26          8          0          0       7201   stm32f4xx_hal_dma.o
       940         46          0          0          0       3683   stm32f4xx_hal_gpio.o
      2204         66          0          0          0       5263   stm32f4xx_hal_rcc.o
      5038         50          0          0          0      16208   stm32f4xx_hal_uart.o
        16          0          0          0          0        876   stm32f4xx_it.o
         0          0          0         16          0       5121   symbol.o
       288         32         24          4          0       1869   system_stm32f4xx.o
      1680        296        185         12          0       9997   thread.o
      1116        100         92         16          0       8363   timer.o

    ----------------------------------------------------------------------
     44846       5672       6720        544       6912     936024   Object Totals
         0          0         32          0          0          0   (incl. Generated)
         2          0          9          4          3          0   (incl. Padding)

    ----------------------------------------------------------------------

      Code (inc. data)   RO Data    RW Data    ZI Data      Debug   Library Member Name

        90          0          0          0          0          0   __dczerorl2.o
         8          0          0          0          0         68   __main.o
         0          0          0          0          0          0   __rtentry.o
        12          0          0          0          0          0   __rtentry2.o
         6          0          0          0          0          0   __rtentry4.o
        52          8          0          0          0          0   __scatter.o
        28          0          0          0          0          0   __scatter_zi.o
        18          0          0          0          0         80   exit.o
         6          0          0          0          0        152   heapauxi.o
         0          0          0          0          0          0   indicate_semi.o
         2          0          0          0          0          0   libinit.o
         6          0          0          0          0          0   libinit2.o
         2          0          0          0          0          0   libshutdown.o
         2          0          0          0          0          0   libshutdown2.o
         8          4          0          0         96         68   libspace.o
       238          0          0          0          0        100   lludivv7m.o
        88          0          0          0          0         76   memcmp.o
        68          0          0          0          0         68   rt_memclr.o
        78          0          0          0          0         80   rt_memclr_w.o
       138          0          0          0          0         68   rt_memcpy_v6.o
       100          0          0          0          0         80   rt_memcpy_w.o
         2          0          0          0          0          0   rtexit.o
        10          0          0          0          0          0   rtexit2.o
        24          0          0          0          0         68   strcat.o
        72          0          0          0          0         80   strcpy.o
        62          0          0          0          0         76   strlen.o
       150          0          0          0          0         80   strncmp.o
        12          4          0          0          0         68   sys_exit.o
        74          0          0          0          0         80   sys_stackheap_outer.o
         2          0          0          0          0         68   use_no_semi.o
        10          0          0          0          0        116   fpinit.o

    ----------------------------------------------------------------------
      1374         16          0          0         96       1476   Library Totals
         6          0          0          0          0          0   (incl. Padding)

    ----------------------------------------------------------------------

      Code (inc. data)   RO Data    RW Data    ZI Data      Debug   Library Name

      1358         16          0          0         96       1360   c_w.l
        10          0          0          0          0        116   fz_wm.l

    ----------------------------------------------------------------------
      1374         16          0          0         96       1476   Library Totals

    ----------------------------------------------------------------------

==============================================================================


      Code (inc. data)   RO Data    RW Data    ZI Data      Debug   

     46220       5688       6720        544       7008     929124   Grand Totals
     46220       5688       6720        104       7008     929124   ELF Image Totals (compressed)
     46220       5688       6720        104          0          0   ROM Totals

==============================================================================

    Total RO  Size (Code + RO Data)                52940 (  51.70kB)
    Total RW  Size (RW Data + ZI Data)              7552 (   7.38kB)
    Total ROM Size (Code + RO Data + RW Data)      53044 (  51.80kB)

==============================================================================

