Component: ARM Compiler 5.06 update 6 (build 750) Tool: armlink [4d35ed]

==============================================================================

Section Cross References

    application.o(.text) refers to shell.o(.text) for finsh_system_init
    application.o(.text) refers to thread.o(.text) for rt_thread_create
    startup.o(.text) refers to kservice.o(.text) for rt_kprintf
    startup.o(.text) refers to board.o(.text) for rt_hw_board_init
    startup.o(.text) refers to clock.o(.text) for rt_system_tick_init
    startup.o(.text) refers to object.o(.text) for rt_system_object_init
    startup.o(.text) refers to timer.o(.text) for rt_system_timer_init
    startup.o(.text) refers to mem.o(.text) for rt_system_heap_init
    startup.o(.text) refers to scheduler.o(.text) for rt_system_scheduler_init
    startup.o(.text) refers to application.o(.text) for rt_application_init
    startup.o(.text) refers to idle.o(.text) for rt_thread_idle_init
    startup.o(.text) refers to context_rvds.o(.text) for rt_hw_interrupt_disable
    board.o(.text) refers to misc.o(.text) for NVIC_SetVectorTable
    board.o(.text) refers to stm32f4xx_rcc.o(.text) for RCC_GetClocksFreq
    board.o(.text) refers to irq.o(.text) for rt_interrupt_enter
    board.o(.text) refers to clock.o(.text) for rt_tick_increase
    board.o(.text) refers to usart.o(.text) for stm32_hw_usart_init
    board.o(.text) refers to gpio.o(.text) for stm32_hw_pin_init
    board.o(.text) refers to kservice.o(.text) for rt_console_set_device
    usart.o(.text) refers to kservice.o(.text) for rt_assert_handler
    usart.o(.text) refers to stm32f4xx_usart.o(.text) for USART_Init
    usart.o(.text) refers to stm32f4xx_dma.o(.text) for DMA_DeInit
    usart.o(.text) refers to stm32f4xx_rcc.o(.text) for RCC_AHB1PeriphClockCmd
    usart.o(.text) refers to misc.o(.text) for NVIC_Init
    usart.o(.text) refers to context_rvds.o(.text) for rt_hw_interrupt_disable
    usart.o(.text) refers to serial.o(.text) for rt_hw_serial_isr
    usart.o(.text) refers to irq.o(.text) for rt_interrupt_enter
    usart.o(.text) refers to stm32f4xx_gpio.o(.text) for GPIO_PinAFConfig
    usart.o(.text) refers to usart.o(.constdata) for __FUNCTION__
    usart.o(.text) refers to usart.o(.bss) for serial1
    usart.o(.text) refers to usart.o(.data) for uart1
    usart.o(.constdata) refers to usart.o(.text) for stm32_configure
    gpio.o(.text) refers to stm32f4xx_gpio.o(.text) for GPIO_ResetBits
    gpio.o(.text) refers to stm32f4xx_rcc.o(.text) for RCC_AHB1PeriphClockCmd
    gpio.o(.text) refers to kservice.o(.text) for rt_assert_handler
    gpio.o(.text) refers to context_rvds.o(.text) for rt_hw_interrupt_disable
    gpio.o(.text) refers to stm32f4xx_syscfg.o(.text) for SYSCFG_EXTILineConfig
    gpio.o(.text) refers to gpio.o(.constdata) for pins
    gpio.o(.text) refers to gpio.o(.data) for irq
    gpio.o(.text) refers to stm32f4xx_exti.o(.text) for EXTI_Init
    gpio.o(.text) refers to misc.o(.text) for NVIC_Init
    gpio.o(.text) refers to pin.o(.text) for rt_device_pin_register
    gpio.o(.text) refers to irq.o(.text) for rt_interrupt_enter
    gpio.o(.constdata) refers to gpio.o(.text) for stm32_pin_mode
    system_stm32f4xx.o(.text) refers to system_stm32f4xx.o(.data) for SystemCoreClock
    misc.o(.text) refers to startup.o(.text) for assert_failed
    stm32f4xx_adc.o(.text) refers to stm32f4xx_rcc.o(.text) for RCC_APB2PeriphResetCmd
    stm32f4xx_adc.o(.text) refers to startup.o(.text) for assert_failed
    stm32f4xx_can.o(.text) refers to startup.o(.text) for assert_failed
    stm32f4xx_can.o(.text) refers to stm32f4xx_rcc.o(.text) for RCC_APB1PeriphResetCmd
    stm32f4xx_cryp.o(.text) refers to stm32f4xx_rcc.o(.text) for RCC_AHB2PeriphResetCmd
    stm32f4xx_cryp.o(.text) refers to startup.o(.text) for assert_failed
    stm32f4xx_cryp_aes.o(.text) refers to stm32f4xx_cryp.o(.text) for CRYP_KeyStructInit
    stm32f4xx_cryp_des.o(.text) refers to stm32f4xx_cryp.o(.text) for CRYP_KeyStructInit
    stm32f4xx_cryp_tdes.o(.text) refers to stm32f4xx_cryp.o(.text) for CRYP_KeyStructInit
    stm32f4xx_dac.o(.text) refers to stm32f4xx_rcc.o(.text) for RCC_APB1PeriphResetCmd
    stm32f4xx_dac.o(.text) refers to startup.o(.text) for assert_failed
    stm32f4xx_dbgmcu.o(.text) refers to startup.o(.text) for assert_failed
    stm32f4xx_dcmi.o(.text) refers to startup.o(.text) for assert_failed
    stm32f4xx_dma.o(.text) refers to startup.o(.text) for assert_failed
    stm32f4xx_exti.o(.text) refers to startup.o(.text) for assert_failed
    stm32f4xx_flash.o(.text) refers to startup.o(.text) for assert_failed
    stm32f4xx_fsmc.o(.text) refers to startup.o(.text) for assert_failed
    stm32f4xx_gpio.o(.text) refers to startup.o(.text) for assert_failed
    stm32f4xx_gpio.o(.text) refers to stm32f4xx_rcc.o(.text) for RCC_AHB1PeriphResetCmd
    stm32f4xx_hash.o(.text) refers to stm32f4xx_rcc.o(.text) for RCC_AHB2PeriphResetCmd
[...]
    RCC_LSICmd                               0x0800345f   Thumb Code    28  stm32f4xx_rcc.o(.text)
    RCC_PLLConfig                            0x0800347b   Thumb Code   156  stm32f4xx_rcc.o(.text)
    RCC_PLLCmd                               0x08003517   Thumb Code    28  stm32f4xx_rcc.o(.text)
    RCC_PLLI2SConfig                         0x08003533   Thumb Code    62  stm32f4xx_rcc.o(.text)
    RCC_PLLI2SCmd                            0x08003571   Thumb Code    28  stm32f4xx_rcc.o(.text)
    RCC_ClockSecuritySystemCmd               0x0800358d   Thumb Code    28  stm32f4xx_rcc.o(.text)
    RCC_MCO1Config                           0x080035a9   Thumb Code   102  stm32f4xx_rcc.o(.text)
    RCC_MCO2Config                           0x0800360f   Thumb Code   102  stm32f4xx_rcc.o(.text)
    RCC_SYSCLKConfig                         0x08003675   Thumb Code   124  stm32f4xx_rcc.o(.text)
    RCC_GetSYSCLKSource                      0x080036f1   Thumb Code    10  stm32f4xx_rcc.o(.text)
    RCC_HCLKConfig                           0x080036fb   Thumb Code    68  stm32f4xx_rcc.o(.text)
    RCC_PCLK1Config                          0x0800373f   Thumb Code    60  stm32f4xx_rcc.o(.text)
    RCC_PCLK2Config                          0x0800377b   Thumb Code    62  stm32f4xx_rcc.o(.text)
    RCC_GetClocksFreq                        0x080037b9   Thumb Code   214  stm32f4xx_rcc.o(.text)
    RCC_RTCCLKConfig                         0x0800388f   Thumb Code   262  stm32f4xx_rcc.o(.text)
    RCC_RTCCLKCmd                            0x08003995   Thumb Code    30  stm32f4xx_rcc.o(.text)
    RCC_BackupResetCmd                       0x080039b3   Thumb Code    32  stm32f4xx_rcc.o(.text)
    RCC_I2SCLKConfig                         0x080039d3   Thumb Code    30  stm32f4xx_rcc.o(.text)
    RCC_AHB1PeriphClockCmd                   0x080039f1   Thumb Code    82  stm32f4xx_rcc.o(.text)
    RCC_AHB2PeriphClockCmd                   0x08003a43   Thumb Code    82  stm32f4xx_rcc.o(.text)
    RCC_AHB3PeriphClockCmd                   0x08003a95   Thumb Code   232  stm32f4xx_rcc.o(.text)
    RCC_APB1PeriphClockCmd                   0x08003b7d   Thumb Code    82  stm32f4xx_rcc.o(.text)
    RCC_APB2PeriphClockCmd                   0x08003bcf   Thumb Code    82  stm32f4xx_rcc.o(.text)
    RCC_AHB1PeriphResetCmd                   0x08003c21   Thumb Code    82  stm32f4xx_rcc.o(.text)
    RCC_AHB2PeriphResetCmd                   0x08003c73   Thumb Code    82  stm32f4xx_rcc.o(.text)
    RCC_AHB3PeriphResetCmd                   0x08003cc5   Thumb Code    82  stm32f4xx_rcc.o(.text)
    RCC_APB1PeriphResetCmd                   0x08003d17   Thumb Code    82  stm32f4xx_rcc.o(.text)
    RCC_APB2PeriphResetCmd                   0x08003d69   Thumb Code    82  stm32f4xx_rcc.o(.text)
    RCC_AHB1PeriphClockLPModeCmd             0x08003dbb   Thumb Code    82  stm32f4xx_rcc.o(.text)
    RCC_AHB2PeriphClockLPModeCmd             0x08003e0d   Thumb Code    82  stm32f4xx_rcc.o(.text)
    RCC_AHB3PeriphClockLPModeCmd             0x08003e5f   Thumb Code    82  stm32f4xx_rcc.o(.text)
    RCC_APB1PeriphClockLPModeCmd             0x08003eb1   Thumb Code    82  stm32f4xx_rcc.o(.text)
    RCC_APB2PeriphClockLPModeCmd             0x08003f03   Thumb Code   106  stm32f4xx_rcc.o(.text)
    RCC_ITConfig                             0x08003f6d   Thumb Code    74  stm32f4xx_rcc.o(.text)
    RCC_ClearFlag                            0x08003fb7   Thumb Code    18  stm32f4xx_rcc.o(.text)
    RCC_GetITStatus                          0x08003fc9   Thumb Code    68  stm32f4xx_rcc.o(.text)
    RCC_ClearITPendingBit                    0x0800400d   Thumb Code    34  stm32f4xx_rcc.o(.text)
    SYSCFG_DeInit                            0x08004035   Thumb Code    22  stm32f4xx_syscfg.o(.text)
    SYSCFG_MemoryRemapConfig                 0x0800404b   Thumb Code    34  stm32f4xx_syscfg.o(.text)
    SYSCFG_EXTILineConfig                    0x0800406d   Thumb Code   186  stm32f4xx_syscfg.o(.text)
    SYSCFG_ETH_MediaInterfaceConfig          0x08004127   Thumb Code    26  stm32f4xx_syscfg.o(.text)
    SYSCFG_CompensationCellCmd               0x08004141   Thumb Code    26  stm32f4xx_syscfg.o(.text)
    SYSCFG_GetCompensationCellStatus         0x0800415b   Thumb Code    22  stm32f4xx_syscfg.o(.text)
    USART_DeInit                             0x080041b9   Thumb Code   202  stm32f4xx_usart.o(.text)
    USART_Init                               0x08004283   Thumb Code   456  stm32f4xx_usart.o(.text)
    USART_StructInit                         0x0800444b   Thumb Code    24  stm32f4xx_usart.o(.text)
    USART_ClockInit                          0x08004463   Thumb Code   166  stm32f4xx_usart.o(.text)
    USART_ClockStructInit                    0x08004509   Thumb Code    12  stm32f4xx_usart.o(.text)
    USART_Cmd                                0x08004515   Thumb Code    96  stm32f4xx_usart.o(.text)
    USART_SetPrescaler                       0x08004575   Thumb Code   160  stm32f4xx_usart.o(.text)
    USART_OverSampling8Cmd                   0x08004615   Thumb Code    98  stm32f4xx_usart.o(.text)
    USART_OneBitMethodCmd                    0x08004677   Thumb Code   100  stm32f4xx_usart.o(.text)
    USART_SendData                           0x080046db   Thumb Code    84  stm32f4xx_usart.o(.text)
    USART_ReceiveData                        0x0800472f   Thumb Code    62  stm32f4xx_usart.o(.text)
    USART_SetAddress                         0x0800476d   Thumb Code    92  stm32f4xx_usart.o(.text)
    USART_ReceiverWakeUpCmd                  0x080047c9   Thumb Code   100  stm32f4xx_usart.o(.text)
    USART_WakeUpConfig                       0x0800482d   Thumb Code    96  stm32f4xx_usart.o(.text)
    USART_LINBreakDetectLengthConfig         0x0800488d   Thumb Code    94  stm32f4xx_usart.o(.text)
    USART_LINCmd                             0x080048eb   Thumb Code   100  stm32f4xx_usart.o(.text)
    USART_SendBreak                          0x0800494f   Thumb Code    64  stm32f4xx_usart.o(.text)
    USART_HalfDuplexCmd                      0x0800498f   Thumb Code   100  stm32f4xx_usart.o(.text)
    USART_SetGuardTime                       0x080049f3   Thumb Code    86  stm32f4xx_usart.o(.text)
    USART_SmartCardCmd                       0x08004a49   Thumb Code    88  stm32f4xx_usart.o(.text)
    USART_SmartCardNACKCmd                   0x08004aa1   Thumb Code    88  stm32f4xx_usart.o(.text)
    USART_IrDAConfig                         0x08004af9   Thumb Code    94  stm32f4xx_usart.o(.text)
    USART_IrDACmd                            0x08004b57   Thumb Code   100  stm32f4xx_usart.o(.text)
    USART_DMACmd                             0x08004bbb   Thumb Code   120  stm32f4xx_usart.o(.text)
    USART_ITConfig                           0x08004c33   Thumb Code   268  stm32f4xx_usart.o(.text)
    USART_GetFlagStatus                      0x08004d3f   Thumb Code   176  stm32f4xx_usart.o(.text)
    USART_ClearFlag                          0x08004def   Thumb Code   160  stm32f4xx_usart.o(.text)
    USART_GetITStatus                        0x08004e8f   Thumb Code   284  stm32f4xx_usart.o(.text)
    USART_ClearITPendingBit                  0x08004fab   Thumb Code   170  stm32f4xx_usart.o(.text)
    Reset_Handler                            0x0800506d   Thumb Code     8  startup_stm32f4xx.o(.text)
    DebugMon_Handler                         0x08005081   Thumb Code     2  startup_stm32f4xx.o(.text)
    ADC_IRQHandler                           0x08005087   Thumb Code     0  startup_stm32f4xx.o(.text)
    CAN1_RX0_IRQHandler                      0x08005087   Thumb Code     0  startup_stm32f4xx.o(.text)
    CAN1_RX1_IRQHandler                      0x08005087   Thumb Code     0  startup_stm32f4xx.o(.text)
    CAN1_SCE_IRQHandler                      0x08005087   Thumb Code     0  startup_stm32f4xx.o(.text)
    CAN1_TX_IRQHandler                       0x08005087   Thumb Code     0  startup_stm32f4xx.o(.text)
    CAN2_RX0_IRQHandler                      0x08005087   Thumb Code     0  startup_stm32f4xx.o(.text)
    CAN2_RX1_IRQHandler                      0x08005087   Thumb Code     0  startup_stm32f4xx.o(.text)
    CAN2_SCE_IRQHandler                      0x08005087   Thumb Code     0  startup_stm32f4xx.o(.text)
    CAN2_TX_IRQHandler                       0x08005087   Thumb Code     0  startup_stm32f4xx.o(.text)
    CRYP_IRQHandler                          0x08005087   Thumb Code     0  startup_stm32f4xx.o(.text)
    DCMI_IRQHandler                          0x08005087   Thumb Code     0  startup_stm32f4xx.o(.text)
    DMA1_Stream0_IRQHandler                  0x08005087   Thumb Code     0  startup_stm32f4xx.o(.text)
    DMA1_Stream1_IRQHandler                  0x08005087   Thumb Code     0  startup_stm32f4xx.o(.text)
    DMA1_Stream2_IRQHandler                  0x08005087   Thumb Code     0  startup_stm32f4xx.o(.text)
    DMA1_Stream3_IRQHandler                  0x08005087   Thumb Code     0  startup_stm32f4xx.o(.text)
    DMA1_Stream4_IRQHandler                  0x08005087   Thumb Code     0  startup_stm32f4xx.o(.text)
    DMA1_Stream5_IRQHandler                  0x08005087   Thumb Code     0  startup_stm32f4xx.o(.text)
    DMA1_Stream6_IRQHandler                  0x08005087   Thumb Code     0  startup_stm32f4xx.o(.text)
    DMA1_Stream7_IRQHandler                  0x08005087   Thumb Code     0  startup_stm32f4xx.o(.text)
    DMA2_Stream0_IRQHandler                  0x08005087   Thumb Code     0  startup_stm32f4xx.o(.text)
    DMA2_Stream1_IRQHandler                  0x08005087   Thumb Code     0  startup_stm32f4xx.o(.text)
    DMA2_Stream2_IRQHandler                  0x08005087   Thumb Code     0  startup_stm32f4xx.o(.text)
    DMA2_Stream3_IRQHandler                  0x08005087   Thumb Code     0  startup_stm32f4xx.o(.text)
    DMA2_Stream4_IRQHandler                  0x08005087   Thumb Code     0  startup_stm32f4xx.o(.text)
    DMA2_Stream6_IRQHandler                  0x08005087   Thumb Code     0  startup_stm32f4xx.o(.text)
    DMA2_Stream7_IRQHandler                  0x08005087   Thumb Code     0  startup_stm32f4xx.o(.text)
    ETH_IRQHandler                           0x08005087   Thumb Code     0  startup_stm32f4xx.o(.text)
    ETH_WKUP_IRQHandler                      0x08005087   Thumb Code     0  startup_stm32f4xx.o(.text)
    FLASH_IRQHandler                         0x08005087   Thumb Code     0  startup_stm32f4xx.o(.text)
    FPU_IRQHandler                           0x08005087   Thumb Code     0  startup_stm32f4xx.o(.text)
    FSMC_IRQHandler                          0x08005087   Thumb Code     0  startup_stm32f4xx.o(.text)
    HASH_RNG_IRQHandler                      0x08005087   Thumb Code     0  startup_stm32f4xx.o(.text)
    I2C1_ER_IRQHandler                       0x08005087   Thumb Code     0  startup_stm32f4xx.o(.text)
    I2C1_EV_IRQHandler                       0x08005087   Thumb Code     0  startup_stm32f4xx.o(.text)
    I2C2_ER_IRQHandler                       0x08005087   Thumb Code     0  startup_stm32f4xx.o(.text)
    I2C2_EV_IRQHandler                       0x08005087   Thumb Code     0  startup_stm32f4xx.o(.text)
    I2C3_ER_IRQHandler                       0x08005087   Thumb Code     0  startup_stm32f4xx.o(.text)
    I2C3_EV_IRQHandler                       0x08005087   Thumb Code     0  startup_stm32f4xx.o(.text)
    OTG_FS_IRQHandler                        0x08005087   Thumb Code     0  startup_stm32f4xx.o(.text)
    OTG_FS_WKUP_IRQHandler                   0x08005087   Thumb Code     0  startup_stm32f4xx.o(.text)
    OTG_HS_EP1_IN_IRQHandler                 0x08005087   Thumb Code     0  startup_stm32f4xx.o(.text)
    OTG_HS_EP1_OUT_IRQHandler                0x08005087   Thumb Code     0  startup_stm32f4xx.o(.text)
    OTG_HS_IRQHandler                        0x08005087   Thumb Code     0  startup_stm32f4xx.o(.text)
    OTG_HS_WKUP_IRQHandler                   0x08005087   Thumb Code     0  startup_stm32f4xx.o(.text)
    PVD_IRQHandler                           0x08005087   Thumb Code     0  startup_stm32f4xx.o(.text)
    RCC_IRQHandler                           0x08005087   Thumb Code     0  startup_stm32f4xx.o(.text)
    RTC_Alarm_IRQHandler                     0x08005087   Thumb Code     0  startup_stm32f4xx.o(.text)
    RTC_WKUP_IRQHandler                      0x08005087   Thumb Code     0  startup_stm32f4xx.o(.text)
    SDIO_IRQHandler                          0x08005087   Thumb Code     0  startup_stm32f4xx.o(.text)
    SPI1_IRQHandler                          0x08005087   Thumb Code     0  startup_stm32f4xx.o(.text)
    SPI2_IRQHandler                          0x08005087   Thumb Code     0  startup_stm32f4xx.o(.text)
    SPI3_IRQHandler                          0x08005087   Thumb Code     0  startup_stm32f4xx.o(.text)
    TAMP_STAMP_IRQHandler                    0x08005087   Thumb Code     0  startup_stm32f4xx.o(.text)
    TIM1_BRK_TIM9_IRQHandler                 0x08005087   Thumb Code     0  startup_stm32f4xx.o(.text)
    TIM1_CC_IRQHandler                       0x08005087   Thumb Code     0  startup_stm32f4xx.o(.text)
    TIM1_TRG_COM_TIM11_IRQHandler            0x08005087   Thumb Code     0  startup_stm32f4xx.o(.text)
    TIM1_UP_TIM10_IRQHandler                 0x08005087   Thumb Code     0  startup_stm32f4xx.o(.text)
    TIM2_IRQHandler                          0x08005087   Thumb Code     0  startup_stm32f4xx.o(.text)
    TIM3_IRQHandler                          0x08005087   Thumb Code     0  startup_stm32f4xx.o(.text)
    TIM4_IRQHandler                          0x08005087   Thumb Code     0  startup_stm32f4xx.o(.text)
    TIM5_IRQHandler                          0x08005087   Thumb Code     0  startup_stm32f4xx.o(.text)
    TIM6_DAC_IRQHandler                      0x08005087   Thumb Code     0  startup_stm32f4xx.o(.text)
    TIM7_IRQHandler                          0x08005087   Thumb Code     0  startup_stm32f4xx.o(.text)
    TIM8_BRK_TIM12_IRQHandler                0x08005087   Thumb Code     0  startup_stm32f4xx.o(.text)
    TIM8_CC_IRQHandler                       0x08005087   Thumb Code     0  startup_stm32f4xx.o(.text)
    TIM8_TRG_COM_TIM14_IRQHandler            0x08005087   Thumb Code     0  startup_stm32f4xx.o(.text)
    TIM8_UP_TIM13_IRQHandler                 0x08005087   Thumb Code     0  startup_stm32f4xx.o(.text)
    UART4_IRQHandler                         0x08005087   Thumb Code     0  startup_stm32f4xx.o(.text)
    UART5_IRQHandler                         0x08005087   Thumb Code     0  startup_stm32f4xx.o(.text)
    USART2_IRQHandler                        0x08005087   Thumb Code     0  startup_stm32f4xx.o(.text)
    USART3_IRQHandler                        0x08005087   Thumb Code     0  startup_stm32f4xx.o(.text)
    USART6_IRQHandler                        0x08005087   Thumb Code     0  startup_stm32f4xx.o(.text)
    WWDG_IRQHandler                          0x08005087   Thumb Code     0  startup_stm32f4xx.o(.text)
    __user_initial_stackheap                 0x08005089   Thumb Code     0  startup_stm32f4xx.o(.text)
    rt_system_tick_init                      0x080050ad   Thumb Code     2  clock.o(.text)
    rt_tick_get                              0x080050af   Thumb Code     6  clock.o(.text)
    rt_tick_set                              0x080050b5   Thumb Code    22  clock.o(.text)
    rt_tick_increase                         0x080050cb   Thumb Code    42  clock.o(.text)
    rt_tick_from_millisecond                 0x080050f5   Thumb Code    30  clock.o(.text)
    rt_device_find                           0x08005119   Thumb Code    94  device.o(.text)
    rt_device_register                       0x08005177   Thumb Code    52  device.o(.text)
    rt_device_unregister                     0x080051ab   Thumb Code    26  device.o(.text)
    rt_device_init_all                       0x080051c5   Thumb Code     4  device.o(.text)
    rt_device_create                         0x080051c9   Thumb Code    40  device.o(.text)
    rt_device_destroy                        0x080051f1   Thumb Code    18  device.o(.text)
    rt_device_init                           0x08005203   Thumb Code    64  device.o(.text)
    rt_device_open                           0x08005243   Thumb Code   150  device.o(.text)
    rt_device_close                          0x080052d9   Thumb Code    70  device.o(.text)
    rt_device_read                           0x0800531f   Thumb Code    76  device.o(.text)
    rt_device_write                          0x0800536b   Thumb Code    76  device.o(.text)
    rt_device_control                        0x080053b7   Thumb Code    44  device.o(.text)
    rt_device_set_rx_indicate                0x080053e3   Thumb Code    26  device.o(.text)
    rt_device_set_tx_complete                0x080053fd   Thumb Code    26  device.o(.text)
    rt_thread_idle_sethook                   0x080054b5   Thumb Code     6  idle.o(.text)
    rt_thread_idle_excute                    0x080054bb   Thumb Code   168  idle.o(.text)
    rt_thread_idle_init                      0x08005577   Thumb Code    38  idle.o(.text)
    rt_thread_idle_gethandler                0x0800559d   Thumb Code     4  idle.o(.text)
    rt_sem_init                              0x080056a9   Thumb Code    50  ipc.o(.text)
    rt_sem_detach                            0x080056db   Thumb Code    34  ipc.o(.text)
    rt_sem_create                            0x080056fd   Thumb Code    84  ipc.o(.text)
    rt_sem_delete                            0x08005751   Thumb Code    78  ipc.o(.text)
    rt_sem_take                              0x0800579f   Thumb Code   266  ipc.o(.text)
    rt_sem_trytake                           0x080058a9   Thumb Code    14  ipc.o(.text)
    rt_sem_release                           0x080058b7   Thumb Code    80  ipc.o(.text)
    rt_sem_control                           0x08005907   Thumb Code    68  ipc.o(.text)
    rt_mutex_init                            0x0800594b   Thumb Code    58  ipc.o(.text)
    rt_mutex_detach                          0x08005985   Thumb Code    36  ipc.o(.text)
    rt_mutex_create                          0x080059a9   Thumb Code    96  ipc.o(.text)
    rt_mutex_delete                          0x08005a09   Thumb Code    78  ipc.o(.text)
    rt_mutex_take                            0x08005a57   Thumb Code   538  ipc.o(.text)
    rt_mutex_release                         0x08005c71   Thumb Code   272  ipc.o(.text)
    rt_mutex_control                         0x08005d81   Thumb Code     8  ipc.o(.text)
    rt_event_init                            0x08005d89   Thumb Code    46  ipc.o(.text)
    rt_event_detach                          0x08005db7   Thumb Code    36  ipc.o(.text)
    rt_event_create                          0x08005ddb   Thumb Code    88  ipc.o(.text)
    rt_event_delete                          0x08005e33   Thumb Code    82  ipc.o(.text)
    rt_event_send                            0x08005e85   Thumb Code   272  ipc.o(.text)
    rt_event_recv                            0x08005f95   Thumb Code   380  ipc.o(.text)
    rt_event_control                         0x08006111   Thumb Code    70  ipc.o(.text)
    rt_mb_init                               0x08006157   Thumb Code    76  ipc.o(.text)
    rt_mb_detach                             0x080061a3   Thumb Code    44  ipc.o(.text)
    rt_mb_create                             0x080061cf   Thumb Code   128  ipc.o(.text)
    rt_mb_delete                             0x0800624f   Thumb Code    96  ipc.o(.text)
    rt_mb_send_wait                          0x080062af   Thumb Code   436  ipc.o(.text)
    rt_mb_send                               0x08006463   Thumb Code    18  ipc.o(.text)
    rt_mb_recv                               0x08006475   Thumb Code   412  ipc.o(.text)
    rt_mb_control                            0x08006611   Thumb Code    82  ipc.o(.text)
    rt_mq_init                               0x08006663   Thumb Code   118  ipc.o(.text)
    rt_mq_detach                             0x080066d9   Thumb Code    36  ipc.o(.text)
    rt_mq_delete                             0x080066fd   Thumb Code    88  ipc.o(.text)
    rt_mq_create                             0x08006755   Thumb Code   174  ipc.o(.text)
    rt_mq_send                               0x08006803   Thumb Code   290  ipc.o(.text)
    rt_mq_urgent                             0x08006925   Thumb Code   198  ipc.o(.text)
    rt_mq_recv                               0x080069eb   Thumb Code   438  ipc.o(.text)
    rt_mq_control                            0x08006ba1   Thumb Code    98  ipc.o(.text)
    rt_interrupt_enter_sethook               0x08006c59   Thumb Code     6  irq.o(.text)
    rt_interrupt_leave_sethook               0x08006c5f   Thumb Code     6  irq.o(.text)
    rt_interrupt_enter                       0x08006c65   Thumb Code    46  irq.o(.text)
    rt_interrupt_leave                       0x08006c93   Thumb Code    46  irq.o(.text)
    rt_interrupt_get_nest                    0x08006cc1   Thumb Code     6  irq.o(.text)
    rt_get_errno                             0x08006cd5   Thumb Code    32  kservice.o(.text)
    rt_set_errno                             0x08006cf5   Thumb Code    36  kservice.o(.text)
    _rt_errno                                0x08006d19   Thumb Code    30  kservice.o(.text)
    rt_memset                                0x08006d37   Thumb Code    72  kservice.o(.text)
    rt_memcpy                                0x08006d7f   Thumb Code   124  kservice.o(.text)
    rt_memmove                               0x08006dfb   Thumb Code    66  kservice.o(.text)
    rt_memcmp                                0x08006e3d   Thumb Code    38  kservice.o(.text)
    rt_strlen                                0x08006e63   Thumb Code    18  kservice.o(.text)
    rt_strstr                                0x08006e75   Thumb Code    58  kservice.o(.text)
    rt_strcasecmp                            0x08006eaf   Thumb Code    48  kservice.o(.text)
    rt_strncpy                               0x08006edf   Thumb Code    52  kservice.o(.text)
    rt_strncmp                               0x08006f13   Thumb Code    40  kservice.o(.text)
    rt_strcmp                                0x08006f3b   Thumb Code    28  kservice.o(.text)
    rt_strnlen                               0x08006f57   Thumb Code    24  kservice.o(.text)
    rt_strdup                                0x08006f6f   Thumb Code    40  kservice.o(.text)
    rt_hw_console_output                     0x08006f97   Thumb Code     2  kservice.o(.text)
    rt_vsnprintf                             0x0800714f   Thumb Code   800  kservice.o(.text)
    rt_kprintf                               0x0800746f   Thumb Code    96  kservice.o(.text)
    rt_show_version                          0x080074cf   Thumb Code    38  kservice.o(.text)
    rt_snprintf                              0x080074f5   Thumb Code    38  kservice.o(.text)
    rt_vsprintf                              0x0800751b   Thumb Code    22  kservice.o(.text)
    rt_sprintf                               0x08007531   Thumb Code    34  kservice.o(.text)
    rt_console_get_device                    0x08007553   Thumb Code     6  kservice.o(.text)
    rt_console_set_device                    0x08007559   Thumb Code    48  kservice.o(.text)
    rt_kputs                                 0x08007589   Thumb Code    78  kservice.o(.text)
    rt_malloc_align                          0x080075d7   Thumb Code    66  kservice.o(.text)
    rt_free_align                            0x08007619   Thumb Code    16  kservice.o(.text)
    __rt_ffs                                 0x08007629   Thumb Code    70  kservice.o(.text)
    rt_assert_set_hook                       0x0800766f   Thumb Code     6  kservice.o(.text)
    rt_assert_handler                        0x08007675   Thumb Code    56  kservice.o(.text)
    rt_malloc_sethook                        0x08007785   Thumb Code     6  mem.o(.text)
    rt_free_sethook                          0x0800778b   Thumb Code     6  mem.o(.text)
    rt_system_heap_init                      0x08007831   Thumb Code   204  mem.o(.text)
    rt_malloc                                0x080078fd   Thumb Code   522  mem.o(.text)
    rt_free                                  0x08007b07   Thumb Code   688  mem.o(.text)
    rt_realloc                               0x08007db7   Thumb Code   324  mem.o(.text)
    rt_calloc                                0x08007efb   Thumb Code    84  mem.o(.text)
    rt_memory_info                           0x08007f4f   Thumb Code    26  mem.o(.text)
    list_mem                                 0x08007f69   Thumb Code    34  mem.o(.text)
    rt_object_attach_sethook                 0x08008099   Thumb Code     6  object.o(.text)
    rt_object_detach_sethook                 0x0800809f   Thumb Code     6  object.o(.text)
    rt_object_trytake_sethook                0x080080a5   Thumb Code     6  object.o(.text)
    rt_object_take_sethook                   0x080080ab   Thumb Code     6  object.o(.text)
    rt_object_put_sethook                    0x080080b1   Thumb Code     6  object.o(.text)
    rt_system_object_init                    0x080080b7   Thumb Code     2  object.o(.text)
    rt_object_get_information                0x080080b9   Thumb Code    36  object.o(.text)
    rt_object_init                           0x080080dd   Thumb Code    92  object.o(.text)
    rt_object_detach                         0x08008139   Thumb Code    58  object.o(.text)
    rt_object_allocate                       0x08008173   Thumb Code   148  object.o(.text)
    rt_object_delete                         0x08008207   Thumb Code    84  object.o(.text)
    rt_object_is_systemobject                0x0800825b   Thumb Code    34  object.o(.text)
    rt_object_find                           0x0800827d   Thumb Code   142  object.o(.text)
    rt_scheduler_sethook                     0x080083c1   Thumb Code     6  scheduler.o(.text)
    rt_system_scheduler_init                 0x08008421   Thumb Code    56  scheduler.o(.text)
    rt_system_scheduler_start                0x08008459   Thumb Code    36  scheduler.o(.text)
    rt_schedule                              0x0800847d   Thumb Code   154  scheduler.o(.text)
    rt_schedule_insert_thread                0x08008517   Thumb Code    90  scheduler.o(.text)
    rt_schedule_remove_thread                0x08008571   Thumb Code    94  scheduler.o(.text)
    rt_enter_critical                        0x080085cf   Thumb Code    28  scheduler.o(.text)
    rt_exit_critical                         0x080085eb   Thumb Code    54  scheduler.o(.text)
    rt_critical_level                        0x08008621   Thumb Code     8  scheduler.o(.text)
    rt_thread_suspend_sethook                0x080086e5   Thumb Code     6  thread.o(.text)
    rt_thread_resume_sethook                 0x080086eb   Thumb Code     6  thread.o(.text)
    rt_thread_inited_sethook                 0x080086f1   Thumb Code     6  thread.o(.text)
    rt_thread_exit                           0x080086f7   Thumb Code    76  thread.o(.text)
    rt_thread_timeout                        0x08008743   Thumb Code    70  thread.o(.text)
    rt_thread_init                           0x08008829   Thumb Code    74  thread.o(.text)
    rt_thread_self                           0x08008873   Thumb Code     6  thread.o(.text)
    rt_thread_resume                         0x08008879   Thumb Code   100  thread.o(.text)
    rt_thread_startup                        0x080088dd   Thumb Code    88  thread.o(.text)
    rt_thread_detach                         0x08008935   Thumb Code    84  thread.o(.text)
    rt_thread_create                         0x08008989   Thumb Code    80  thread.o(.text)
    rt_thread_delete                         0x080089d9   Thumb Code    74  thread.o(.text)
    rt_thread_yield                          0x08008a23   Thumb Code    92  thread.o(.text)
    rt_thread_suspend                        0x08008a7f   Thumb Code   362  thread.o(.text)
    rt_thread_sleep                          0x08008be9   Thumb Code    78  thread.o(.text)
    rt_thread_delay                          0x08008c37   Thumb Code    12  thread.o(.text)
    rt_thread_control                        0x08008c43   Thumb Code   134  thread.o(.text)
    rt_thread_find                           0x08008cc9   Thumb Code    96  thread.o(.text)
    rt_timer_timeout_sethook                 0x08008d63   Thumb Code     6  timer.o(.text)
    rt_timer_init                            0x08008df5   Thumb Code    58  timer.o(.text)
    rt_timer_detach                          0x08008e2f   Thumb Code    44  timer.o(.text)
    rt_timer_create                          0x08008e5b   Thumb Code    54  timer.o(.text)
    rt_timer_delete                          0x08008e91   Thumb Code    46  timer.o(.text)
    rt_timer_start                           0x08008ebf   Thumb Code   292  timer.o(.text)
    rt_timer_stop                            0x08008fe3   Thumb Code    80  timer.o(.text)
    rt_timer_control                         0x08009033   Thumb Code    76  timer.o(.text)
    rt_timer_check                           0x0800907f   Thumb Code   148  timer.o(.text)
    rt_timer_next_timeout_tick               0x08009113   Thumb Code    10  timer.o(.text)
    rt_system_timer_init                     0x0800911d   Thumb Code    24  timer.o(.text)
    rt_system_timer_thread_init              0x08009135   Thumb Code     2  timer.o(.text)
    rt_hw_stack_init                         0x080091b1   Thumb Code    74  cpuport.o(.text)
    rt_hw_exception_install                  0x080091fb   Thumb Code     6  cpuport.o(.text)
    rt_hw_hard_fault_exception               0x08009201   Thumb Code   112  cpuport.o(.text)
    rt_hw_cpu_shutdown                       0x08009271   Thumb Code    20  cpuport.o(.text)
    rt_hw_interrupt_disable                  0x08009341   Thumb Code     8  context_rvds.o(.text)
    rt_hw_interrupt_enable                   0x08009349   Thumb Code     6  context_rvds.o(.text)
    rt_hw_context_switch                     0x0800934f   Thumb Code    32  context_rvds.o(.text)
    rt_hw_context_switch_interrupt           0x0800934f   Thumb Code     0  context_rvds.o(.text)
    PendSV_Handler                           0x0800936f   Thumb Code   108  context_rvds.o(.text)
    rt_hw_context_switch_to                  0x080093db   Thumb Code    70  context_rvds.o(.text)
    rt_hw_interrupt_thread_switch            0x08009421   Thumb Code     2  context_rvds.o(.text)
    HardFault_Handler                        0x08009423   Thumb Code    20  context_rvds.o(.text)
    rt_hw_can_register                       0x08009cbb   Thumb Code   214  can.o(.text)
    rt_hw_can_isr                            0x08009d91   Thumb Code   374  can.o(.text)
    cmd_canstat                              0x08009f07   Thumb Code   218  can.o(.text)
    rt_device_pin_register                   0x0800a19d   Thumb Code    56  pin.o(.text)
    rt_pin_attach_irq                        0x0800a1d5   Thumb Code    60  pin.o(.text)
    rt_pin_dettach_irq                       0x0800a211   Thumb Code    46  pin.o(.text)
    rt_pin_irq_enable                        0x0800a23f   Thumb Code    50  pin.o(.text)
    rt_pin_mode                              0x0800a271   Thumb Code    38  pin.o(.text)
    rt_pin_write                             0x0800a297   Thumb Code    38  pin.o(.text)
    rt_pin_read                              0x0800a2bd   Thumb Code    34  pin.o(.text)
    rt_hw_serial_register                    0x0800abef   Thumb Code    82  serial.o(.text)
    rt_hw_serial_isr                         0x0800ac41   Thumb Code   480  serial.o(.text)
    rt_completion_init                       0x0800afc1   Thumb Code    42  completion.o(.text)
    rt_completion_wait                       0x0800afeb   Thumb Code   198  completion.o(.text)
    rt_completion_done                       0x0800b0b1   Thumb Code    76  completion.o(.text)
    rt_data_queue_init                       0x0800b19b   Thumb Code    76  dataqueue.o(.text)
    rt_data_queue_push                       0x0800b1e7   Thumb Code   282  dataqueue.o(.text)
    rt_data_queue_pop                        0x0800b301   Thumb Code   342  dataqueue.o(.text)
    rt_data_queue_peak                       0x0800b457   Thumb Code   104  dataqueue.o(.text)
    rt_data_queue_reset                      0x0800b4bf   Thumb Code   106  dataqueue.o(.text)
    finsh_get_prompt                         0x0800b5b5   Thumb Code    38  shell.o(.text)
    finsh_set_device                         0x0800b639   Thumb Code   156  shell.o(.text)
    finsh_get_device                         0x0800b6d5   Thumb Code    28  shell.o(.text)
    finsh_set_echo                           0x0800b6f1   Thumb Code    30  shell.o(.text)
    finsh_get_echo                           0x0800b70f   Thumb Code    32  shell.o(.text)
    finsh_run_line                           0x0800b761   Thumb Code   164  shell.o(.text)
    finsh_thread_entry                       0x0800b8fd   Thumb Code  1510  shell.o(.text)
    finsh_system_function_init               0x0800bee3   Thumb Code    10  shell.o(.text)
    finsh_system_var_init                    0x0800beed   Thumb Code    10  shell.o(.text)
    finsh_system_init                        0x0800bef7   Thumb Code   122  shell.o(.text)
    hello                                    0x0800bfd9   Thumb Code    12  cmd.o(.text)
    version                                  0x0800bfe5   Thumb Code    10  cmd.o(.text)
    list_thread                              0x0800c0e9   Thumb Code    18  cmd.o(.text)
    list_sem                                 0x0800c1b3   Thumb Code    18  cmd.o(.text)
    list_event                               0x0800c243   Thumb Code    18  cmd.o(.text)
    list_mutex                               0x0800c2b1   Thumb Code    18  cmd.o(.text)
    list_mailbox                             0x0800c367   Thumb Code    18  cmd.o(.text)
    list_msgqueue                            0x0800c6df   Thumb Code    18  cmd.o(.text)
    list_mempool                             0x0800c777   Thumb Code    18  cmd.o(.text)
    list_timer                               0x0800c7f9   Thumb Code    18  cmd.o(.text)
    list_device                              0x0800c887   Thumb Code    18  cmd.o(.text)
    list                                     0x0800c899   Thumb Code   126  cmd.o(.text)
    list_prefix                              0x0800c959   Thumb Code  1008  cmd.o(.text)
    msh_is_used                              0x0800cd7d   Thumb Code     6  msh.o(.text)
    msh_help                                 0x0800cd97   Thumb Code    66  msh.o(.text)
    msh_exec                                 0x0800cf77   Thumb Code    82  msh.o(.text)
    msh_auto_complete                        0x0800cfe9   Thumb Code   138  msh.o(.text)
    cmd_ps                                   0x0800d101   Thumb Code    14  msh_cmd.o(.text)
    cmd_time                                 0x0800d10f   Thumb Code     6  msh_cmd.o(.text)
    cmd_free                                 0x0800d115   Thumb Code    14  msh_cmd.o(.text)
    finsh_compiler_run                       0x0800e8d3   Thumb Code    88  finsh_compiler.o(.text)
    finsh_error_init                         0x0800e93d   Thumb Code     8  finsh_error.o(.text)
    finsh_error_set                          0x0800e945   Thumb Code    10  finsh_error.o(.text)
    finsh_errno                              0x0800e94f   Thumb Code     6  finsh_error.o(.text)
    finsh_error_string                       0x0800e955   Thumb Code    10  finsh_error.o(.text)
    finsh_heap_init                          0x0800e969   Thumb Code    36  finsh_heap.o(.text)
    finsh_heap_free                          0x0800ea8d   Thumb Code    34  finsh_heap.o(.text)
    finsh_heap_allocate                      0x0800eafd   Thumb Code   106  finsh_heap.o(.text)
    finsh_init                               0x0800eb79   Thumb Code    30  finsh_init.o(.text)
    finsh_stack_bottom                       0x0800eb97   Thumb Code     6  finsh_init.o(.text)
    finsh_flush                              0x0800eb9d   Thumb Code    22  finsh_init.o(.text)
    finsh_reset                              0x0800ebb3   Thumb Code    24  finsh_init.o(.text)
    finsh_node_init                          0x0800ebd1   Thumb Code    16  finsh_node.o(.text)
    finsh_node_allocate                      0x0800ebe1   Thumb Code    56  finsh_node.o(.text)
    finsh_node_new_id                        0x0800ec19   Thumb Code   118  finsh_node.o(.text)
    finsh_node_new_char                      0x0800ec8f   Thumb Code    30  finsh_node.o(.text)
    finsh_node_new_int                       0x0800ecad   Thumb Code    30  finsh_node.o(.text)
    finsh_node_new_long                      0x0800eccb   Thumb Code    30  finsh_node.o(.text)
    finsh_node_new_string                    0x0800ece9   Thumb Code    74  finsh_node.o(.text)
    finsh_node_new_ptr                       0x0800ed33   Thumb Code    30  finsh_node.o(.text)
    OP_no_op                                 0x0800ed55   Thumb Code     2  finsh_ops.o(.text)
    OP_add_byte                              0x0800ed57   Thumb Code    42  finsh_ops.o(.text)
    OP_add_word                              0x0800ed81   Thumb Code    44  finsh_ops.o(.text)
    OP_add_dword                             0x0800edad   Thumb Code    42  finsh_ops.o(.text)
    OP_sub_byte                              0x0800edd7   Thumb Code    42  finsh_ops.o(.text)
    OP_sub_word                              0x0800ee01   Thumb Code    44  finsh_ops.o(.text)
    OP_sub_dword                             0x0800ee2d   Thumb Code    42  finsh_ops.o(.text)
    OP_div_byte                              0x0800ee57   Thumb Code    44  finsh_ops.o(.text)
    OP_div_word                              0x0800ee83   Thumb Code    46  finsh_ops.o(.text)
    OP_div_dword                             0x0800eeb1   Thumb Code    44  finsh_ops.o(.text)
    OP_mod_byte                              0x0800eedd   Thumb Code    48  finsh_ops.o(.text)
    OP_mod_word                              0x0800ef0d   Thumb Code    48  finsh_ops.o(.text)
    OP_mod_dword                             0x0800ef3d   Thumb Code    48  finsh_ops.o(.text)
    OP_mul_byte                              0x0800ef6d   Thumb Code    44  finsh_ops.o(.text)
    OP_mul_word                              0x0800ef99   Thumb Code    46  finsh_ops.o(.text)
    OP_mul_dword                             0x0800efc7   Thumb Code    42  finsh_ops.o(.text)
    OP_and_byte                              0x0800eff1   Thumb Code    42  finsh_ops.o(.text)
    OP_and_word                              0x0800f01b   Thumb Code    42  finsh_ops.o(.text)
    OP_and_dword                             0x0800f045   Thumb Code    42  finsh_ops.o(.text)
    OP_or_byte                               0x0800f06f   Thumb Code    42  finsh_ops.o(.text)
    OP_or_word                               0x0800f099   Thumb Code    42  finsh_ops.o(.text)
    OP_or_dword                              0x0800f0c3   Thumb Code    42  finsh_ops.o(.text)
    OP_xor_byte                              0x0800f0ed   Thumb Code    42  finsh_ops.o(.text)
    OP_xor_word                              0x0800f117   Thumb Code    46  finsh_ops.o(.text)
    OP_xor_dword                             0x0800f145   Thumb Code    42  finsh_ops.o(.text)
    OP_bw_byte                               0x0800f16f   Thumb Code    20  finsh_ops.o(.text)
    OP_bw_word                               0x0800f183   Thumb Code    20  finsh_ops.o(.text)
    OP_bw_dword                              0x0800f197   Thumb Code    20  finsh_ops.o(.text)
    OP_shl_byte                              0x0800f1ab   Thumb Code    42  finsh_ops.o(.text)
    OP_shl_word                              0x0800f1d5   Thumb Code    44  finsh_ops.o(.text)
    OP_shl_dword                             0x0800f201   Thumb Code    42  finsh_ops.o(.text)
    OP_shr_byte                              0x0800f22b   Thumb Code    42  finsh_ops.o(.text)
    OP_shr_word                              0x0800f255   Thumb Code    42  finsh_ops.o(.text)
    OP_shr_dword                             0x0800f27f   Thumb Code    42  finsh_ops.o(.text)
    OP_ld_byte                               0x0800f2a9   Thumb Code    34  finsh_ops.o(.text)
    OP_ld_word                               0x0800f2cb   Thumb Code    46  finsh_ops.o(.text)
    OP_ld_dword                              0x0800f2f9   Thumb Code    64  finsh_ops.o(.text)
    OP_ld_value_byte                         0x0800f339   Thumb Code    66  finsh_ops.o(.text)
    OP_ld_value_byte_stack                   0x0800f37b   Thumb Code    20  finsh_ops.o(.text)
    OP_ld_value_word                         0x0800f38f   Thumb Code    66  finsh_ops.o(.text)
    OP_ld_value_word_stack                   0x0800f3d1   Thumb Code    20  finsh_ops.o(.text)
    OP_ld_value_dword                        0x0800f3e5   Thumb Code    66  finsh_ops.o(.text)
    OP_ld_value_dword_stack                  0x0800f427   Thumb Code    20  finsh_ops.o(.text)
    OP_st_byte                               0x0800f43b   Thumb Code    30  finsh_ops.o(.text)
    OP_st_word                               0x0800f459   Thumb Code    30  finsh_ops.o(.text)
    OP_st_dword                              0x0800f477   Thumb Code    30  finsh_ops.o(.text)
    OP_pop                                   0x0800f495   Thumb Code    12  finsh_ops.o(.text)
    OP_call                                  0x0800f4a1   Thumb Code   906  finsh_ops.o(.text)
    finsh_parser_run                         0x080100c1   Thumb Code   220  finsh_parser.o(.text)
    finsh_parser_init                        0x0801019d   Thumb Code    16  finsh_parser.o(.text)
    finsh_var_init                           0x080101ad   Thumb Code    14  finsh_var.o(.text)
    finsh_var_insert                         0x080101bb   Thumb Code   114  finsh_var.o(.text)
    finsh_var_delete                         0x0801022d   Thumb Code    68  finsh_var.o(.text)
    finsh_var_lookup                         0x08010271   Thumb Code    58  finsh_var.o(.text)
    finsh_sysvar_append                      0x080102ab   Thumb Code    62  finsh_var.o(.text)
    finsh_sysvar_lookup                      0x080102e9   Thumb Code    78  finsh_var.o(.text)
    finsh_vm_run                             0x08010349   Thumb Code    62  finsh_vm.o(.text)
    finsh_syscall_append                     0x08010387   Thumb Code    54  finsh_vm.o(.text)
    finsh_syscall_lookup                     0x080103bd   Thumb Code    78  finsh_vm.o(.text)
    finsh_token_init                         0x0801042d   Thumb Code    20  finsh_token.o(.text)
    token_get_string                         0x08010845   Thumb Code   120  finsh_token.o(.text)
    finsh_token_token                        0x08010a7d   Thumb Code    24  finsh_token.o(.text)
    finsh_token_get_token                    0x08010a95   Thumb Code    20  finsh_token.o(.text)
    _sys_open                                0x08010aad   Thumb Code    54  stubs.o(.text)
    _sys_close                               0x08010ae3   Thumb Code     6  stubs.o(.text)
    _sys_read                                0x08010ae9   Thumb Code    30  stubs.o(.text)
    _sys_write                               0x08010b07   Thumb Code    68  stubs.o(.text)
    _sys_seek                                0x08010b4b   Thumb Code    18  stubs.o(.text)
    _sys_tmpnam                              0x08010b5d   Thumb Code     8  stubs.o(.text)
    _sys_command_string                      0x08010b65   Thumb Code     2  stubs.o(.text)
    _ttywrch                                 0x08010b67   Thumb Code    16  stubs.o(.text)
    _sys_exit                                0x08010b77   Thumb Code     4  stubs.o(.text)
    _sys_flen                                0x08010b7b   Thumb Code     8  stubs.o(.text)
    _sys_istty                               0x08010b83   Thumb Code     6  stubs.o(.text)
    remove                                   0x08010b89   Thumb Code     8  stubs.o(.text)
    system                                   0x08010b91   Thumb Code    16  stubs.o(.text)
    time                                     0x08010ba1   Thumb Code     6  stubs.o(.text)
    __semihosting$guard                      0x08010bbd   Thumb Code     0  use_no_semi.o(.text)
    __use_no_semihosting_swi                 0x08010bbd   Thumb Code     2  use_no_semi.o(.text)
    atoi                                     0x08010bbf   Thumb Code    26  atoi.o(.text)
    memcmp                                   0x08010bd9   Thumb Code    88  memcmp.o(.text)
    strcpy                                   0x08010c31   Thumb Code    72  strcpy.o(.text)
    strlen                                   0x08010c79   Thumb Code    62  strlen.o(.text)
    strncmp                                  0x08010cb7   Thumb Code   150  strncmp.o(.text)
    strcat                                   0x08010d4d   Thumb Code    24  strcat.o(.text)
    __aeabi_memcpy                           0x08010d65   Thumb Code     0  rt_memcpy_v6.o(.text)
    __rt_memcpy                              0x08010d65   Thumb Code   138  rt_memcpy_v6.o(.text)
    _memcpy_lastbytes                        0x08010dcb   Thumb Code     0  rt_memcpy_v6.o(.text)
    __aeabi_memcpy4                          0x08010def   Thumb Code     0  rt_memcpy_w.o(.text)
    __aeabi_memcpy8                          0x08010def   Thumb Code     0  rt_memcpy_w.o(.text)
    __rt_memcpy_w                            0x08010def   Thumb Code   100  rt_memcpy_w.o(.text)
    _memcpy_lastbytes_aligned                0x08010e37   Thumb Code     0  rt_memcpy_w.o(.text)
    __aeabi_memclr                           0x08010e53   Thumb Code     0  rt_memclr.o(.text)
    __rt_memclr                              0x08010e53   Thumb Code    68  rt_memclr.o(.text)
    _memset                                  0x08010e57   Thumb Code     0  rt_memclr.o(.text)
    __aeabi_memclr4                          0x08010e97   Thumb Code     0  rt_memclr_w.o(.text)
    __aeabi_memclr8                          0x08010e97   Thumb Code     0  rt_memclr_w.o(.text)
    __rt_memclr_w                            0x08010e97   Thumb Code    78  rt_memclr_w.o(.text)
    _memset_w                                0x08010e9b   Thumb Code     0  rt_memclr_w.o(.text)
    strncpy                                  0x08010ee5   Thumb Code    86  strncpy.o(.text)
    strcmp                                   0x08010f3d   Thumb Code   128  strcmpv7m.o(.text)
    __use_two_region_memory                  0x08010fbd   Thumb Code     2  heapauxi.o(.text)
    __rt_heap_escrow$2region                 0x08010fbf   Thumb Code     2  heapauxi.o(.text)
    __rt_heap_expand$2region                 0x08010fc1   Thumb Code     2  heapauxi.o(.text)
    __aeabi_errno_addr                       0x08010fc5   Thumb Code     8  rt_errno_addr_intlibspace.o(.text)
    __errno$intlibspace                      0x08010fc5   Thumb Code     0  rt_errno_addr_intlibspace.o(.text)
    __rt_errno_addr$intlibspace              0x08010fc5   Thumb Code     0  rt_errno_addr_intlibspace.o(.text)
    strtol                                   0x08010fcd   Thumb Code   112  strtol.o(.text)
    __user_libspace                          0x0801103d   Thumb Code     8  libspace.o(.text)
    __user_perproc_libspace                  0x0801103d   Thumb Code     0  libspace.o(.text)
    __user_perthread_libspace                0x0801103d   Thumb Code     0  libspace.o(.text)
    __rt_ctype_table                         0x08011045   Thumb Code    16  rt_ctype_table.o(.text)
    _strtoul                                 0x08011055   Thumb Code   158  _strtoul.o(.text)
    __user_setup_stackheap                   0x080110f3   Thumb Code    74  sys_stackheap_outer.o(.text)
    __rt_locale                              0x0801113d   Thumb Code     8  rt_locale_intlibspace.o(.text)
    _chval                                   0x08011145   Thumb Code    28  _chval.o(.text)
    exit                                     0x08011161   Thumb Code    18  exit.o(.text)
    _get_lc_ctype                            0x08011175   Thumb Code    44  lc_ctype_c.o(locale$$code)
    _fp_init                                 0x080111a1   Thumb Code    10  fpinit.o(x$fpl$fpinit)
    __fplib_config_fpu_vfp                   0x080111a9   Thumb Code     0  fpinit.o(x$fpl$fpinit)
    __fplib_config_pureend_doubles           0x080111a9   Thumb Code     0  fpinit.o(x$fpl$fpinit)
    __lowest_bit_bitmap                      0x08011b23   Data         256  kservice.o(.constdata)
    op_table                                 0x080121ec   Data         196  finsh_ops.o(.constdata)
    __stdin_name                             0x080122f0   Data           6  stubs.o(.constdata)
    __stdout_name                            0x080122f6   Data           7  stubs.o(.constdata)
    __stderr_name                            0x080122fd   Data           7  stubs.o(.constdata)
    __fsym_list_mem_name                     0x08012866   Data           9  mem.o(.rodata.name)
    __fsym_list_mem_desc                     0x0801286f   Data          30  mem.o(.rodata.name)
    __fsym___cmd_canstat_name                0x0801288d   Data          14  can.o(.rodata.name)
    __fsym___cmd_canstat_desc                0x0801289b   Data          24  can.o(.rodata.name)
    __fsym_pinMode_name                      0x080128b3   Data           8  pin.o(.rodata.name)
    __fsym_pinMode_desc                      0x080128bb   Data          22  pin.o(.rodata.name)
    __fsym_pinWrite_name                     0x080128d1   Data           9  pin.o(.rodata.name)
    __fsym_pinWrite_desc                     0x080128da   Data          28  pin.o(.rodata.name)
    __fsym_pinRead_name                      0x080128f6   Data           8  pin.o(.rodata.name)
    __fsym_pinRead_desc                      0x080128fe   Data          30  pin.o(.rodata.name)
    __fsym_hello_name                        0x0801291c   Data           6  cmd.o(.rodata.name)
    __fsym_hello_desc                        0x08012922   Data          16  cmd.o(.rodata.name)
    __fsym_version_name                      0x08012932   Data           8  cmd.o(.rodata.name)
    __fsym_version_desc                      0x0801293a   Data          35  cmd.o(.rodata.name)
    __fsym___cmd_version_name                0x0801295d   Data          14  cmd.o(.rodata.name)
    __fsym___cmd_version_desc                0x0801296b   Data          35  cmd.o(.rodata.name)
    __fsym_list_thread_name                  0x0801298e   Data          12  cmd.o(.rodata.name)
    __fsym_list_thread_desc                  0x0801299a   Data          12  cmd.o(.rodata.name)
    __fsym___cmd_list_thread_name            0x080129a6   Data          18  cmd.o(.rodata.name)
    __fsym___cmd_list_thread_desc            0x080129b8   Data          12  cmd.o(.rodata.name)
    __fsym_list_sem_name                     0x080129c4   Data           9  cmd.o(.rodata.name)
    __fsym_list_sem_desc                     0x080129cd   Data          25  cmd.o(.rodata.name)
    __fsym___cmd_list_sem_name               0x080129e6   Data          15  cmd.o(.rodata.name)
    __fsym___cmd_list_sem_desc               0x080129f5   Data          25  cmd.o(.rodata.name)
    __fsym_list_event_name                   0x08012a0e   Data          11  cmd.o(.rodata.name)
    __fsym_list_event_desc                   0x08012a19   Data          21  cmd.o(.rodata.name)
    __fsym___cmd_list_event_name             0x08012a2e   Data          17  cmd.o(.rodata.name)
    __fsym___cmd_list_event_desc             0x08012a3f   Data          21  cmd.o(.rodata.name)
    __fsym_list_mutex_name                   0x08012a54   Data          11  cmd.o(.rodata.name)
    __fsym_list_mutex_desc                   0x08012a5f   Data          21  cmd.o(.rodata.name)
    __fsym___cmd_list_mutex_name             0x08012a74   Data          17  cmd.o(.rodata.name)
    __fsym___cmd_list_mutex_desc             0x08012a85   Data          21  cmd.o(.rodata.name)
    __fsym_list_mailbox_name                 0x08012a9a   Data          13  cmd.o(.rodata.name)
    __fsym_list_mailbox_desc                 0x08012aa7   Data          24  cmd.o(.rodata.name)
    __fsym___cmd_list_mailbox_name           0x08012abf   Data          19  cmd.o(.rodata.name)
    __fsym___cmd_list_mailbox_desc           0x08012ad2   Data          24  cmd.o(.rodata.name)
    __fsym_list_msgqueue_name                0x08012aea   Data          14  cmd.o(.rodata.name)
    __fsym_list_msgqueue_desc                0x08012af8   Data          29  cmd.o(.rodata.name)
    __fsym___cmd_list_msgqueue_name          0x08012b15   Data          20  cmd.o(.rodata.name)
    __fsym___cmd_list_msgqueue_desc          0x08012b29   Data          29  cmd.o(.rodata.name)
    __fsym_list_mempool_name                 0x08012b46   Data          13  cmd.o(.rodata.name)
    __fsym_list_mempool_desc                 0x08012b53   Data          27  cmd.o(.rodata.name)
    __fsym___cmd_list_mempool_name           0x08012b6e   Data          19  cmd.o(.rodata.name)
    __fsym___cmd_list_mempool_desc           0x08012b81   Data          27  cmd.o(.rodata.name)
    __fsym_list_timer_name                   0x08012b9c   Data          11  cmd.o(.rodata.name)
    __fsym_list_timer_desc                   0x08012ba7   Data          21  cmd.o(.rodata.name)
    __fsym___cmd_list_timer_name             0x08012bbc   Data          17  cmd.o(.rodata.name)
    __fsym___cmd_list_timer_desc             0x08012bcd   Data          21  cmd.o(.rodata.name)
    __fsym_list_device_name                  0x08012be2   Data          12  cmd.o(.rodata.name)
    __fsym_list_device_desc                  0x08012bee   Data          22  cmd.o(.rodata.name)
    __fsym___cmd_list_device_name            0x08012c04   Data          18  cmd.o(.rodata.name)
    __fsym___cmd_list_device_desc            0x08012c16   Data          22  cmd.o(.rodata.name)
    __fsym_list_name                         0x08012c2c   Data           5  cmd.o(.rodata.name)
    __fsym_list_desc                         0x08012c31   Data          26  cmd.o(.rodata.name)
    __vsym_dummy_name                        0x08012c4b   Data           6  cmd.o(.rodata.name)
    __vsym_dummy_desc                        0x08012c51   Data          25  cmd.o(.rodata.name)
    __fsym___cmd_exit_name                   0x08012c6a   Data          11  msh.o(.rodata.name)
    __fsym___cmd_exit_desc                   0x08012c75   Data          32  msh.o(.rodata.name)
    __fsym_msh_name                          0x08012c95   Data           4  msh.o(.rodata.name)
    __fsym_msh_desc                          0x08012c99   Data          17  msh.o(.rodata.name)
    __fsym___cmd_help_name                   0x08012caa   Data          11  msh.o(.rodata.name)
    __fsym___cmd_help_desc                   0x08012cb5   Data          22  msh.o(.rodata.name)
    __fsym___cmd_ps_name                     0x08012ccb   Data           9  msh_cmd.o(.rodata.name)
    __fsym___cmd_ps_desc                     0x08012cd4   Data          28  msh_cmd.o(.rodata.name)
    __fsym___cmd_time_name                   0x08012cf0   Data          11  msh_cmd.o(.rodata.name)
    __fsym___cmd_time_desc                   0x08012cfb   Data          27  msh_cmd.o(.rodata.name)
    __fsym___cmd_free_name                   0x08012d16   Data          11  msh_cmd.o(.rodata.name)
    __fsym___cmd_free_desc                   0x08012d21   Data          37  msh_cmd.o(.rodata.name)
    FSymTab$$Base                            0x08012d48   Number         0  mem.o(FSymTab)
    __fsym_list_mem                          0x08012d48   Data          12  mem.o(FSymTab)
    __fsym___cmd_canstat                     0x08012d54   Data          12  can.o(FSymTab)
    __fsym_pinMode                           0x08012d60   Data          12  pin.o(FSymTab)
    __fsym_pinWrite                          0x08012d6c   Data          12  pin.o(FSymTab)
    __fsym_pinRead                           0x08012d78   Data          12  pin.o(FSymTab)
    __fsym_hello                             0x08012d84   Data          12  cmd.o(FSymTab)
    __fsym_version                           0x08012d90   Data          12  cmd.o(FSymTab)
    __fsym___cmd_version                     0x08012d9c   Data          12  cmd.o(FSymTab)
    __fsym_list_thread                       0x08012da8   Data          12  cmd.o(FSymTab)
    __fsym___cmd_list_thread                 0x08012db4   Data          12  cmd.o(FSymTab)
    __fsym_list_sem                          0x08012dc0   Data          12  cmd.o(FSymTab)
    __fsym___cmd_list_sem                    0x08012dcc   Data          12  cmd.o(FSymTab)
    __fsym_list_event                        0x08012dd8   Data          12  cmd.o(FSymTab)
    __fsym___cmd_list_event                  0x08012de4   Data          12  cmd.o(FSymTab)
    __fsym_list_mutex                        0x08012df0   Data          12  cmd.o(FSymTab)
    __fsym___cmd_list_mutex                  0x08012dfc   Data          12  cmd.o(FSymTab)
    __fsym_list_mailbox                      0x08012e08   Data          12  cmd.o(FSymTab)
    __fsym___cmd_list_mailbox                0x08012e14   Data          12  cmd.o(FSymTab)
    __fsym_list_msgqueue                     0x08012e20   Data          12  cmd.o(FSymTab)
    __fsym___cmd_list_msgqueue               0x08012e2c   Data          12  cmd.o(FSymTab)
    __fsym_list_mempool                      0x08012e38   Data          12  cmd.o(FSymTab)
    __fsym___cmd_list_mempool                0x08012e44   Data          12  cmd.o(FSymTab)
    __fsym_list_timer                        0x08012e50   Data          12  cmd.o(FSymTab)
    __fsym___cmd_list_timer                  0x08012e5c   Data          12  cmd.o(FSymTab)
    __fsym_list_device                       0x08012e68   Data          12  cmd.o(FSymTab)
    __fsym___cmd_list_device                 0x08012e74   Data          12  cmd.o(FSymTab)
    __fsym_list                              0x08012e80   Data          12  cmd.o(FSymTab)
    __fsym___cmd_exit                        0x08012e8c   Data          12  msh.o(FSymTab)
    __fsym_msh                               0x08012e98   Data          12  msh.o(FSymTab)
    __fsym___cmd_help                        0x08012ea4   Data          12  msh.o(FSymTab)
    __fsym___cmd_ps                          0x08012eb0   Data          12  msh_cmd.o(FSymTab)
    __fsym___cmd_time                        0x08012ebc   Data          12  msh_cmd.o(FSymTab)
    __fsym___cmd_free                        0x08012ec8   Data          12  msh_cmd.o(FSymTab)
    FSymTab$$Limit                           0x08012ed4   Number         0  msh_cmd.o(FSymTab)
    Region$$Table$$Base                      0x08012ed4   Number         0  anon$$obj.o(Region$$Table)
    Region$$Table$$Limit                     0x08012ef4   Number         0  anon$$obj.o(Region$$Table)
    VSymTab$$Base                            0x08012ef4   Number         0  cmd.o(VSymTab)
    __vsym_dummy                             0x08012ef4   Data          16  cmd.o(VSymTab)
    VSymTab$$Limit                           0x08012f04   Number         0  cmd.o(VSymTab)
    __ctype                                  0x08012f11   Data           0  lc_ctype_c.o(locale$$data)
    uart1                                    0x20000000   Data          32  usart.o(.data)
    pin_irq_hdr_tab                          0x20000020   Data         192  gpio.o(.data)
    SystemCoreClock                          0x200000e8   Data           4  system_stm32f4xx.o(.data)
    AHBPrescTable                            0x200000ec   Data          16  system_stm32f4xx.o(.data)
    rt_interrupt_nest                        0x2000011c   Data           1  irq.o(.data)
    rt_assert_hook                           0x20000128   Data           4  kservice.o(.data)
    rt_object_trytake_hook                   0x200001e4   Data           4  object.o(.data)
    rt_object_take_hook                      0x200001e8   Data           4  object.o(.data)
    rt_object_put_hook                       0x200001ec   Data           4  object.o(.data)
    rt_current_thread                        0x200001f4   Data           4  scheduler.o(.data)
    rt_current_priority                      0x200001f8   Data           1  scheduler.o(.data)
    rt_thread_ready_priority_group           0x200001fc   Data           4  scheduler.o(.data)
    rt_thread_defunct                        0x20000200   Data           8  scheduler.o(.data)
    rt_interrupt_from_thread                 0x20000228   Data           4  cpuport.o(.data)
    rt_interrupt_to_thread                   0x2000022c   Data           4  cpuport.o(.data)
    rt_thread_switch_interrupt_flag          0x20000230   Data           4  cpuport.o(.data)
    shell                                    0x20000248   Data           4  shell.o(.data)
    _syscall_table_begin                     0x2000024c   Data           4  symbol.o(.data)
    _syscall_table_end                       0x20000250   Data           4  symbol.o(.data)
    _sysvar_table_begin                      0x20000254   Data           4  symbol.o(.data)
    _sysvar_table_end                        0x20000258   Data           4  symbol.o(.data)
    finsh_compile_sp                         0x20000264   Data           4  finsh_compiler.o(.data)
    finsh_compile_pc                         0x20000268   Data           4  finsh_compiler.o(.data)
    global_errno                             0x2000026c   Data           1  finsh_error.o(.data)
    global_sysvar_list                       0x200002b4   Data           4  finsh_var.o(.data)
    finsh_sp                                 0x200002b8   Data           4  finsh_vm.o(.data)
    finsh_pc                                 0x200002bc   Data           4  finsh_vm.o(.data)
    global_syscall_list                      0x200002c0   Data           4  finsh_vm.o(.data)
    serial1                                  0x200002c4   Data          84  usart.o(.bss)
    rt_thread_priority_table                 0x20000538   Data         256  scheduler.o(.bss)
    finsh_heap                               0x20001780   Data         128  finsh_heap.o(.bss)
    global_node_table                        0x20001800   Data         320  finsh_node.o(.bss)
    global_variable                          0x20001940   Data         192  finsh_var.o(.bss)
    finsh_vm_stack                           0x20001a00   Data         256  finsh_vm.o(.bss)
    text_segment                             0x20001b00   Data         128  finsh_vm.o(.bss)
    __libspace_start                         0x20001b80   Data          96  libspace.o(.bss)
    __temporary_stack_top$libspace           0x20001be0   Data           0  libspace.o(.bss)
    Image$$RW_IRAM1$$ZI$$Limit               0x200021e0   Number         0  anon$$obj.o ABSOLUTE



==============================================================================

Memory Map of the image

  Image Entry point : 0x08000189

  Load Region LR_IROM1 (Base: 0x08000000, Size: 0x000132d8, Max: 0x00100000, ABSOLUTE, COMPRESSED[0x000130d0])

    Execution Region ER_IROM1 (Exec base: 0x08000000, Load base: 0x08000000, Size: 0x00013014, Max: 0x00100000, ABSOLUTE)

    Exec Addr    Load Addr    Size         Type   Attr      Idx    E Section Name        Object

    0x08000000   0x08000000   0x00000188   Data   RO          874    RESET               startup_stm32f4xx.o
    0x08000188   0x08000188   0x00000008   Code   RO         1795  * !!!main             c_w.l(__main.o)
    0x08000190   0x08000190   0x00000034   Code   RO         1966    !!!scatter          c_w.l(__scatter.o)
    0x080001c4   0x080001c4   0x0000005a   Code   RO         1964    !!dczerorl2         c_w.l(__dczerorl2.o)
    0x0800021e   0x0800021e   0x00000002   PAD
    0x08000220   0x08000220   0x0000001c   Code   RO         1968    !!handler_zi        c_w.l(__scatter_zi.o)
    0x0800023c   0x0800023c   0x00000002   Code   RO         1846    .ARM.Collect$$libinit$$00000000  c_w.l(libinit.o)
    0x0800023e   0x0800023e   0x00000004   Code   RO         1849    .ARM.Collect$$libinit$$00000001  c_w.l(libinit2.o)
    0x08000242   0x08000242   0x00000000   Code   RO         1852    .ARM.Collect$$libinit$$00000004  c_w.l(libinit2.o)
    0x08000242   0x08000242   0x00000000   Code   RO         1855    .ARM.Collect$$libinit$$0000000A  c_w.l(libinit2.o)
    0x08000242   0x08000242   0x00000000   Code   RO         1857    .ARM.Collect$$libinit$$0000000C  c_w.l(libinit2.o)
    0x08000242   0x08000242   0x00000000   Code   RO         1859    .ARM.Collect$$libinit$$0000000E  c_w.l(libinit2.o)
    0x08000242   0x08000242   0x00000006   Code   RO         1860    .ARM.Collect$$libinit$$0000000F  c_w.l(libinit2.o)
    0x08000248   0x08000248   0x00000000   Code   RO         1862    .ARM.Collect$$libinit$$00000011  c_w.l(libinit2.o)
    0x08000248   0x08000248   0x0000000c   Code   RO         1863    .ARM.Collect$$libinit$$00000012  c_w.l(libinit2.o)
    0x08000254   0x08000254   0x00000000   Code   RO         1864    .ARM.Collect$$libinit$$00000013  c_w.l(libinit2.o)
    0x08000254   0x08000254   0x00000000   Code   RO         1866    .ARM.Collect$$libinit$$00000015  c_w.l(libinit2.o)
    0x08000254   0x08000254   0x00000000   Code   RO         1868    .ARM.Collect$$libinit$$00000017  c_w.l(libinit2.o)
    0x08000254   0x08000254   0x00000000   Code   RO         1870    .ARM.Collect$$libinit$$00000019  c_w.l(libinit2.o)
    0x08000254   0x08000254   0x00000000   Code   RO         1872    .ARM.Collect$$libinit$$0000001B  c_w.l(libinit2.o)
    0x08000254   0x08000254   0x00000000   Code   RO         1874    .ARM.Collect$$libinit$$0000001D  c_w.l(libinit2.o)
    0x08000254   0x08000254   0x00000000   Code   RO         1876    .ARM.Collect$$libinit$$0000001F  c_w.l(libinit2.o)
    0x08000254   0x08000254   0x00000000   Code   RO         1878    .ARM.Collect$$libinit$$00000021  c_w.l(libinit2.o)
    0x08000254   0x08000254   0x00000000   Code   RO         1880    .ARM.Collect$$libinit$$00000023  c_w.l(libinit2.o)
    0x08000254   0x08000254   0x00000000   Code   RO         1882    .ARM.Collect$$libinit$$00000025  c_w.l(libinit2.o)
    0x08000254   0x08000254   0x00000000   Code   RO         1886    .ARM.Collect$$libinit$$0000002C  c_w.l(libinit2.o)
    0x08000254   0x08000254   0x00000000   Code   RO         1888    .ARM.Collect$$libinit$$0000002E  c_w.l(libinit2.o)
    0x08000254   0x08000254   0x00000000   Code   RO         1890    .ARM.Collect$$libinit$$00000030  c_w.l(libinit2.o)
    0x08000254   0x08000254   0x00000000   Code   RO         1892    .ARM.Collect$$libinit$$00000032  c_w.l(libinit2.o)
    0x08000254   0x08000254   0x00000002   Code   RO         1893    .ARM.Collect$$libinit$$00000033  c_w.l(libinit2.o)
    0x08000256   0x08000256   0x00000002   Code   RO         1911    .ARM.Collect$$libshutdown$$00000000  c_w.l(libshutdown.o)
    0x08000258   0x08000258   0x00000000   Code   RO         1919    .ARM.Collect$$libshutdown$$00000002  c_w.l(libshutdown2.o)
    0x08000258   0x08000258   0x00000000   Code   RO         1921    .ARM.Collect$$libshutdown$$00000004  c_w.l(libshutdown2.o)
    0x08000258   0x08000258   0x00000000   Code   RO         1924    .ARM.Collect$$libshutdown$$00000007  c_w.l(libshutdown2.o)
    0x08000258   0x08000258   0x00000000   Code   RO         1927    .ARM.Collect$$libshutdown$$0000000A  c_w.l(libshutdown2.o)
    0x08000258   0x08000258   0x00000000   Code   RO         1929    .ARM.Collect$$libshutdown$$0000000C  c_w.l(libshutdown2.o)
    0x08000258   0x08000258   0x00000000   Code   RO         1932    .ARM.Collect$$libshutdown$$0000000F  c_w.l(libshutdown2.o)
    0x08000258   0x08000258   0x00000002   Code   RO         1933    .ARM.Collect$$libshutdown$$00000010  c_w.l(libshutdown2.o)
    0x0800025a   0x0800025a   0x00000000   Code   RO         1797    .ARM.Collect$$rtentry$$00000000  c_w.l(__rtentry.o)
    0x0800025a   0x0800025a   0x00000000   Code   RO         1809    .ARM.Collect$$rtentry$$00000002  c_w.l(__rtentry2.o)
    0x0800025a   0x0800025a   0x00000006   Code   RO         1821    .ARM.Collect$$rtentry$$00000004  c_w.l(__rtentry4.o)
    0x08000260   0x08000260   0x00000000   Code   RO         1811    .ARM.Collect$$rtentry$$00000009  c_w.l(__rtentry2.o)
    0x08000260   0x08000260   0x00000004   Code   RO         1812    .ARM.Collect$$rtentry$$0000000A  c_w.l(__rtentry2.o)
    0x08000264   0x08000264   0x00000000   Code   RO         1814    .ARM.Collect$$rtentry$$0000000C  c_w.l(__rtentry2.o)
    0x08000264   0x08000264   0x00000008   Code   RO         1815    .ARM.Collect$$rtentry$$0000000D  c_w.l(__rtentry2.o)
    0x0800026c   0x0800026c   0x00000002   Code   RO         1847    .ARM.Collect$$rtexit$$00000000  c_w.l(rtexit.o)
    0x0800026e   0x0800026e   0x00000000   Code   RO         1895    .ARM.Collect$$rtexit$$00000002  c_w.l(rtexit2.o)
    0x0800026e   0x0800026e   0x00000004   Code   RO         1896    .ARM.Collect$$rtexit$$00000003  c_w.l(rtexit2.o)
    0x08000272   0x08000272   0x00000006   Code   RO         1897    .ARM.Collect$$rtexit$$00000004  c_w.l(rtexit2.o)
    0x08000278   0x08000278   0x0000003c   Code   RO            2    .text               application.o
    0x080002b4   0x080002b4   0x000000b8   Code   RO          204    .text               startup.o
    0x0800036c   0x0800036c   0x000000b4   Code   RO          224    .text               board.o
    0x08000420   0x08000420   0x00000010   Code   RO          250    .text               stm32f4xx_it.o
    0x08000430   0x08000430   0x000004a0   Code   RO          266    .text               usart.o
    0x080008d0   0x080008d0   0x000005fc   Code   RO          333    .text               gpio.o
    0x08000ecc   0x08000ecc   0x00000210   Code   RO          353    .text               system_stm32f4xx.o
    0x080010dc   0x080010dc   0x000001ec   Code   RO          375    .text               misc.o
    0x080012c8   0x080012c8   0x000013cc   Code   RO          551    .text               stm32f4xx_dma.o
    0x08002694   0x08002694   0x0000030c   Code   RO          567    .text               stm32f4xx_exti.o
    0x080029a0   0x080029a0   0x00000916   Code   RO          615    .text               stm32f4xx_gpio.o
    0x080032b6   0x080032b6   0x00000002   PAD
    0x080032b8   0x080032b8   0x00000d7c   Code   RO          727    .text               stm32f4xx_rcc.o
    0x08004034   0x08004034   0x00000184   Code   RO          809    .text               stm32f4xx_syscfg.o
    0x080041b8   0x080041b8   0x00000eb4   Code   RO          841    .text               stm32f4xx_usart.o
    0x0800506c   0x0800506c   0x00000040   Code   RO          875    .text               startup_stm32f4xx.o
    0x080050ac   0x080050ac   0x0000006c   Code   RO          879    .text               clock.o
    0x08005118   0x08005118   0x0000039c   Code   RO          893    .text               device.o
    0x080054b4   0x080054b4   0x00000148   Code   RO          906    .text               idle.o
    0x080055fc   0x080055fc   0x0000165c   Code   RO          926    .text               ipc.o
    0x08006c58   0x08006c58   0x0000007c   Code   RO          943    .text               irq.o
    0x08006cd4   0x08006cd4   0x00000ab0   Code   RO          958    .text               kservice.o
    0x08007784   0x08007784   0x000008f4   Code   RO          978    .text               mem.o
    0x08008078   0x08008078   0x00000348   Code   RO         1016    .text               object.o
    0x080083c0   0x080083c0   0x00000304   Code   RO         1035    .text               scheduler.o
    0x080086c4   0x080086c4   0x00000690   Code   RO         1071    .text               thread.o
    0x08008d54   0x08008d54   0x0000045c   Code   RO         1090    .text               timer.o
    0x080091b0   0x080091b0   0x00000190   Code   RO         1109    .text               cpuport.o
    0x08009340   0x08009340   0x00000110   Code   RO         1125    .text               context_rvds.o
    0x08009450   0x08009450   0x00000c9c   Code   RO         1163    .text               can.o
    0x0800a0ec   0x0800a0ec   0x00000250   Code   RO         1224    .text               pin.o
    0x0800a33c   0x0800a33c   0x00000c84   Code   RO         1242    .text               serial.o
    0x0800afc0   0x0800afc0   0x000001cc   Code   RO         1258    .text               completion.o
    0x0800b18c   0x0800b18c   0x00000428   Code   RO         1274    .text               dataqueue.o
    0x0800b5b4   0x0800b5b4   0x00000a10   Code   RO         1352    .text               shell.o
    0x0800bfc4   0x0800bfc4   0x00000db8   Code   RO         1389    .text               cmd.o
    0x0800cd7c   0x0800cd7c   0x00000384   Code   RO         1412    .text               msh.o
    0x0800d100   0x0800d100   0x00000022   Code   RO         1430    .text               msh_cmd.o
    0x0800d122   0x0800d122   0x00000002   PAD
    0x0800d124   0x0800d124   0x00001818   Code   RO         1452    .text               finsh_compiler.o
    0x0800e93c   0x0800e93c   0x0000002c   Code   RO         1489    .text               finsh_error.o
    0x0800e968   0x0800e968   0x00000210   Code   RO         1505    .text               finsh_heap.o
    0x0800eb78   0x0800eb78   0x00000058   Code   RO         1521    .text               finsh_init.o
    0x0800ebd0   0x0800ebd0   0x00000184   Code   RO         1539    .text               finsh_node.o
    0x0800ed54   0x0800ed54   0x00000adc   Code   RO         1554    .text               finsh_ops.o
    0x0800f830   0x0800f830   0x0000097c   Code   RO         1572    .text               finsh_parser.o
    0x080101ac   0x080101ac   0x0000019c   Code   RO         1587    .text               finsh_var.o
    0x08010348   0x08010348   0x000000e4   Code   RO         1610    .text               finsh_vm.o
    0x0801042c   0x0801042c   0x00000680   Code   RO         1633    .text               finsh_token.o
    0x08010aac   0x08010aac   0x00000110   Code   RO         1706    .text               stubs.o
    0x08010bbc   0x08010bbc   0x00000002   Code   RO         1765    .text               c_w.l(use_no_semi.o)
    0x08010bbe   0x08010bbe   0x0000001a   Code   RO         1769    .text               c_w.l(atoi.o)
    0x08010bd8   0x08010bd8   0x00000058   Code   RO         1771    .text               c_w.l(memcmp.o)
    0x08010c30   0x08010c30   0x00000048   Code   RO         1773    .text               c_w.l(strcpy.o)
    0x08010c78   0x08010c78   0x0000003e   Code   RO         1775    .text               c_w.l(strlen.o)
    0x08010cb6   0x08010cb6   0x00000096   Code   RO         1777    .text               c_w.l(strncmp.o)
    0x08010d4c   0x08010d4c   0x00000018   Code   RO         1779    .text               c_w.l(strcat.o)
    0x08010d64   0x08010d64   0x0000008a   Code   RO         1781    .text               c_w.l(rt_memcpy_v6.o)
    0x08010dee   0x08010dee   0x00000064   Code   RO         1783    .text               c_w.l(rt_memcpy_w.o)
    0x08010e52   0x08010e52   0x00000044   Code   RO         1785    .text               c_w.l(rt_memclr.o)
    0x08010e96   0x08010e96   0x0000004e   Code   RO         1787    .text               c_w.l(rt_memclr_w.o)
    0x08010ee4   0x08010ee4   0x00000056   Code   RO         1789    .text               c_w.l(strncpy.o)
    0x08010f3a   0x08010f3a   0x00000002   PAD
    0x08010f3c   0x08010f3c   0x00000080   Code   RO         1791    .text               c_w.l(strcmpv7m.o)
    0x08010fbc   0x08010fbc   0x00000006   Code   RO         1793    .text               c_w.l(heapauxi.o)
    0x08010fc2   0x08010fc2   0x00000002   PAD
    0x08010fc4   0x08010fc4   0x00000008   Code   RO         1801    .text               c_w.l(rt_errno_addr_intlibspace.o)
    0x08010fcc   0x08010fcc   0x00000070   Code   RO         1803    .text               c_w.l(strtol.o)
    0x0801103c   0x0801103c   0x00000008   Code   RO         1805    .text               c_w.l(libspace.o)
    0x08011044   0x08011044   0x00000010   Code   RO         1823    .text               c_w.l(rt_ctype_table.o)
    0x08011054   0x08011054   0x0000009e   Code   RO         1825    .text               c_w.l(_strtoul.o)
    0x080110f2   0x080110f2   0x0000004a   Code   RO         1827    .text               c_w.l(sys_stackheap_outer.o)
    0x0801113c   0x0801113c   0x00000008   Code   RO         1832    .text               c_w.l(rt_locale_intlibspace.o)
    0x08011144   0x08011144   0x0000001c   Code   RO         1834    .text               c_w.l(_chval.o)
    0x08011160   0x08011160   0x00000012   Code   RO         1839    .text               c_w.l(exit.o)
    0x08011172   0x08011172   0x00000002   PAD
    0x08011174   0x08011174   0x0000002c   Code   RO         1837    locale$$code        c_w.l(lc_ctype_c.o)
    0x080111a0   0x080111a0   0x0000000a   Code   RO         1903    x$fpl$fpinit        fz_wm.l(fpinit.o)
    0x080111aa   0x080111aa   0x00000002   PAD
    0x080111ac   0x080111ac   0x0000005c   Data   RO          268    .constdata          usart.o
    0x08011208   0x08011208   0x00000677   Data   RO          334    .constdata          gpio.o
    0x0801187f   0x0801187f   0x000000b7   Data   RO          894    .constdata          device.o
    0x08011936   0x08011936   0x00000016   Data   RO          908    .constdata          idle.o
    0x0801194c   0x0801194c   0x000001d7   Data   RO          927    .constdata          ipc.o
    0x08011b23   0x08011b23   0x00000122   Data   RO          960    .constdata          kservice.o
    0x08011c45   0x08011c45   0x00000046   Data   RO          980    .constdata          mem.o
    0x08011c8b   0x08011c8b   0x0000006d   Data   RO         1017    .constdata          object.o
    0x08011cf8   0x08011cf8   0x0000004e   Data   RO         1037    .constdata          scheduler.o
    0x08011d46   0x08011d46   0x000000b9   Data   RO         1072    .constdata          thread.o
    0x08011dff   0x08011dff   0x0000005c   Data   RO         1091    .constdata          timer.o
    0x08011e5b   0x08011e5b   0x00000013   Data   RO         1110    .constdata          cpuport.o
    0x08011e6e   0x08011e6e   0x00000097   Data   RO         1164    .constdata          can.o
    0x08011f05   0x08011f05   0x0000007e   Data   RO         1226    .constdata          pin.o
    0x08011f83   0x08011f83   0x0000012a   Data   RO         1243    .constdata          serial.o
    0x080120ad   0x080120ad   0x00000039   Data   RO         1259    .constdata          completion.o
    0x080120e6   0x080120e6   0x0000004b   Data   RO         1275    .constdata          dataqueue.o
    0x08012131   0x08012131   0x0000005b   Data   RO         1354    .constdata          shell.o
    0x0801218c   0x0801218c   0x00000050   Data   RO         1390    .constdata          cmd.o
    0x080121dc   0x080121dc   0x0000000e   Data   RO         1413    .constdata          msh.o
    0x080121ea   0x080121ea   0x00000002   PAD
    0x080121ec   0x080121ec   0x000000c4   Data   RO         1555    .constdata          finsh_ops.o
    0x080122b0   0x080122b0   0x00000040   Data   RO         1634    .constdata          finsh_token.o
    0x080122f0   0x080122f0   0x0000001b   Data   RO         1707    .constdata          stubs.o
    0x0801230b   0x0801230b   0x00000001   PAD
    0x0801230c   0x0801230c   0x000000ed   Data   RO          981    .conststring        mem.o
    0x080123f9   0x080123f9   0x00000003   PAD
    0x080123fc   0x080123fc   0x000001d6   Data   RO         1165    .conststring        can.o
    0x080125d2   0x080125d2   0x00000002   PAD
    0x080125d4   0x080125d4   0x0000015d   Data   RO         1391    .conststring        cmd.o
    0x08012731   0x08012731   0x00000003   PAD
    0x08012734   0x08012734   0x000000f3   Data   RO         1490    .conststring        finsh_error.o
    0x08012827   0x08012827   0x00000001   PAD
    0x08012828   0x08012828   0x0000003e   Data   RO         1635    .conststring        finsh_token.o
    0x08012866   0x08012866   0x00000027   Data   RO          983    .rodata.name        mem.o
    0x0801288d   0x0801288d   0x00000026   Data   RO         1167    .rodata.name        can.o
    0x080128b3   0x080128b3   0x00000069   Data   RO         1227    .rodata.name        pin.o
    0x0801291c   0x0801291c   0x0000034e   Data   RO         1393    .rodata.name        cmd.o
    0x08012c6a   0x08012c6a   0x00000061   Data   RO         1415    .rodata.name        msh.o
    0x08012ccb   0x08012ccb   0x0000007b   Data   RO         1431    .rodata.name        msh_cmd.o
    0x08012d46   0x08012d46   0x00000002   PAD
    0x08012d48   0x08012d48   0x0000000c   Data   RO          984    FSymTab             mem.o
    0x08012d54   0x08012d54   0x0000000c   Data   RO         1168    FSymTab             can.o
    0x08012d60   0x08012d60   0x00000024   Data   RO         1228    FSymTab             pin.o
    0x08012d84   0x08012d84   0x00000108   Data   RO         1394    FSymTab             cmd.o
    0x08012e8c   0x08012e8c   0x00000024   Data   RO         1416    FSymTab             msh.o
    0x08012eb0   0x08012eb0   0x00000024   Data   RO         1432    FSymTab             msh_cmd.o
    0x08012ed4   0x08012ed4   0x00000020   Data   RO         1962    Region$$Table       anon$$obj.o
    0x08012ef4   0x08012ef4   0x00000010   Data   RO         1395    VSymTab             cmd.o
    0x08012f04   0x08012f04   0x00000110   Data   RO         1836    locale$$data        c_w.l(lc_ctype_c.o)


    Execution Region RW_IRAM1 (Exec base: 0x20000000, Load base: 0x08013014, Size: 0x000021e0, Max: 0x00020000, ABSOLUTE, COMPRESSED[0x000000bc])

    Exec Addr    Load Addr    Size         Type   Attr      Idx    E Section Name        Object

    0x20000000   COMPRESSED   0x00000020   Data   RW          269    .data               usart.o
    0x20000020   COMPRESSED   0x000000c8   Data   RW          335    .data               gpio.o
    0x200000e8   COMPRESSED   0x00000014   Data   RW          354    .data               system_stm32f4xx.o
    0x200000fc   COMPRESSED   0x00000010   Data   RW          728    .data               stm32f4xx_rcc.o
    0x2000010c   COMPRESSED   0x00000004   Data   RW          880    .data               clock.o
    0x20000110   COMPRESSED   0x00000004   Data   RW          909    .data               idle.o
    0x20000114   COMPRESSED   0x00000009   Data   RW          944    .data               irq.o
    0x2000011d   COMPRESSED   0x00000003   PAD
    0x20000120   COMPRESSED   0x0000000c   Data   RW          961    .data               kservice.o
    0x2000012c   COMPRESSED   0x00000020   Data   RW          982    .data               mem.o
    0x2000014c   COMPRESSED   0x000000a4   Data   RW         1018    .data               object.o
    0x200001f0   COMPRESSED   0x0000001c   Data   RW         1038    .data               scheduler.o
    0x2000020c   COMPRESSED   0x0000000c   Data   RW         1073    .data               thread.o
    0x20000218   COMPRESSED   0x00000010   Data   RW         1092    .data               timer.o
    0x20000228   COMPRESSED   0x00000010   Data   RW         1111    .data               cpuport.o
    0x20000238   COMPRESSED   0x00000010   Data   RW         1166    .data               can.o
    0x20000248   COMPRESSED   0x00000004   Data   RW         1355    .data               shell.o
    0x2000024c   COMPRESSED   0x00000010   Data   RW         1373    .data               symbol.o
    0x2000025c   COMPRESSED   0x00000004   Data   RW         1392    .data               cmd.o
    0x20000260   COMPRESSED   0x00000004   Data   RW         1414    .data               msh.o
    0x20000264   COMPRESSED   0x00000008   Data   RW         1453    .data               finsh_compiler.o
    0x2000026c   COMPRESSED   0x00000040   Data   RW         1491    .data               finsh_error.o
    0x200002ac   COMPRESSED   0x00000008   Data   RW         1507    .data               finsh_heap.o
    0x200002b4   COMPRESSED   0x00000004   Data   RW         1589    .data               finsh_var.o
    0x200002b8   COMPRESSED   0x0000000c   Data   RW         1612    .data               finsh_vm.o
    0x200002c4        -       0x00000054   Zero   RW          267    .bss                usart.o
    0x20000318        -       0x00000180   Zero   RW          907    .bss                idle.o
    0x20000498        -       0x00000080   Zero   RW          959    .bss                kservice.o
    0x20000518        -       0x00000020   Zero   RW          979    .bss                mem.o
    0x20000538        -       0x00000100   Zero   RW         1036    .bss                scheduler.o
    0x20000638        -       0x00000044   Zero   RW         1225    .bss                pin.o
    0x2000067c        -       0x00001101   Zero   RW         1353    .bss                shell.o
    0x2000177d   COMPRESSED   0x00000003   PAD
    0x20001780        -       0x00000080   Zero   RW         1506    .bss                finsh_heap.o
    0x20001800        -       0x00000140   Zero   RW         1540    .bss                finsh_node.o
    0x20001940        -       0x000000c0   Zero   RW         1588    .bss                finsh_var.o
    0x20001a00        -       0x00000180   Zero   RW         1611    .bss                finsh_vm.o
    0x20001b80        -       0x00000060   Zero   RW         1806    .bss                c_w.l(libspace.o)
    0x20001be0        -       0x00000200   Zero   RW          873    HEAP                startup_stm32f4xx.o
    0x20001de0        -       0x00000400   Zero   RW          872    STACK               startup_stm32f4xx.o


==============================================================================

Image component sizes


      Code (inc. data)   RO Data    RW Data    ZI Data      Debug   Object Name

        60         10          0          0          0     270820   application.o
       180         18          0          0          0      19403   board.o
      3228        476        671         16          0      10910   can.o
       108          6          0          4          0       1664   clock.o
      3512       1292       1555          4          0      15381   cmd.o
       460        128         57          0          0       4323   completion.o
       272         26          0          0          0        828   context_rvds.o
       400        188         19         16          0       3799   cpuport.o
      1064        118         75          0          0       4881   dataqueue.o
       924        158        183          0          0       5438   device.o
      6168        154          0          8          0       9970   finsh_compiler.o
        44         10        243         64          0       1773   finsh_error.o
       528         18          0          8        128       3487   finsh_heap.o
        88          6          0          0          0       1712   finsh_init.o
       388          4          0          0        320       3520   finsh_node.o
      2780         36        196          0          0       8944   finsh_ops.o
      2428         32          0          0          0       9825   finsh_parser.o
      1664         16        126          0          0       6352   finsh_token.o
       412         18          0          4        192       6449   finsh_var.o
       228         34          0         12        384       5532   finsh_vm.o
      1532         50       1655        200          0       6989   gpio.o
       328         76         22          4        384       4629   idle.o
      5724        422        471          0          0      21587   ipc.o
       124         14          0          9          0       1992   irq.o
      2736        228        290         12        128      12528   kservice.o
      2292        644        358         32         32       5643   mem.o
       492         74          0          0          0       2201   misc.o
       900        142        147          4          0       5019   msh.o
        34          0        159          0          0       2351   msh_cmd.o
       840        182        109        164          0       7748   object.o
       592         94        267          0         68       5099   pin.o
       772        150         78         28        256       6281   scheduler.o
      3204        412        298          0          0       9797   serial.o
      2576        276         91          4       4353       5672   shell.o
         0          0          0          0          0        968   signal.o
       184         88          0          0          0       1419   startup.o
        64         26        392          0       1536        932   startup_stm32f4xx.o
      5068        352          0          0          0       9121   stm32f4xx_dma.o
       780         70          0          0          0       2879   stm32f4xx_exti.o
      2326        132          0          0          0       5581   stm32f4xx_gpio.o
        16          0          0          0          0        872   stm32f4xx_it.o
      3452        262          0         16          0      13715   stm32f4xx_rcc.o
       388         72          0          0          0       1919   stm32f4xx_syscfg.o
      3764        164          0          0          0      10256   stm32f4xx_usart.o
       272         22         27          0          0       5184   stubs.o
         0          0          0         16          0       5105   symbol.o
       528         46          0         20          0       2131   system_stm32f4xx.o
      1680        296        185         12          0       9981   thread.o
      1116        100         92         16          0       8347   timer.o
      1184        108         92         32         84      33503   usart.o

    ----------------------------------------------------------------------
     67908       7250       7904        708       7868     604460   Object Totals
         0          0         32          0          0          0   (incl. Generated)
         4          0         14          3          3          0   (incl. Padding)

    ----------------------------------------------------------------------

      Code (inc. data)   RO Data    RW Data    ZI Data      Debug   Library Member Name

        90          0          0          0          0          0   __dczerorl2.o
         8          0          0          0          0         68   __main.o
         0          0          0          0          0          0   __rtentry.o
        12          0          0          0          0          0   __rtentry2.o
         6          0          0          0          0          0   __rtentry4.o
        52          8          0          0          0          0   __scatter.o
        28          0          0          0          0          0   __scatter_zi.o
        28          0          0          0          0         68   _chval.o
       158          0          0          0          0         92   _strtoul.o
        26          0          0          0          0         80   atoi.o
        18          0          0          0          0         80   exit.o
         6          0          0          0          0        152   heapauxi.o
        44         10        272          0          0         76   lc_ctype_c.o
         2          0          0          0          0          0   libinit.o
        24          0          0          0          0          0   libinit2.o
         2          0          0          0          0          0   libshutdown.o
         2          0          0          0          0          0   libshutdown2.o
         8          4          0          0         96         68   libspace.o
        88          0          0          0          0         76   memcmp.o
        16          4          0          0          0         76   rt_ctype_table.o
         8          4          0          0          0         68   rt_errno_addr_intlibspace.o
         8          4          0          0          0         68   rt_locale_intlibspace.o
        68          0          0          0          0         68   rt_memclr.o
        78          0          0          0          0         80   rt_memclr_w.o
       138          0          0          0          0         68   rt_memcpy_v6.o
       100          0          0          0          0         80   rt_memcpy_w.o
         2          0          0          0          0          0   rtexit.o
        10          0          0          0          0          0   rtexit2.o
        24          0          0          0          0         68   strcat.o
       128          0          0          0          0         68   strcmpv7m.o
        72          0          0          0          0         80   strcpy.o
        62          0          0          0          0         76   strlen.o
       150          0          0          0          0         80   strncmp.o
        86          0          0          0          0         76   strncpy.o
       112          0          0          0          0         88   strtol.o
        74          0          0          0          0         80   sys_stackheap_outer.o
         2          0          0          0          0         68   use_no_semi.o
        10          0          0          0          0        116   fpinit.o

    ----------------------------------------------------------------------
      1760         34        272          0         96       2068   Library Totals
        10          0          0          0          0          0   (incl. Padding)

    ----------------------------------------------------------------------

      Code (inc. data)   RO Data    RW Data    ZI Data      Debug   Library Name

      1740         34        272          0         96       1952   c_w.l
        10          0          0          0          0        116   fz_wm.l

    ----------------------------------------------------------------------
      1760         34        272          0         96       2068   Library Totals

    ----------------------------------------------------------------------

==============================================================================


      Code (inc. data)   RO Data    RW Data    ZI Data      Debug   

     69668       7284       8176        708       7964     596436   Grand Totals
     69668       7284       8176        188       7964     596436   ELF Image Totals (compressed)
     69668       7284       8176        188          0          0   ROM Totals

==============================================================================

    Total RO  Size (Code + RO Data)                77844 (  76.02kB)
    Total RW  Size (RW Data + ZI Data)              8672 (   8.47kB)
    Total ROM Size (Code + RO Data + RW Data)      78032 (  76.20kB)

==============================================================================

